Archive member included to satisfy reference by file (symbol)

c:/nxp/mcuxpressoide_10.2.1_795/ide/tools/bin/../lib/gcc/arm-none-eabi/7.2.1/../../../../arm-none-eabi/lib/thumb/v7e-m/fpv4-sp/hard\libcr_nohost_nf.a(_cr__main.o)
                              ./startup/startup_mk82f25615.o (__main)
c:/nxp/mcuxpressoide_10.2.1_795/ide/tools/bin/../lib/gcc/arm-none-eabi/7.2.1/../../../../arm-none-eabi/lib/thumb/v7e-m/fpv4-sp/hard\libcr_nohost_nf.a(_cr_assert.o)
                              ./utilities/fsl_debug_console.o (__assertion_failed)
c:/nxp/mcuxpressoide_10.2.1_795/ide/tools/bin/../lib/gcc/arm-none-eabi/7.2.1/../../../../arm-none-eabi/lib/thumb/v7e-m/fpv4-sp/hard\libcr_nohost_nf.a(__ciob.o)
                              c:/nxp/mcuxpressoide_10.2.1_795/ide/tools/bin/../lib/gcc/arm-none-eabi/7.2.1/../../../../arm-none-eabi/lib/thumb/v7e-m/fpv4-sp/hard\libcr_nohost_nf.a(_cr_assert.o) (__Ciob)
c:/nxp/mcuxpressoide_10.2.1_795/ide/tools/bin/../lib/gcc/arm-none-eabi/7.2.1/../../../../arm-none-eabi/lib/thumb/v7e-m/fpv4-sp/hard\libcr_nohost_nf.a(__sys_appexit.o)
                              c:/nxp/mcuxpressoide_10.2.1_795/ide/tools/bin/../lib/gcc/arm-none-eabi/7.2.1/../../../../arm-none-eabi/lib/thumb/v7e-m/fpv4-sp/hard\libcr_nohost_nf.a(_cr_assert.o) (__sys_appexit)
c:/nxp/mcuxpressoide_10.2.1_795/ide/tools/bin/../lib/gcc/arm-none-eabi/7.2.1/../../../../arm-none-eabi/lib/thumb/v7e-m/fpv4-sp/hard\libcr_c.a(memcpy.o)
                              ./drivers/fsl_ftfx_cache.o (memcpy)
c:/nxp/mcuxpressoide_10.2.1_795/ide/tools/bin/../lib/gcc/arm-none-eabi/7.2.1/../../../../arm-none-eabi/lib/thumb/v7e-m/fpv4-sp/hard\libcr_c.a(memset.o)
                              ./utilities/fsl_debug_console.o (memset)
c:/nxp/mcuxpressoide_10.2.1_795/ide/tools/bin/../lib/gcc/arm-none-eabi/7.2.1/../../../../arm-none-eabi/lib/thumb/v7e-m/fpv4-sp/hard\libcr_c.a(_deferredlazyseek.o)
                              c:/nxp/mcuxpressoide_10.2.1_795/ide/tools/bin/../lib/gcc/arm-none-eabi/7.2.1/../../../../arm-none-eabi/lib/thumb/v7e-m/fpv4-sp/hard\libcr_nohost_nf.a(_cr_assert.o) (__flsbuf)
c:/nxp/mcuxpressoide_10.2.1_795/ide/tools/bin/../lib/gcc/arm-none-eabi/7.2.1/../../../../arm-none-eabi/lib/thumb/v7e-m/fpv4-sp/hard\libcr_c.a(_fflush.o)
                              c:/nxp/mcuxpressoide_10.2.1_795/ide/tools/bin/../lib/gcc/arm-none-eabi/7.2.1/../../../../arm-none-eabi/lib/thumb/v7e-m/fpv4-sp/hard\libcr_c.a(_deferredlazyseek.o) (_fflush)
c:/nxp/mcuxpressoide_10.2.1_795/ide/tools/bin/../lib/gcc/arm-none-eabi/7.2.1/../../../../arm-none-eabi/lib/thumb/v7e-m/fpv4-sp/hard\libcr_c.a(_writebuf.o)
                              c:/nxp/mcuxpressoide_10.2.1_795/ide/tools/bin/../lib/gcc/arm-none-eabi/7.2.1/../../../../arm-none-eabi/lib/thumb/v7e-m/fpv4-sp/hard\libcr_c.a(_deferredlazyseek.o) (_Cwritebuf)
c:/nxp/mcuxpressoide_10.2.1_795/ide/tools/bin/../lib/gcc/arm-none-eabi/7.2.1/../../../../arm-none-eabi/lib/thumb/v7e-m/fpv4-sp/hard\libcr_c.a(alloc.o)
                              ./drivers/fsl_common.o (malloc)
c:/nxp/mcuxpressoide_10.2.1_795/ide/tools/bin/../lib/gcc/arm-none-eabi/7.2.1/../../../../arm-none-eabi/lib/thumb/v7e-m/fpv4-sp/hard\libcr_c.a(fputs.o)
                              c:/nxp/mcuxpressoide_10.2.1_795/ide/tools/bin/../lib/gcc/arm-none-eabi/7.2.1/../../../../arm-none-eabi/lib/thumb/v7e-m/fpv4-sp/hard\libcr_nohost_nf.a(_cr_assert.o) (fputs)
c:/nxp/mcuxpressoide_10.2.1_795/ide/tools/bin/../lib/gcc/arm-none-eabi/7.2.1/../../../../arm-none-eabi/lib/thumb/v7e-m/fpv4-sp/hard\libcr_c.a(fseek.o)
                              c:/nxp/mcuxpressoide_10.2.1_795/ide/tools/bin/../lib/gcc/arm-none-eabi/7.2.1/../../../../arm-none-eabi/lib/thumb/v7e-m/fpv4-sp/hard\libcr_c.a(_deferredlazyseek.o) (fseek)
c:/nxp/mcuxpressoide_10.2.1_795/ide/tools/bin/../lib/gcc/arm-none-eabi/7.2.1/../../../../arm-none-eabi/lib/thumb/v7e-m/fpv4-sp/hard\libcr_c.a(ftell.o)
                              c:/nxp/mcuxpressoide_10.2.1_795/ide/tools/bin/../lib/gcc/arm-none-eabi/7.2.1/../../../../arm-none-eabi/lib/thumb/v7e-m/fpv4-sp/hard\libcr_c.a(fseek.o) (ftell)
c:/nxp/mcuxpressoide_10.2.1_795/ide/tools/bin/../lib/gcc/arm-none-eabi/7.2.1/../../../../arm-none-eabi/lib/thumb/v7e-m/fpv4-sp/hard\libcr_c.a(initio.o)
                              c:/nxp/mcuxpressoide_10.2.1_795/ide/tools/bin/../lib/gcc/arm-none-eabi/7.2.1/../../../../arm-none-eabi/lib/thumb/v7e-m/fpv4-sp/hard\libcr_nohost_nf.a(_cr__main.o) (_initio)
c:/nxp/mcuxpressoide_10.2.1_795/ide/tools/bin/../lib/gcc/arm-none-eabi/7.2.1/../../../../arm-none-eabi/lib/thumb/v7e-m/fpv4-sp/hard\libcr_c.a(setvbuf.o)
                              c:/nxp/mcuxpressoide_10.2.1_795/ide/tools/bin/../lib/gcc/arm-none-eabi/7.2.1/../../../../arm-none-eabi/lib/thumb/v7e-m/fpv4-sp/hard\libcr_c.a(initio.o) (setvbuf)
c:/nxp/mcuxpressoide_10.2.1_795/ide/tools/bin/../lib/gcc/arm-none-eabi/7.2.1/../../../../arm-none-eabi/lib/thumb/v7e-m/fpv4-sp/hard\libcr_c.a(strlen.o)
                              ./utilities/fsl_str.o (strlen)
[...]
Memory Configuration

Name             Origin             Length             Attributes
PROGRAM_FLASH    0x00000000         0x00040000         xr
SRAM_UPPER       0x20000000         0x00030000         xrw
SRAM_LOWER       0x1fff0000         0x00010000         xrw
*default*        0x00000000         0xffffffff

Linker script and memory map

LOAD ./utilities/fsl_debug_console.o
LOAD ./utilities/fsl_io.o
LOAD ./utilities/fsl_log.o
LOAD ./utilities/fsl_str.o
LOAD ./startup/startup_mk82f25615.o
LOAD ./source/ftm.o
LOAD ./source/semihost_hardfault.o
LOAD ./drivers/fsl_clock.o
LOAD ./drivers/fsl_common.o
LOAD ./drivers/fsl_ftfx_cache.o
LOAD ./drivers/fsl_ftfx_controller.o
LOAD ./drivers/fsl_ftfx_flash.o
LOAD ./drivers/fsl_ftfx_flexnvm.o
LOAD ./drivers/fsl_ftm.o
LOAD ./drivers/fsl_gpio.o
LOAD ./drivers/fsl_i2c.o
LOAD ./drivers/fsl_lpuart.o
LOAD ./drivers/fsl_smc.o
LOAD ./board/board.o
LOAD ./board/clock_config.o
LOAD ./board/peripherals.o
LOAD ./board/pin_mux.o
LOAD ./CMSIS/system_MK82F25615.o
START GROUP
LOAD c:/nxp/mcuxpressoide_10.2.1_795/ide/tools/bin/../lib/gcc/arm-none-eabi/7.2.1/../../../../arm-none-eabi/lib/thumb/v7e-m/fpv4-sp/hard\libcr_nohost_nf.a
LOAD c:/nxp/mcuxpressoide_10.2.1_795/ide/tools/bin/../lib/gcc/arm-none-eabi/7.2.1/../../../../arm-none-eabi/lib/thumb/v7e-m/fpv4-sp/hard\libcr_c.a
LOAD c:/nxp/mcuxpressoide_10.2.1_795/ide/tools/bin/../lib/gcc/arm-none-eabi/7.2.1/thumb/v7e-m/fpv4-sp/hard\libcr_eabihelpers.a
END GROUP
                0x00000000                __base_PROGRAM_FLASH = 0x0
                0x00000000                __base_Flash = 0x0
                0x00040000                __top_PROGRAM_FLASH = 0x40000
                0x00040000                __top_Flash = 0x40000
                0x20000000                __base_SRAM_UPPER = 0x20000000
                0x20000000                __base_RAM = 0x20000000
                0x20030000                __top_SRAM_UPPER = 0x20030000
                0x20030000                __top_RAM = 0x20030000
                0x1fff0000                __base_SRAM_LOWER = 0x1fff0000
                0x1fff0000                __base_RAM2 = 0x1fff0000
                0x20000000                __top_SRAM_LOWER = 0x20000000
                0x20000000                __top_RAM2 = 0x20000000

.text           0x00000000     0x3a24
 FILL mask 0xff
                0x00000000                __vectors_start__ = ABSOLUTE (.)
 *(SORT_BY_ALIGNMENT(.isr_vector))
 .isr_vector    0x00000000      0x1e4 ./startup/startup_mk82f25615.o
                0x00000000                g_pfnVectors
                0x00000000                __Vectors
                0x000001e4                . = ALIGN (0x4)
                0x000001e4                __section_table_start = .
                0x000001e4                __data_section_table = .
                0x000001e4        0x4 LONG 0x3a24 LOADADDR (.data)
                0x000001e8        0x4 LONG 0x20000000 ADDR (.data)
                0x000001ec        0x4 LONG 0x10 SIZEOF (.data)
                0x000001f0        0x4 LONG 0x3a24 LOADADDR (.data_RAM2)
                0x000001f4        0x4 LONG 0x1fff0000 ADDR (.data_RAM2)
                0x000001f8        0x4 LONG 0x0 SIZEOF (.data_RAM2)
                0x000001fc                __data_section_table_end = .
                0x000001fc                __bss_section_table = .
                0x000001fc        0x4 LONG 0x20000010 ADDR (.bss)
                0x00000200        0x4 LONG 0x104 SIZEOF (.bss)
                0x00000204        0x4 LONG 0x1fff0000 ADDR (.bss_RAM2)
                0x00000208        0x4 LONG 0x0 SIZEOF (.bss_RAM2)
                0x0000020c                __bss_section_table_end = .
                0x0000020c                __section_table_end = .
 *(SORT_BY_ALIGNMENT(.after_vectors*))
 .after_vectors.reset
                0x0000020c       0x4c ./startup/startup_mk82f25615.o
                0x0000020c                ResetISR
 .after_vectors.init_data
                0x00000258       0x1e ./startup/startup_mk82f25615.o
                0x00000258                data_init
 .after_vectors.init_bss
                0x00000276       0x12 ./startup/startup_mk82f25615.o
                0x00000276                bss_init
 .after_vectors
                0x00000288       0x14 ./startup/startup_mk82f25615.o
                0x00000288                NMI_Handler
                0x0000028c                MemManage_Handler
                0x0000028e                BusFault_Handler
                0x00000290                UsageFault_Handler
                0x00000292                SVC_Handler
                0x00000294                DebugMon_Handler
                0x00000296                PendSV_Handler
                0x00000298                SysTick_Handler
                0x0000029a                Reserved119_DriverIRQHandler
                0x0000029a                Reserved101_DriverIRQHandler
                0x0000029a                DMA_Error_DriverIRQHandler
                0x0000029a                SPI1_DriverIRQHandler
                0x0000029a                PORTB_DriverIRQHandler
                0x0000029a                FTM1_DriverIRQHandler
                0x0000029a                Reserved100_DriverIRQHandler
                0x0000029a                TRNG0_DriverIRQHandler
                0x0000029a                FTM2_DriverIRQHandler
                0x0000029a                Reserved52_DriverIRQHandler
                0x0000029a                TPM2_DriverIRQHandler
                0x0000029a                Reserved112_DriverIRQHandler
                0x0000029a                SDHC_DriverIRQHandler
                0x0000029a                Reserved82_DriverIRQHandler
                0x0000029a                DMA7_DMA23_DriverIRQHandler
                0x0000029a                Reserved111_DriverIRQHandler
                0x0000029a                Reserved110_DriverIRQHandler
                0x0000029a                I2S0_Tx_DriverIRQHandler
                0x0000029a                TSI0_DriverIRQHandler
                0x0000029a                RTC_Seconds_DriverIRQHandler
                0x0000029a                Reserved109_DriverIRQHandler
                0x0000029a                LLWU_DriverIRQHandler
                0x0000029a                MCM_DriverIRQHandler
                0x0000029a                DMA14_DMA30_DriverIRQHandler
                0x0000029a                MCG_DriverIRQHandler
                0x0000029a                FLEXIO0_DriverIRQHandler
                0x0000029a                DMA13_DMA29_DriverIRQHandler
                0x0000029a                CMP1_DriverIRQHandler
                0x0000029a                QuadSPI0_DriverIRQHandler
                0x0000029a                DMA0_DMA16_DriverIRQHandler
                0x0000029a                FTFA_DriverIRQHandler
                0x0000029a                FTM0_DriverIRQHandler
                0x0000029a                IntDefaultHandler
                0x0000029a                USB0_DriverIRQHandler
                0x0000029a                PORTC_DriverIRQHandler
                0x0000029a                DMA2_DMA18_DriverIRQHandler
                0x0000029a                DAC0_DriverIRQHandler
                0x0000029a                Reserved114_DriverIRQHandler
                0x0000029a                SPI2_DriverIRQHandler
                0x0000029a                LVD_LVW_DriverIRQHandler
                0x0000029a                Reserved84_DriverIRQHandler
                0x0000029a                USBDCD_DriverIRQHandler
                0x0000029a                Reserved117_DriverIRQHandler
                0x0000029a                DMA12_DMA28_DriverIRQHandler
                0x0000029a                LPTMR0_LPTMR1_DriverIRQHandler
                0x0000029a                DMA10_DMA26_DriverIRQHandler
                0x0000029a                Reserved91_DriverIRQHandler
                0x0000029a                CMT_DriverIRQHandler
                0x0000029a                Reserved71_DriverIRQHandler
                0x0000029a                PORTA_DriverIRQHandler
                0x0000029a                DMA1_DMA17_DriverIRQHandler
                0x0000029a                Reserved92_DriverIRQHandler
                0x0000029a                TPM1_DriverIRQHandler
                0x0000029a                WDOG_EWM_DriverIRQHandler
                0x0000029a                Reserved89_DriverIRQHandler
                0x0000029a                PDB0_DriverIRQHandler
                0x0000029a                Reserved95_DriverIRQHandler
                0x0000029a                Reserved83_DriverIRQHandler
                0x0000029a                DMA8_DMA24_DriverIRQHandler
                0x0000029a                Reserved93_DriverIRQHandler
                0x0000029a                DMA6_DMA22_DriverIRQHandler
                0x0000029a                RTC_DriverIRQHandler
                0x0000029a                I2S0_Rx_DriverIRQHandler
                0x0000029a                Read_Collision_DriverIRQHandler
                0x0000029a                SWI_DriverIRQHandler
                0x0000029a                Reserved99_DriverIRQHandler
                0x0000029a                Reserved102_DriverIRQHandler
                0x0000029a                Reserved51_DriverIRQHandler
                0x0000029a                EMVSIM0_DriverIRQHandler
                0x0000029a                PIT0CH3_DriverIRQHandler
                0x0000029a                DMA11_DMA27_DriverIRQHandler
                0x0000029a                Reserved94_DriverIRQHandler
                0x0000029a                PIT0CH2_DriverIRQHandler
                0x0000029a                DMA4_DMA20_DriverIRQHandler
                0x0000029a                DMA9_DMA25_DriverIRQHandler
                0x0000029a                Reserved118_DriverIRQHandler
                0x0000029a                Reserved96_DriverIRQHandler
                0x0000029a                DMA3_DMA19_DriverIRQHandler
                0x0000029a                Reserved85_DriverIRQHandler
                0x0000029a                LTC0_DriverIRQHandler
                0x0000029a                SPI0_DriverIRQHandler
                0x0000029a                Reserved88_DriverIRQHandler
                0x0000029a                ADC0_DriverIRQHandler
                0x0000029a                Reserved113_DriverIRQHandler
                0x0000029a                CMP0_DriverIRQHandler
                0x0000029a                Reserved98_DriverIRQHandler
                0x0000029a                FTM3_DriverIRQHandler
                0x0000029a                EMVSIM1_DriverIRQHandler
                0x0000029a                Reserved106_DriverIRQHandler
                0x0000029a                DMA5_DMA21_DriverIRQHandler
                0x0000029a                Reserved115_DriverIRQHandler
                0x0000029a                PIT0CH1_DriverIRQHandler
                0x0000029a                DMA15_DMA31_DriverIRQHandler
                0x0000029a                PIT0CH0_DriverIRQHandler
                0x0000029a                PORTD_DriverIRQHandler
                0x0000029a                PORTE_DriverIRQHandler
                0x0000029a                Reserved108_DriverIRQHandler
                0x00000400                . = 0x400
 *fill*         0x0000029c      0x164 ff
                0x00000400                PROVIDE (__FLASH_CONFIG_START__, .)
 *(SORT_BY_ALIGNMENT(.FlashConfig))
 .FlashConfig   0x00000400       0x10 ./startup/startup_mk82f25615.o
                0x00000400                Flash_Config
                0x00000410                PROVIDE (__FLASH_CONFIG_END__, .)
                0x00000001                ASSERT (! ((__FLASH_CONFIG_START__ == __FLASH_CONFIG_END__)), Linker Flash Config Support Enabled, but no .FlashConfig section provided within application)
 *(SORT_BY_ALIGNMENT(.text*))
 .text.DbgConsole_Init
                0x00000410       0x38 ./utilities/fsl_debug_console.o
                0x00000410                DbgConsole_Init
 .text.IO_Init  0x00000448       0x7c ./utilities/fsl_io.o
                0x00000448                IO_Init
 .text.FTM0_IRQHandler
                0x000004c4       0x98 ./source/ftm.o
                0x000004c4                FTM0_IRQHandler
 .text.CLOCK_SetEr32kClock
                0x0000055c       0x30 ./drivers/fsl_clock.o
 .text.CLOCK_SetPllFllSelClock
                0x0000058c       0x58 ./drivers/fsl_clock.o
 .text.CLOCK_GetMcgExtClkFreq
                0x000005e4       0x78 ./drivers/fsl_clock.o
 .text.CLOCK_GetFllExtRefClkFreq
                0x0000065c       0xd0 ./drivers/fsl_clock.o
 .text.CLOCK_GetInternalRefClkSelectFreq
                0x0000072c       0x44 ./drivers/fsl_clock.o
 .text.CLOCK_GetFllRefClkFreq
                0x00000770       0x2c ./drivers/fsl_clock.o
 .text.CLOCK_GetOscRangeFromFreq
                0x0000079c       0x3c ./drivers/fsl_clock.o
 .text.CLOCK_GetOsc0ErClkUndivFreq
                0x000007d8       0x38 ./drivers/fsl_clock.o
                0x000007d8                CLOCK_GetOsc0ErClkUndivFreq
 .text.CLOCK_GetOsc0ErClkDivFreq
                0x00000810       0x48 ./drivers/fsl_clock.o
                0x00000810                CLOCK_GetOsc0ErClkDivFreq
 .text.CLOCK_GetEr32kClkFreq
                0x00000858       0x70 ./drivers/fsl_clock.o
                0x00000858                CLOCK_GetEr32kClkFreq
 .text.CLOCK_GetPllFllSelClkFreq
                0x000008c8       0x84 ./drivers/fsl_clock.o
                0x000008c8                CLOCK_GetPllFllSelClkFreq
 .text.CLOCK_GetFreq
                0x0000094c      0x150 ./drivers/fsl_clock.o
                0x0000094c                CLOCK_GetFreq
 .text.CLOCK_SetSimConfig
                0x00000a9c       0x44 ./drivers/fsl_clock.o
                0x00000a9c                CLOCK_SetSimConfig
 .text.CLOCK_GetOutClkFreq
                0x00000ae0       0x64 ./drivers/fsl_clock.o
                0x00000ae0                CLOCK_GetOutClkFreq
 .text.CLOCK_GetFllFreq
                0x00000b44       0x7c ./drivers/fsl_clock.o
                0x00000b44                CLOCK_GetFllFreq
 .text.CLOCK_GetInternalRefClkFreq
                0x00000bc0       0x24 ./drivers/fsl_clock.o
                0x00000bc0                CLOCK_GetInternalRefClkFreq
 .text.CLOCK_GetPll0Freq
                0x00000be4       0x6c ./drivers/fsl_clock.o
                0x00000be4                CLOCK_GetPll0Freq
 .text.CLOCK_SetExternalRefClkConfig
                0x00000c50       0x6c ./drivers/fsl_clock.o
                0x00000c50                CLOCK_SetExternalRefClkConfig
 .text.CLOCK_SetInternalRefClkConfig
                0x00000cbc      0x104 ./drivers/fsl_clock.o
                0x00000cbc                CLOCK_SetInternalRefClkConfig
 .text.CLOCK_EnablePll0
                0x00000dc0       0x84 ./drivers/fsl_clock.o
                0x00000dc0                CLOCK_EnablePll0
 .text.CLOCK_InitOsc0
                0x00000e44       0x8c ./drivers/fsl_clock.o
                0x00000e44                CLOCK_InitOsc0
 .text.CLOCK_SetPbeMode
                0x00000ed0       0xa8 ./drivers/fsl_clock.o
                0x00000ed0                CLOCK_SetPbeMode
 .text.CLOCK_BootToPeeMode
                0x00000f78       0x64 ./drivers/fsl_clock.o
                0x00000f78                CLOCK_BootToPeeMode
 .text.FTM_GetInstance
                0x00000fdc       0x54 ./drivers/fsl_ftm.o
 .text.FTM_SetPwmSync
                0x00001030      0x11c ./drivers/fsl_ftm.o
 .text.FTM_SetReloadPoints
                0x0000114c      0x174 ./drivers/fsl_ftm.o
 .text.FTM_Init
                0x000012c0       0xf4 ./drivers/fsl_ftm.o
                0x000012c0                FTM_Init
 .text.FTM_SetupPwm
                0x000013b4      0x2fc ./drivers/fsl_ftm.o
                0x000013b4                FTM_SetupPwm
 .text.I2C_TransferCommonIRQHandler
                0x000016b0       0x50 ./drivers/fsl_i2c.o
 .text.I2C0_DriverIRQHandler
                0x00001700       0x1c ./drivers/fsl_i2c.o
                0x00001700                I2C0_DriverIRQHandler
 .text.I2C1_DriverIRQHandler
                0x0000171c       0x1c ./drivers/fsl_i2c.o
                0x0000171c                I2C1_DriverIRQHandler
 .text.I2C2_DriverIRQHandler
                0x00001738       0x1c ./drivers/fsl_i2c.o
                0x00001738                I2C2_DriverIRQHandler
 .text.I2C3_DriverIRQHandler
                0x00001754       0x1c ./drivers/fsl_i2c.o
                0x00001754                I2C3_DriverIRQHandler
 .text.LPUART_GetInstance
                0x00001770       0x4c ./drivers/fsl_lpuart.o
                0x00001770                LPUART_GetInstance
 .text.LPUART_Init
                0x000017bc      0x378 ./drivers/fsl_lpuart.o
                0x000017bc                LPUART_Init
 .text.LPUART_GetDefaultConfig
                0x00001b34       0x7c ./drivers/fsl_lpuart.o
                0x00001b34                LPUART_GetDefaultConfig
 .text.LPUART0_DriverIRQHandler
                0x00001bb0       0x28 ./drivers/fsl_lpuart.o
                0x00001bb0                LPUART0_DriverIRQHandler
 .text.LPUART1_DriverIRQHandler
                0x00001bd8       0x28 ./drivers/fsl_lpuart.o
                0x00001bd8                LPUART1_DriverIRQHandler
 .text.LPUART2_DriverIRQHandler
                0x00001c00       0x28 ./drivers/fsl_lpuart.o
                0x00001c00                LPUART2_DriverIRQHandler
 .text.LPUART3_DriverIRQHandler
                0x00001c28       0x28 ./drivers/fsl_lpuart.o
                0x00001c28                LPUART3_DriverIRQHandler
 .text.LPUART4_DriverIRQHandler
                0x00001c50       0x28 ./drivers/fsl_lpuart.o
                0x00001c50                LPUART4_DriverIRQHandler
 .text.CLOCK_SetLpuartClock
                0x00001c78       0x3c ./board/board.o
 .text.BOARD_InitDebugConsole
                0x00001cb4       0x2c ./board/board.o
                0x00001cb4                BOARD_InitDebugConsole
 .text.CLOCK_SetSimSafeDivs
                0x00001ce0       0x20 ./board/clock_config.o
 .text.CLOCK_SetXtal0Freq
                0x00001d00       0x20 ./board/clock_config.o
 .text.CLOCK_CONFIG_SetFllExtRefDiv
                0x00001d20       0x3c ./board/clock_config.o
 .text.BOARD_BootClockRUN
                0x00001d5c       0x60 ./board/clock_config.o
                0x00001d5c                BOARD_BootClockRUN
 .text.__NVIC_EnableIRQ
                0x00001dbc       0x3c ./board/peripherals.o
 .text.__NVIC_SetPriority
                0x00001df8       0x54 ./board/peripherals.o
 .text.FTM_0_init
                0x00001e4c       0x5c ./board/peripherals.o
                0x00001e4c                FTM_0_init
 .text.PORT_SetPinConfig
                0x00001ea8       0x38 ./board/pin_mux.o
 .text.BOARD_InitPins
                0x00001ee0       0x3c ./board/pin_mux.o
                0x00001ee0                BOARD_InitPins
 .text.BOARD_InitDEBUG_UART
                0x00001f1c       0x50 ./board/pin_mux.o
                0x00001f1c                BOARD_InitDEBUG_UART
 .text.SystemInit
                0x00001f6c       0x3c ./CMSIS/system_MK82F25615.o
                0x00001f6c                SystemInit
 .text.__assertion_failed
                0x00001fa8       0x4c c:/nxp/mcuxpressoide_10.2.1_795/ide/tools/bin/../lib/gcc/arm-none-eabi/7.2.1/../../../../arm-none-eabi/lib/thumb/v7e-m/fpv4-sp/hard\libcr_nohost_nf.a(_cr_assert.o)
                0x00001fa8                __assertion_failed
 .text._Cwritebuf
                0x00001ff4       0x6c c:/nxp/mcuxpressoide_10.2.1_795/ide/tools/bin/../lib/gcc/arm-none-eabi/7.2.1/../../../../arm-none-eabi/lib/thumb/v7e-m/fpv4-sp/hard\libcr_c.a(_writebuf.o)
                0x00001ff4                _Cwritebuf
 .text.malloc   0x00002060       0xc8 c:/nxp/mcuxpressoide_10.2.1_795/ide/tools/bin/../lib/gcc/arm-none-eabi/7.2.1/../../../../arm-none-eabi/lib/thumb/v7e-m/fpv4-sp/hard\libcr_c.a(alloc.o)
                0x00002060                malloc
 .text._Csys_alloc
                0x00002128       0x20 c:/nxp/mcuxpressoide_10.2.1_795/ide/tools/bin/../lib/gcc/arm-none-eabi/7.2.1/../../../../arm-none-eabi/lib/thumb/v7e-m/fpv4-sp/hard\libcr_c.a(alloc.o)
                0x00002128                _Csys_alloc
 .text.fseek    0x00002148      0x100 c:/nxp/mcuxpressoide_10.2.1_795/ide/tools/bin/../lib/gcc/arm-none-eabi/7.2.1/../../../../arm-none-eabi/lib/thumb/v7e-m/fpv4-sp/hard\libcr_c.a(fseek.o)
                0x00002148                fseek
 .text.ftell    0x00002248       0x44 c:/nxp/mcuxpressoide_10.2.1_795/ide/tools/bin/../lib/gcc/arm-none-eabi/7.2.1/../../../../arm-none-eabi/lib/thumb/v7e-m/fpv4-sp/hard\libcr_c.a(ftell.o)
                0x00002248                ftell
 .text._initio  0x0000228c       0x78 c:/nxp/mcuxpressoide_10.2.1_795/ide/tools/bin/../lib/gcc/arm-none-eabi/7.2.1/../../../../arm-none-eabi/lib/thumb/v7e-m/fpv4-sp/hard\libcr_c.a(initio.o)
                0x0000228c                _initio
 .text.setvbuf  0x00002304       0x40 c:/nxp/mcuxpressoide_10.2.1_795/ide/tools/bin/../lib/gcc/arm-none-eabi/7.2.1/../../../../arm-none-eabi/lib/thumb/v7e-m/fpv4-sp/hard\libcr_c.a(setvbuf.o)
                0x00002304                setvbuf
 .text._sbrk    0x00002344       0x3c c:/nxp/mcuxpressoide_10.2.1_795/ide/tools/bin/../lib/gcc/arm-none-eabi/7.2.1/../../../../arm-none-eabi/lib/thumb/v7e-m/fpv4-sp/hard\libcr_c.a(_cr_sbrk.o)
                0x00002344                _sbrk
 .text.fflush   0x00002380       0x44 c:/nxp/mcuxpressoide_10.2.1_795/ide/tools/bin/../lib/gcc/arm-none-eabi/7.2.1/../../../../arm-none-eabi/lib/thumb/v7e-m/fpv4-sp/hard\libcr_c.a(fflush.o)
                0x00002380                fflush
 .text.__check_heap_overflow
                0x000023c4       0x18 c:/nxp/mcuxpressoide_10.2.1_795/ide/tools/bin/../lib/gcc/arm-none-eabi/7.2.1/../../../../arm-none-eabi/lib/thumb/v7e-m/fpv4-sp/hard\libcr_c.a(_cr_check_heap.o)
                0x000023c4                __check_heap_overflow
 .text.LPUART_EnableTx
                0x000023dc       0x38 ./utilities/fsl_io.o
 .text.LPUART_EnableRx
                0x00002414       0x38 ./utilities/fsl_io.o
 .text.LOG_Init
                0x0000244c       0x30 ./utilities/fsl_log.o
                0x0000244c                LOG_Init
 .text.DMA0_DMA16_IRQHandler
                0x0000247c        0x8 ./startup/startup_mk82f25615.o
                0x0000247c                DMA0_DMA16_IRQHandler
 .text.DMA1_DMA17_IRQHandler
                0x00002484        0x8 ./startup/startup_mk82f25615.o
                0x00002484                DMA1_DMA17_IRQHandler
 .text.DMA2_DMA18_IRQHandler
                0x0000248c        0x8 ./startup/startup_mk82f25615.o
                0x0000248c                DMA2_DMA18_IRQHandler
 .text.DMA3_DMA19_IRQHandler
                0x00002494        0x8 ./startup/startup_mk82f25615.o
                0x00002494                DMA3_DMA19_IRQHandler
 .text.DMA4_DMA20_IRQHandler
                0x0000249c        0x8 ./startup/startup_mk82f25615.o
                0x0000249c                DMA4_DMA20_IRQHandler
 .text.DMA5_DMA21_IRQHandler
                0x000024a4        0x8 ./startup/startup_mk82f25615.o
                0x000024a4                DMA5_DMA21_IRQHandler
 .text.DMA6_DMA22_IRQHandler
                0x000024ac        0x8 ./startup/startup_mk82f25615.o
                0x000024ac                DMA6_DMA22_IRQHandler
 .text.DMA7_DMA23_IRQHandler
                0x000024b4        0x8 ./startup/startup_mk82f25615.o
                0x000024b4                DMA7_DMA23_IRQHandler
 .text.DMA8_DMA24_IRQHandler
                0x000024bc        0x8 ./startup/startup_mk82f25615.o
                0x000024bc                DMA8_DMA24_IRQHandler
 .text.DMA9_DMA25_IRQHandler
                0x000024c4        0x8 ./startup/startup_mk82f25615.o
                0x000024c4                DMA9_DMA25_IRQHandler
 .text.DMA10_DMA26_IRQHandler
                0x000024cc        0x8 ./startup/startup_mk82f25615.o
                0x000024cc                DMA10_DMA26_IRQHandler
 .text.DMA11_DMA27_IRQHandler
                0x000024d4        0x8 ./startup/startup_mk82f25615.o
                0x000024d4                DMA11_DMA27_IRQHandler
 .text.DMA12_DMA28_IRQHandler
                0x000024dc        0x8 ./startup/startup_mk82f25615.o
                0x000024dc                DMA12_DMA28_IRQHandler
 .text.DMA13_DMA29_IRQHandler
                0x000024e4        0x8 ./startup/startup_mk82f25615.o
                0x000024e4                DMA13_DMA29_IRQHandler
 .text.DMA14_DMA30_IRQHandler
                0x000024ec        0x8 ./startup/startup_mk82f25615.o
                0x000024ec                DMA14_DMA30_IRQHandler
 .text.DMA15_DMA31_IRQHandler
                0x000024f4        0x8 ./startup/startup_mk82f25615.o
                0x000024f4                DMA15_DMA31_IRQHandler
 .text.DMA_Error_IRQHandler
                0x000024fc        0x8 ./startup/startup_mk82f25615.o
                0x000024fc                DMA_Error_IRQHandler
 .text.MCM_IRQHandler
                0x00002504        0x8 ./startup/startup_mk82f25615.o
                0x00002504                MCM_IRQHandler
 .text.FTFA_IRQHandler
                0x0000250c        0x8 ./startup/startup_mk82f25615.o
                0x0000250c                FTFA_IRQHandler
 .text.Read_Collision_IRQHandler
                0x00002514        0x8 ./startup/startup_mk82f25615.o
                0x00002514                Read_Collision_IRQHandler
 .text.LVD_LVW_IRQHandler
                0x0000251c        0x8 ./startup/startup_mk82f25615.o
                0x0000251c                LVD_LVW_IRQHandler
 .text.LLWU_IRQHandler
                0x00002524        0x8 ./startup/startup_mk82f25615.o
                0x00002524                LLWU_IRQHandler
 .text.WDOG_EWM_IRQHandler
                0x0000252c        0x8 ./startup/startup_mk82f25615.o
                0x0000252c                WDOG_EWM_IRQHandler
 .text.TRNG0_IRQHandler
                0x00002534        0x8 ./startup/startup_mk82f25615.o
                0x00002534                TRNG0_IRQHandler
 .text.I2C0_IRQHandler
                0x0000253c        0x8 ./startup/startup_mk82f25615.o
                0x0000253c                I2C0_IRQHandler
 .text.I2C1_IRQHandler
                0x00002544        0x8 ./startup/startup_mk82f25615.o
                0x00002544                I2C1_IRQHandler
 .text.SPI0_IRQHandler
                0x0000254c        0x8 ./startup/startup_mk82f25615.o
                0x0000254c                SPI0_IRQHandler
 .text.SPI1_IRQHandler
                0x00002554        0x8 ./startup/startup_mk82f25615.o
                0x00002554                SPI1_IRQHandler
 .text.I2S0_Tx_IRQHandler
                0x0000255c        0x8 ./startup/startup_mk82f25615.o
                0x0000255c                I2S0_Tx_IRQHandler
 .text.I2S0_Rx_IRQHandler
                0x00002564        0x8 ./startup/startup_mk82f25615.o
                0x00002564                I2S0_Rx_IRQHandler
 .text.LPUART0_IRQHandler
                0x0000256c        0x8 ./startup/startup_mk82f25615.o
                0x0000256c                LPUART0_IRQHandler
 .text.LPUART1_IRQHandler
                0x00002574        0x8 ./startup/startup_mk82f25615.o
                0x00002574                LPUART1_IRQHandler
 .text.LPUART2_IRQHandler
                0x0000257c        0x8 ./startup/startup_mk82f25615.o
                0x0000257c                LPUART2_IRQHandler
 .text.LPUART3_IRQHandler
                0x00002584        0x8 ./startup/startup_mk82f25615.o
                0x00002584                LPUART3_IRQHandler
 .text.LPUART4_IRQHandler
                0x0000258c        0x8 ./startup/startup_mk82f25615.o
                0x0000258c                LPUART4_IRQHandler
 .text.Reserved51_IRQHandler
                0x00002594        0x8 ./startup/startup_mk82f25615.o
                0x00002594                Reserved51_IRQHandler
 .text.Reserved52_IRQHandler
                0x0000259c        0x8 ./startup/startup_mk82f25615.o
                0x0000259c                Reserved52_IRQHandler
 .text.EMVSIM0_IRQHandler
                0x000025a4        0x8 ./startup/startup_mk82f25615.o
                0x000025a4                EMVSIM0_IRQHandler
 .text.EMVSIM1_IRQHandler
                0x000025ac        0x8 ./startup/startup_mk82f25615.o
                0x000025ac                EMVSIM1_IRQHandler
 .text.ADC0_IRQHandler
                0x000025b4        0x8 ./startup/startup_mk82f25615.o
                0x000025b4                ADC0_IRQHandler
 .text.CMP0_IRQHandler
                0x000025bc        0x8 ./startup/startup_mk82f25615.o
                0x000025bc                CMP0_IRQHandler
 .text.CMP1_IRQHandler
                0x000025c4        0x8 ./startup/startup_mk82f25615.o
                0x000025c4                CMP1_IRQHandler
 .text.FTM1_IRQHandler
                0x000025cc        0x8 ./startup/startup_mk82f25615.o
                0x000025cc                FTM1_IRQHandler
 .text.FTM2_IRQHandler
                0x000025d4        0x8 ./startup/startup_mk82f25615.o
                0x000025d4                FTM2_IRQHandler
 .text.CMT_IRQHandler
                0x000025dc        0x8 ./startup/startup_mk82f25615.o
                0x000025dc                CMT_IRQHandler
 .text.RTC_IRQHandler
                0x000025e4        0x8 ./startup/startup_mk82f25615.o
                0x000025e4                RTC_IRQHandler
 .text.RTC_Seconds_IRQHandler
                0x000025ec        0x8 ./startup/startup_mk82f25615.o
                0x000025ec                RTC_Seconds_IRQHandler
 .text.PIT0CH0_IRQHandler
                0x000025f4        0x8 ./startup/startup_mk82f25615.o
                0x000025f4                PIT0CH0_IRQHandler
 .text.PIT0CH1_IRQHandler
                0x000025fc        0x8 ./startup/startup_mk82f25615.o
                0x000025fc                PIT0CH1_IRQHandler
 .text.PIT0CH2_IRQHandler
                0x00002604        0x8 ./startup/startup_mk82f25615.o
                0x00002604                PIT0CH2_IRQHandler
 .text.PIT0CH3_IRQHandler
                0x0000260c        0x8 ./startup/startup_mk82f25615.o
                0x0000260c                PIT0CH3_IRQHandler
 .text.PDB0_IRQHandler
                0x00002614        0x8 ./startup/startup_mk82f25615.o
                0x00002614                PDB0_IRQHandler
 .text.USB0_IRQHandler
                0x0000261c        0x8 ./startup/startup_mk82f25615.o
                0x0000261c                USB0_IRQHandler
 .text.USBDCD_IRQHandler
                0x00002624        0x8 ./startup/startup_mk82f25615.o
                0x00002624                USBDCD_IRQHandler
 .text.Reserved71_IRQHandler
                0x0000262c        0x8 ./startup/startup_mk82f25615.o
                0x0000262c                Reserved71_IRQHandler
 .text.DAC0_IRQHandler
                0x00002634        0x8 ./startup/startup_mk82f25615.o
                0x00002634                DAC0_IRQHandler
 .text.MCG_IRQHandler
                0x0000263c        0x8 ./startup/startup_mk82f25615.o
                0x0000263c                MCG_IRQHandler
 .text.LPTMR0_LPTMR1_IRQHandler
                0x00002644        0x8 ./startup/startup_mk82f25615.o
                0x00002644                LPTMR0_LPTMR1_IRQHandler
 .text.PORTA_IRQHandler
                0x0000264c        0x8 ./startup/startup_mk82f25615.o
                0x0000264c                PORTA_IRQHandler
 .text.PORTB_IRQHandler
                0x00002654        0x8 ./startup/startup_mk82f25615.o
                0x00002654                PORTB_IRQHandler
 .text.PORTC_IRQHandler
                0x0000265c        0x8 ./startup/startup_mk82f25615.o
                0x0000265c                PORTC_IRQHandler
 .text.PORTD_IRQHandler
                0x00002664        0x8 ./startup/startup_mk82f25615.o
                0x00002664                PORTD_IRQHandler
 .text.PORTE_IRQHandler
                0x0000266c        0x8 ./startup/startup_mk82f25615.o
                0x0000266c                PORTE_IRQHandler
 .text.SWI_IRQHandler
                0x00002674        0x8 ./startup/startup_mk82f25615.o
                0x00002674                SWI_IRQHandler
 .text.SPI2_IRQHandler
                0x0000267c        0x8 ./startup/startup_mk82f25615.o
                0x0000267c                SPI2_IRQHandler
 .text.Reserved82_IRQHandler
                0x00002684        0x8 ./startup/startup_mk82f25615.o
                0x00002684                Reserved82_IRQHandler
 .text.Reserved83_IRQHandler
                0x0000268c        0x8 ./startup/startup_mk82f25615.o
                0x0000268c                Reserved83_IRQHandler
 .text.Reserved84_IRQHandler
                0x00002694        0x8 ./startup/startup_mk82f25615.o
                0x00002694                Reserved84_IRQHandler
 .text.Reserved85_IRQHandler
                0x0000269c        0x8 ./startup/startup_mk82f25615.o
                0x0000269c                Reserved85_IRQHandler
 .text.FLEXIO0_IRQHandler
                0x000026a4        0x8 ./startup/startup_mk82f25615.o
                0x000026a4                FLEXIO0_IRQHandler
 .text.FTM3_IRQHandler
                0x000026ac        0x8 ./startup/startup_mk82f25615.o
                0x000026ac                FTM3_IRQHandler
 .text.Reserved88_IRQHandler
                0x000026b4        0x8 ./startup/startup_mk82f25615.o
                0x000026b4                Reserved88_IRQHandler
 .text.Reserved89_IRQHandler
                0x000026bc        0x8 ./startup/startup_mk82f25615.o
                0x000026bc                Reserved89_IRQHandler
 .text.I2C2_IRQHandler
                0x000026c4        0x8 ./startup/startup_mk82f25615.o
                0x000026c4                I2C2_IRQHandler
 .text.Reserved91_IRQHandler
                0x000026cc        0x8 ./startup/startup_mk82f25615.o
                0x000026cc                Reserved91_IRQHandler
 .text.Reserved92_IRQHandler
                0x000026d4        0x8 ./startup/startup_mk82f25615.o
                0x000026d4                Reserved92_IRQHandler
 .text.Reserved93_IRQHandler
                0x000026dc        0x8 ./startup/startup_mk82f25615.o
                0x000026dc                Reserved93_IRQHandler
 .text.Reserved94_IRQHandler
                0x000026e4        0x8 ./startup/startup_mk82f25615.o
                0x000026e4                Reserved94_IRQHandler
 .text.Reserved95_IRQHandler
                0x000026ec        0x8 ./startup/startup_mk82f25615.o
                0x000026ec                Reserved95_IRQHandler
 .text.Reserved96_IRQHandler
                0x000026f4        0x8 ./startup/startup_mk82f25615.o
                0x000026f4                Reserved96_IRQHandler
 .text.SDHC_IRQHandler
                0x000026fc        0x8 ./startup/startup_mk82f25615.o
                0x000026fc                SDHC_IRQHandler
 .text.Reserved98_IRQHandler
                0x00002704        0x8 ./startup/startup_mk82f25615.o
                0x00002704                Reserved98_IRQHandler
 .text.Reserved99_IRQHandler
                0x0000270c        0x8 ./startup/startup_mk82f25615.o
                0x0000270c                Reserved99_IRQHandler
 .text.Reserved100_IRQHandler
                0x00002714        0x8 ./startup/startup_mk82f25615.o
                0x00002714                Reserved100_IRQHandler
 .text.Reserved101_IRQHandler
                0x0000271c        0x8 ./startup/startup_mk82f25615.o
                0x0000271c                Reserved101_IRQHandler
 .text.Reserved102_IRQHandler
                0x00002724        0x8 ./startup/startup_mk82f25615.o
                0x00002724                Reserved102_IRQHandler
 .text.TSI0_IRQHandler
                0x0000272c        0x8 ./startup/startup_mk82f25615.o
                0x0000272c                TSI0_IRQHandler
 .text.TPM1_IRQHandler
                0x00002734        0x8 ./startup/startup_mk82f25615.o
                0x00002734                TPM1_IRQHandler
 .text.TPM2_IRQHandler
                0x0000273c        0x8 ./startup/startup_mk82f25615.o
                0x0000273c                TPM2_IRQHandler
 .text.Reserved106_IRQHandler
                0x00002744        0x8 ./startup/startup_mk82f25615.o
                0x00002744                Reserved106_IRQHandler
 .text.I2C3_IRQHandler
                0x0000274c        0x8 ./startup/startup_mk82f25615.o
                0x0000274c                I2C3_IRQHandler
 .text.Reserved108_IRQHandler
                0x00002754        0x8 ./startup/startup_mk82f25615.o
                0x00002754                Reserved108_IRQHandler
 .text.Reserved109_IRQHandler
                0x0000275c        0x8 ./startup/startup_mk82f25615.o
                0x0000275c                Reserved109_IRQHandler
 .text.Reserved110_IRQHandler
                0x00002764        0x8 ./startup/startup_mk82f25615.o
                0x00002764                Reserved110_IRQHandler
 .text.Reserved111_IRQHandler
                0x0000276c        0x8 ./startup/startup_mk82f25615.o
                0x0000276c                Reserved111_IRQHandler
 .text.Reserved112_IRQHandler
                0x00002774        0x8 ./startup/startup_mk82f25615.o
                0x00002774                Reserved112_IRQHandler
 .text.Reserved113_IRQHandler
                0x0000277c        0x8 ./startup/startup_mk82f25615.o
                0x0000277c                Reserved113_IRQHandler
 .text.Reserved114_IRQHandler
                0x00002784        0x8 ./startup/startup_mk82f25615.o
                0x00002784                Reserved114_IRQHandler
 .text.Reserved115_IRQHandler
                0x0000278c        0x8 ./startup/startup_mk82f25615.o
                0x0000278c                Reserved115_IRQHandler
 .text.QuadSPI0_IRQHandler
                0x00002794        0x8 ./startup/startup_mk82f25615.o
                0x00002794                QuadSPI0_IRQHandler
 .text.Reserved117_IRQHandler
                0x0000279c        0x8 ./startup/startup_mk82f25615.o
                0x0000279c                Reserved117_IRQHandler
 .text.Reserved118_IRQHandler
                0x000027a4        0x8 ./startup/startup_mk82f25615.o
                0x000027a4                Reserved118_IRQHandler
 .text.Reserved119_IRQHandler
                0x000027ac        0x8 ./startup/startup_mk82f25615.o
                0x000027ac                Reserved119_IRQHandler
 .text.LTC0_IRQHandler
                0x000027b4        0x8 ./startup/startup_mk82f25615.o
                0x000027b4                LTC0_IRQHandler
 .text.FTM_SetSoftwareTrigger
                0x000027bc       0x38 ./source/ftm.o
 .text.main     0x000027f4       0x16 ./source/ftm.o
                0x000027f4                main
 .text.HardFault_Handler
                0x0000280a       0x2c ./source/semihost_hardfault.o
                0x0000280a                HardFault_Handler
 .text.OSC_SetExtRefClkConfig
                0x00002836       0x40 ./drivers/fsl_clock.o
 .text.OSC_SetCapLoad
                0x00002876       0x34 ./drivers/fsl_clock.o
 .text.CLOCK_GetPll0RefFreq
                0x000028aa        0xe ./drivers/fsl_clock.o
 .text.CLOCK_GetOsc0ErClkFreq
                0x000028b8        0xe ./drivers/fsl_clock.o
                0x000028b8                CLOCK_GetOsc0ErClkFreq
 .text.CLOCK_GetFixedFreqClkFreq
                0x000028c6       0x2e ./drivers/fsl_clock.o
                0x000028c6                CLOCK_GetFixedFreqClkFreq
 .text.CLOCK_EnableClock
                0x000028f4       0x34 ./drivers/fsl_ftm.o
 .text.FTM_EnableInterrupts
                0x00002928       0x86 ./drivers/fsl_ftm.o
                0x00002928                FTM_EnableInterrupts
 .text.FTM_GetStatusFlags
                0x000029ae       0x62 ./drivers/fsl_ftm.o
                0x000029ae                FTM_GetStatusFlags
 .text.FTM_ClearStatusFlags
                0x00002a10       0x68 ./drivers/fsl_ftm.o
                0x00002a10                FTM_ClearStatusFlags
 .text.CLOCK_EnableClock
                0x00002a78       0x34 ./drivers/fsl_lpuart.o
 .text.BOARD_InitBootClocks
                0x00002aac        0xc ./board/clock_config.o
                0x00002aac                BOARD_InitBootClocks
 .text.EnableIRQ
                0x00002ab8       0x2c ./board/peripherals.o
 .text.FTM_StartTimer
                0x00002ae4       0x3a ./board/peripherals.o
 .text.BOARD_InitPeripherals
                0x00002b1e        0xc ./board/peripherals.o
                0x00002b1e                BOARD_InitPeripherals
 .text.BOARD_InitBootPeripherals
                0x00002b2a        0xc ./board/peripherals.o
                0x00002b2a                BOARD_InitBootPeripherals
 .text.CLOCK_EnableClock
                0x00002b36       0x34 ./board/pin_mux.o
 .text.PORT_SetPinMux
                0x00002b6a       0x3a ./board/pin_mux.o
 .text.BOARD_InitBootPins
                0x00002ba4       0x10 ./board/pin_mux.o
                0x00002ba4                BOARD_InitBootPins
 .text.SystemInitHook
                0x00002bb4        0xe ./CMSIS/system_MK82F25615.o
                0x00002bb4                SystemInitHook
 .text.__main   0x00002bc2        0xe c:/nxp/mcuxpressoide_10.2.1_795/ide/tools/bin/../lib/gcc/arm-none-eabi/7.2.1/../../../../arm-none-eabi/lib/thumb/v7e-m/fpv4-sp/hard\libcr_nohost_nf.a(_cr__main.o)
                0x00002bc2                __main
 .text.__sys_appexit
                0x00002bd0        0x2 c:/nxp/mcuxpressoide_10.2.1_795/ide/tools/bin/../lib/gcc/arm-none-eabi/7.2.1/../../../../arm-none-eabi/lib/thumb/v7e-m/fpv4-sp/hard\libcr_nohost_nf.a(__sys_appexit.o)
                0x00002bd0                __sys_appexit
                0x00002bd0                __exit
 .text.memset   0x00002bd2        0x4 c:/nxp/mcuxpressoide_10.2.1_795/ide/tools/bin/../lib/gcc/arm-none-eabi/7.2.1/../../../../arm-none-eabi/lib/thumb/v7e-m/fpv4-sp/hard\libcr_c.a(memset.o)
                0x00002bd2                memset
 .text._deferredlazyseek
                0x00002bd6       0x40 c:/nxp/mcuxpressoide_10.2.1_795/ide/tools/bin/../lib/gcc/arm-none-eabi/7.2.1/../../../../arm-none-eabi/lib/thumb/v7e-m/fpv4-sp/hard\libcr_c.a(_deferredlazyseek.o)
                0x00002bd6                _deferredlazyseek
 .text.__flsbuf
                0x00002c16      0x140 c:/nxp/mcuxpressoide_10.2.1_795/ide/tools/bin/../lib/gcc/arm-none-eabi/7.2.1/../../../../arm-none-eabi/lib/thumb/v7e-m/fpv4-sp/hard\libcr_c.a(_deferredlazyseek.o)
                0x00002c16                __flsbuf
 .text._fflush  0x00002d56       0x52 c:/nxp/mcuxpressoide_10.2.1_795/ide/tools/bin/../lib/gcc/arm-none-eabi/7.2.1/../../../../arm-none-eabi/lib/thumb/v7e-m/fpv4-sp/hard\libcr_c.a(_fflush.o)
                0x00002d56                _fflush
 .text.free     0x00002da8       0x30 c:/nxp/mcuxpressoide_10.2.1_795/ide/tools/bin/../lib/gcc/arm-none-eabi/7.2.1/../../../../arm-none-eabi/lib/thumb/v7e-m/fpv4-sp/hard\libcr_c.a(alloc.o)
                0x00002da8                free
 .text.fputs    0x00002dd8       0x2c c:/nxp/mcuxpressoide_10.2.1_795/ide/tools/bin/../lib/gcc/arm-none-eabi/7.2.1/../../../../arm-none-eabi/lib/thumb/v7e-m/fpv4-sp/hard\libcr_c.a(fputs.o)
                0x00002dd8                fputs
 .text.strlen   0x00002e04       0x4a c:/nxp/mcuxpressoide_10.2.1_795/ide/tools/bin/../lib/gcc/arm-none-eabi/7.2.1/../../../../arm-none-eabi/lib/thumb/v7e-m/fpv4-sp/hard\libcr_c.a(strlen.o)
                0x00002e04                strlen
 .text._fdopen  0x00002e4e       0x68 c:/nxp/mcuxpressoide_10.2.1_795/ide/tools/bin/../lib/gcc/arm-none-eabi/7.2.1/../../../../arm-none-eabi/lib/thumb/v7e-m/fpv4-sp/hard\libcr_c.a(_fdopen.o)
                0x00002e4e                _fdopen
 .text.fclose   0x00002eb6       0x58 c:/nxp/mcuxpressoide_10.2.1_795/ide/tools/bin/../lib/gcc/arm-none-eabi/7.2.1/../../../../arm-none-eabi/lib/thumb/v7e-m/fpv4-sp/hard\libcr_c.a(fclose.o)
                0x00002eb6                fclose
 .text.remove   0x00002f0e       0x14 c:/nxp/mcuxpressoide_10.2.1_795/ide/tools/bin/../lib/gcc/arm-none-eabi/7.2.1/../../../../arm-none-eabi/lib/thumb/v7e-m/fpv4-sp/hard\libcr_c.a(remove.o)
                0x00002f0e                remove
 .text._do_fflush
                0x00002f22       0x40 c:/nxp/mcuxpressoide_10.2.1_795/ide/tools/bin/../lib/gcc/arm-none-eabi/7.2.1/../../../../arm-none-eabi/lib/thumb/v7e-m/fpv4-sp/hard\libcr_c.a(_do_fflush.o)
                0x00002f22                _do_fflush
 .text.__aeabi_memset_lowlevel
                0x00002f62       0x32 c:/nxp/mcuxpressoide_10.2.1_795/ide/tools/bin/../lib/gcc/arm-none-eabi/7.2.1/thumb/v7e-m/fpv4-sp/hard\libcr_eabihelpers.a(memcpy.o)
                0x00002f62                __aeabi_lowlevel_memset
 .text.__sys_close
                0x00002f94        0x6 c:/nxp/mcuxpressoide_10.2.1_795/ide/tools/bin/../lib/gcc/arm-none-eabi/7.2.1/../../../../arm-none-eabi/lib/thumb/v7e-m/fpv4-sp/hard\libcr_nohost_nf.a(__sys_close.o)
                0x00002f94                __sys_close
 .text.__sys_flen
                0x00002f9a        0x6 c:/nxp/mcuxpressoide_10.2.1_795/ide/tools/bin/../lib/gcc/arm-none-eabi/7.2.1/../../../../arm-none-eabi/lib/thumb/v7e-m/fpv4-sp/hard\libcr_nohost_nf.a(__sys_flen.o)
                0x00002f9a                __sys_flen
 .text.__sys_istty
                0x00002fa0        0x6 c:/nxp/mcuxpressoide_10.2.1_795/ide/tools/bin/../lib/gcc/arm-none-eabi/7.2.1/../../../../arm-none-eabi/lib/thumb/v7e-m/fpv4-sp/hard\libcr_nohost_nf.a(__sys_istty.o)
                0x00002fa0                __sys_istty
 .text.__sys_remove
                0x00002fa6        0x6 c:/nxp/mcuxpressoide_10.2.1_795/ide/tools/bin/../lib/gcc/arm-none-eabi/7.2.1/../../../../arm-none-eabi/lib/thumb/v7e-m/fpv4-sp/hard\libcr_nohost_nf.a(__sys_remove.o)
                0x00002fa6                __sys_remove
 .text.__sys_seek
                0x00002fac        0x6 c:/nxp/mcuxpressoide_10.2.1_795/ide/tools/bin/../lib/gcc/arm-none-eabi/7.2.1/../../../../arm-none-eabi/lib/thumb/v7e-m/fpv4-sp/hard\libcr_nohost_nf.a(__sys_seek.o)
                0x00002fac                __sys_seek
 .text.__sys_tmpnam
                0x00002fb2        0x6 c:/nxp/mcuxpressoide_10.2.1_795/ide/tools/bin/../lib/gcc/arm-none-eabi/7.2.1/../../../../arm-none-eabi/lib/thumb/v7e-m/fpv4-sp/hard\libcr_nohost_nf.a(__sys_tmpnam.o)
                0x00002fb2                __sys_tmpnam
 .text.__sys_write
                0x00002fb8        0x4 c:/nxp/mcuxpressoide_10.2.1_795/ide/tools/bin/../lib/gcc/arm-none-eabi/7.2.1/../../../../arm-none-eabi/lib/thumb/v7e-m/fpv4-sp/hard\libcr_nohost_nf.a(__sys_write.o)
                0x00002fb8                __sys_write
 *(SORT_BY_ALIGNMENT(.rodata) SORT_BY_ALIGNMENT(.rodata.*) SORT_BY_ALIGNMENT(.constdata) SORT_BY_ALIGNMENT(.constdata.*))
 .rodata        0x00002fbc       0x50 ./utilities/fsl_debug_console.o
 .rodata        0x0000300c       0x27 ./utilities/fsl_io.o
 *fill*         0x00003033        0x1 ff
 .rodata        0x00003034      0x175 ./drivers/fsl_clock.o
 *fill*         0x000031a9        0x3 ff
 .rodata.fllFactorTable.8063
                0x000031ac       0x10 ./drivers/fsl_clock.o
 .rodata.s_ftmBases
                0x000031bc       0x10 ./drivers/fsl_ftm.o
 .rodata.s_ftmClocks
                0x000031cc       0x10 ./drivers/fsl_ftm.o
 .rodata        0x000031dc      0x1e7 ./drivers/fsl_ftm.o
 *fill*         0x000033c3        0x1 ff
 .rodata.s_lpuartBases
                0x000033c4       0x14 ./drivers/fsl_lpuart.o
 .rodata.s_lpuartClock
                0x000033d8       0x14 ./drivers/fsl_lpuart.o
 .rodata        0x000033ec      0x59a ./drivers/fsl_lpuart.o
 *fill*         0x00003986        0x2 ff
 .rodata.mcgConfig_BOARD_BootClockRUN
                0x00003988        0xb ./board/clock_config.o
                0x00003988                mcgConfig_BOARD_BootClockRUN
 *fill*         0x00003993        0x1 ff
 .rodata.simConfig_BOARD_BootClockRUN
                0x00003994        0x8 ./board/clock_config.o
                0x00003994                simConfig_BOARD_BootClockRUN
 .rodata.oscConfig_BOARD_BootClockRUN
                0x0000399c        0x8 ./board/clock_config.o
                0x0000399c                oscConfig_BOARD_BootClockRUN
 .rodata.FTM_0_config
                0x000039a4       0x1c ./board/peripherals.o
                0x000039a4                FTM_0_config
 .rodata.FTM_0_pwmSignalParams
                0x000039c0        0x4 ./board/peripherals.o
                0x000039c0                FTM_0_pwmSignalParams
 .rodata        0x000039c4       0x26 ./board/pin_mux.o
 *fill*         0x000039ea        0x2 ff
 .rodata.__num_Ciob_streams
                0x000039ec        0x4 c:/nxp/mcuxpressoide_10.2.1_795/ide/tools/bin/../lib/gcc/arm-none-eabi/7.2.1/../../../../arm-none-eabi/lib/thumb/v7e-m/fpv4-sp/hard\libcr_nohost_nf.a(__ciob.o)
                0x000039ec                __num_Ciob_streams
 .rodata.__assertion_failed.str1.1
                0x000039f0       0x15 c:/nxp/mcuxpressoide_10.2.1_795/ide/tools/bin/../lib/gcc/arm-none-eabi/7.2.1/../../../../arm-none-eabi/lib/thumb/v7e-m/fpv4-sp/hard\libcr_nohost_nf.a(_cr_assert.o)
 .rodata._Csys_alloc.str1.1
                0x00003a05       0x18 c:/nxp/mcuxpressoide_10.2.1_795/ide/tools/bin/../lib/gcc/arm-none-eabi/7.2.1/../../../../arm-none-eabi/lib/thumb/v7e-m/fpv4-sp/hard\libcr_c.a(alloc.o)
 .rodata._initio.str1.1
                0x00003a1d        0x4 c:/nxp/mcuxpressoide_10.2.1_795/ide/tools/bin/../lib/gcc/arm-none-eabi/7.2.1/../../../../arm-none-eabi/lib/thumb/v7e-m/fpv4-sp/hard\libcr_c.a(initio.o)
                0x00003a24                . = ALIGN (0x4)
 *fill*         0x00003a21        0x3 ff

.glue_7         0x00003a24        0x0
 .glue_7        0x00003a24        0x0 linker stubs

.glue_7t        0x00003a24        0x0
 .glue_7t       0x00003a24        0x0 linker stubs

.vfp11_veneer   0x00003a24        0x0
 .vfp11_veneer  0x00003a24        0x0 linker stubs

.v4_bx          0x00003a24        0x0
 .v4_bx         0x00003a24        0x0 linker stubs

.iplt           0x00003a24        0x0
 .iplt          0x00003a24        0x0 ./utilities/fsl_debug_console.o

.rel.dyn        0x00003a24        0x0
 .rel.iplt      0x00003a24        0x0 ./utilities/fsl_debug_console.o

.ARM.extab
 *(SORT_BY_ALIGNMENT(.ARM.extab*) SORT_BY_ALIGNMENT(.gnu.linkonce.armextab.*))
                0x00003a24                __exidx_start = .

.ARM.exidx
 *(SORT_BY_ALIGNMENT(.ARM.exidx*) SORT_BY_ALIGNMENT(.gnu.linkonce.armexidx.*))
                0x00003a24                __exidx_end = .
                0x00003a24                _etext = .

.m_usb_data
 *(SORT_BY_ALIGNMENT(m_usb_bdt))

.data_RAM2      0x1fff0000        0x0 load address 0x00003a24
 FILL mask 0xff
                [!provide]                PROVIDE (__start_data_RAM2, .)
 *(SORT_BY_ALIGNMENT(.ramfunc.$RAM2))
 *(SORT_BY_ALIGNMENT(.ramfunc.$SRAM_LOWER))
 *(SORT_BY_ALIGNMENT(.data.$RAM2*))
 *(SORT_BY_ALIGNMENT(.data.$SRAM_LOWER*))
                0x1fff0000                . = ALIGN (0x4)
                [!provide]                PROVIDE (__end_data_RAM2, .)

.uninit_RESERVED
                0x20000000        0x0
 *(SORT_BY_ALIGNMENT(.bss.$RESERVED*))
                0x20000000                . = ALIGN (0x4)
                0x20000000                _end_uninit_RESERVED = .

.data           0x20000000       0x10 load address 0x00003a24
 FILL mask 0xff
                0x20000000                _data = .
 *(SORT_BY_ALIGNMENT(vtable))
 *(SORT_BY_ALIGNMENT(.ramfunc*))
 *(SORT_BY_ALIGNMENT(.data*))
 .data.wheelAngle
                0x20000000        0x4 ./source/ftm.o
                0x20000000                wheelAngle
 .data.s_slowIrcFreq
                0x20000004        0x4 ./drivers/fsl_clock.o
 .data.s_fastIrcFreq
                0x20000008        0x4 ./drivers/fsl_clock.o
 .data.SystemCoreClock
                0x2000000c        0x4 ./CMSIS/system_MK82F25615.o
                0x2000000c                SystemCoreClock
                0x20000010                . = ALIGN (0x4)
                0x20000010                _edata = .

.igot.plt       0x20000010        0x0 load address 0x00003a34
 .igot.plt      0x20000010        0x0 ./utilities/fsl_debug_console.o

.bss_RAM2       0x1fff0000        0x0
                [!provide]                PROVIDE (__start_bss_RAM2, .)
 *(SORT_BY_ALIGNMENT(.bss.$RAM2*))
 *(SORT_BY_ALIGNMENT(.bss.$SRAM_LOWER*))
                0x1fff0000                . = ALIGN ((. != 0x0)?0x4:0x1)
                [!provide]                PROVIDE (__end_bss_RAM2, .)

.bss            0x20000010      0x104
                0x20000010                _bss = .
 *(SORT_BY_ALIGNMENT(.bss*))
 .bss.s_debugConsoleIO
                0x20000010        0x8 ./utilities/fsl_io.o
 .bss.PWM_overflow_number
                0x20000018        0x4 ./source/ftm.o
                0x20000018                PWM_overflow_number
 .bss.g_xtal0Freq
                0x2000001c        0x4 ./drivers/fsl_clock.o
                0x2000001c                g_xtal0Freq
 .bss.g_xtal32Freq
                0x20000020        0x4 ./drivers/fsl_clock.o
                0x20000020                g_xtal32Freq
 .bss.s_i2cHandle
                0x20000024       0x10 ./drivers/fsl_i2c.o
 .bss.s_i2cMasterIsr
                0x20000034        0x4 ./drivers/fsl_i2c.o
 .bss.s_i2cSlaveIsr
                0x20000038        0x4 ./drivers/fsl_i2c.o
 .bss.s_lpuartHandle
                0x2000003c       0x14 ./drivers/fsl_lpuart.o
 .bss.s_lpuartIsr
                0x20000050        0x4 ./drivers/fsl_lpuart.o
 .bss.__Ciob    0x20000054       0xb4 c:/nxp/mcuxpressoide_10.2.1_795/ide/tools/bin/../lib/gcc/arm-none-eabi/7.2.1/../../../../arm-none-eabi/lib/thumb/v7e-m/fpv4-sp/hard\libcr_nohost_nf.a(__ciob.o)
                0x20000054                __Ciob
 .bss.__end_of_heap
                0x20000108        0x4 c:/nxp/mcuxpressoide_10.2.1_795/ide/tools/bin/../lib/gcc/arm-none-eabi/7.2.1/../../../../arm-none-eabi/lib/thumb/v7e-m/fpv4-sp/hard\libcr_c.a(__init_alloc.o)
                0x20000108                __end_of_heap
 .bss.__heaps   0x2000010c        0x4 c:/nxp/mcuxpressoide_10.2.1_795/ide/tools/bin/../lib/gcc/arm-none-eabi/7.2.1/../../../../arm-none-eabi/lib/thumb/v7e-m/fpv4-sp/hard\libcr_c.a(__init_alloc.o)
                0x2000010c                __heaps
 .bss.errno     0x20000110        0x4 c:/nxp/mcuxpressoide_10.2.1_795/ide/tools/bin/../lib/gcc/arm-none-eabi/7.2.1/../../../../arm-none-eabi/lib/thumb/v7e-m/fpv4-sp/hard\libcr_c.a(errno.o)
                0x20000110                errno
 *(SORT_BY_ALIGNMENT(COMMON))
                0x20000114                . = ALIGN (0x4)
                0x20000114                _ebss = .
                [!provide]                PROVIDE (end, .)

.noinit_RAM2    0x1fff0000        0x0
 *(SORT_BY_ALIGNMENT(.noinit.$RAM2*))
 *(SORT_BY_ALIGNMENT(.noinit.$SRAM_LOWER*))
                0x1fff0000                . = ALIGN (0x4)

.noinit         0x20000114        0x0
                0x20000114                _noinit = .
 *(SORT_BY_ALIGNMENT(.noinit*))
                0x20000114                . = ALIGN (0x4)
                0x20000114                _end_noinit = .
                0x00001000                _HeapSize = 0x1000

.heap           0x20000114     0x1000
                0x20000114                _pvHeapStart = .
                0x20001114                . = (. + _HeapSize)
 *fill*         0x20000114     0x1000 
                0x20001114                . = ALIGN (0x4)
                0x20001114                _pvHeapLimit = .
                0x00001000                _StackSize = 0x1000

.heap2stackfill
                0x20001114     0x1000
                0x20002114                . = (. + _StackSize)
 *fill*         0x20001114     0x1000 

.stack          0x2002f000        0x0
                0x2002f000                _vStackBase = .
                0x2002f000                . = ALIGN (0x4)
                0x20030000                _vStackTop = (. + _StackSize)
                0x00000000                _image_start = LOADADDR (.text)
                0x00003a34                _image_end = (LOADADDR (.data) + SIZEOF (.data))
                0x00003a34                _image_size = (_image_end - _image_start)
OUTPUT(ftm.axf elf32-littlearm)

.debug_info     0x00000000     0xc3d2
 .debug_info    0x00000000      0x374 ./utilities/fsl_debug_console.o
 .debug_info    0x00000374      0x7d6 ./utilities/fsl_io.o
 .debug_info    0x00000b4a      0x33a ./utilities/fsl_log.o
 .debug_info    0x00000e84      0xa06 ./startup/startup_mk82f25615.o
 .debug_info    0x0000188a      0xc5b ./source/ftm.o
 .debug_info    0x000024e5       0x3b ./source/semihost_hardfault.o
 .debug_info    0x00002520     0x1fb9 ./drivers/fsl_clock.o
 .debug_info    0x000044d9     0x1363 ./drivers/fsl_ftm.o
 .debug_info    0x0000583c     0x1cfc ./drivers/fsl_i2c.o
 .debug_info    0x00007538     0x19b3 ./drivers/fsl_lpuart.o
 .debug_info    0x00008eeb      0x6f4 ./board/board.o
 .debug_info    0x000095df      0xb61 ./board/clock_config.o
 .debug_info    0x0000a140     0x1112 ./board/peripherals.o
 .debug_info    0x0000b252      0xb36 ./board/pin_mux.o
 .debug_info    0x0000bd88      0x64a ./CMSIS/system_MK82F25615.o

.debug_abbrev   0x00000000     0x1d22
 .debug_abbrev  0x00000000      0x179 ./utilities/fsl_debug_console.o
 .debug_abbrev  0x00000179      0x1de ./utilities/fsl_io.o
 .debug_abbrev  0x00000357      0x180 ./utilities/fsl_log.o
 .debug_abbrev  0x000004d7      0x15c ./startup/startup_mk82f25615.o
 .debug_abbrev  0x00000633      0x198 ./source/ftm.o
 .debug_abbrev  0x000007cb       0x2f ./source/semihost_hardfault.o
 .debug_abbrev  0x000007fa      0x321 ./drivers/fsl_clock.o
 .debug_abbrev  0x00000b1b      0x279 ./drivers/fsl_ftm.o
 .debug_abbrev  0x00000d94      0x34f ./drivers/fsl_i2c.o
 .debug_abbrev  0x000010e3      0x2d1 ./drivers/fsl_lpuart.o
 .debug_abbrev  0x000013b4      0x167 ./board/board.o
 .debug_abbrev  0x0000151b      0x1f4 ./board/clock_config.o
 .debug_abbrev  0x0000170f      0x25c ./board/peripherals.o
 .debug_abbrev  0x0000196b      0x263 ./board/pin_mux.o
 .debug_abbrev  0x00001bce      0x154 ./CMSIS/system_MK82F25615.o

.debug_aranges  0x00000000      0xc58
 .debug_aranges
                0x00000000       0x58 ./utilities/fsl_debug_console.o
 .debug_aranges
                0x00000058       0x48 ./utilities/fsl_io.o
 .debug_aranges
                0x000000a0       0x58 ./utilities/fsl_log.o
 .debug_aranges
                0x000000f8      0x3c8 ./startup/startup_mk82f25615.o
 .debug_aranges
                0x000004c0       0x30 ./source/ftm.o
 .debug_aranges
                0x000004f0       0x20 ./source/semihost_hardfault.o
 .debug_aranges
                0x00000510      0x1f8 ./drivers/fsl_clock.o
 .debug_aranges
                0x00000708       0xc0 ./drivers/fsl_ftm.o
 .debug_aranges
                0x000007c8      0x188 ./drivers/fsl_i2c.o
 .debug_aranges
                0x00000950      0x138 ./drivers/fsl_lpuart.o
 .debug_aranges
                0x00000a88       0x28 ./board/board.o
 .debug_aranges
                0x00000ab0       0x60 ./board/clock_config.o
 .debug_aranges
                0x00000b10       0xa0 ./board/peripherals.o
 .debug_aranges
                0x00000bb0       0x78 ./board/pin_mux.o
 .debug_aranges
                0x00000c28       0x30 ./CMSIS/system_MK82F25615.o

.debug_ranges   0x00000000      0xb68
 .debug_ranges  0x00000000       0x48 ./utilities/fsl_debug_console.o
 .debug_ranges  0x00000048       0x38 ./utilities/fsl_io.o
 .debug_ranges  0x00000080       0x48 ./utilities/fsl_log.o
 .debug_ranges  0x000000c8      0x3b8 ./startup/startup_mk82f25615.o
 .debug_ranges  0x00000480       0x20 ./source/ftm.o
 .debug_ranges  0x000004a0       0x10 ./source/semihost_hardfault.o
 .debug_ranges  0x000004b0      0x1e8 ./drivers/fsl_clock.o
 .debug_ranges  0x00000698       0xb0 ./drivers/fsl_ftm.o
 .debug_ranges  0x00000748      0x178 ./drivers/fsl_i2c.o
 .debug_ranges  0x000008c0      0x128 ./drivers/fsl_lpuart.o
 .debug_ranges  0x000009e8       0x18 ./board/board.o
 .debug_ranges  0x00000a00       0x50 ./board/clock_config.o
 .debug_ranges  0x00000a50       0x90 ./board/peripherals.o
 .debug_ranges  0x00000ae0       0x68 ./board/pin_mux.o
 .debug_ranges  0x00000b48       0x20 ./CMSIS/system_MK82F25615.o

.debug_macro    0x00000000    0x16590
 .debug_macro   0x00000000      0x127 ./utilities/fsl_debug_console.o
 .debug_macro   0x00000127      0xa90 ./utilities/fsl_debug_console.o
 .debug_macro   0x00000bb7       0x10 ./utilities/fsl_debug_console.o
 .debug_macro   0x00000bc7       0x16 ./utilities/fsl_debug_console.o
 .debug_macro   0x00000bdd       0x10 ./utilities/fsl_debug_console.o
 .debug_macro   0x00000bed      0x12d ./utilities/fsl_debug_console.o
 .debug_macro   0x00000d1a       0x28 ./utilities/fsl_debug_console.o
 .debug_macro   0x00000d42       0x16 ./utilities/fsl_debug_console.o
 .debug_macro   0x00000d58       0x22 ./utilities/fsl_debug_console.o
 .debug_macro   0x00000d7a      0x5b2 ./utilities/fsl_debug_console.o
 .debug_macro   0x0000132c       0x10 ./utilities/fsl_debug_console.o
 .debug_macro   0x0000133c       0x57 ./utilities/fsl_debug_console.o
 .debug_macro   0x00001393       0x1c ./utilities/fsl_debug_console.o
 .debug_macro   0x000013af       0x22 ./utilities/fsl_debug_console.o
 .debug_macro   0x000013d1       0xdf ./utilities/fsl_debug_console.o
 .debug_macro   0x000014b0      0xecf ./utilities/fsl_debug_console.o
 .debug_macro   0x0000237f       0x40 ./utilities/fsl_debug_console.o
 .debug_macro   0x000023bf    0x116e5 ./utilities/fsl_debug_console.o
 .debug_macro   0x00013aa4     0x1373 ./utilities/fsl_debug_console.o
 .debug_macro   0x00014e17       0x52 ./utilities/fsl_debug_console.o
 .debug_macro   0x00014e69      0x171 ./utilities/fsl_debug_console.o
 .debug_macro   0x00014fda       0x7b ./utilities/fsl_debug_console.o
 .debug_macro   0x00015055       0x1c ./utilities/fsl_debug_console.o
 .debug_macro   0x00015071       0x50 ./utilities/fsl_debug_console.o
 .debug_macro   0x000150c1      0x115 ./utilities/fsl_io.o
 .debug_macro   0x000151d6       0x1c ./utilities/fsl_io.o
 .debug_macro   0x000151f2       0x22 ./utilities/fsl_io.o
 .debug_macro   0x00015214       0x10 ./utilities/fsl_io.o
 .debug_macro   0x00015224      0x148 ./utilities/fsl_log.o
 .debug_macro   0x0001536c       0x29 ./startup/startup_mk82f25615.o
 .debug_macro   0x00015395      0x181 ./source/ftm.o
 .debug_macro   0x00015516       0xd8 ./source/ftm.o
 .debug_macro   0x000155ee       0x1c ./source/ftm.o
 .debug_macro   0x0001560a       0x10 ./source/ftm.o
 .debug_macro   0x0001561a      0x2c1 ./source/ftm.o
 .debug_macro   0x000158db       0x10 ./source/ftm.o
 .debug_macro   0x000158eb       0x16 ./source/ftm.o
 .debug_macro   0x00015901       0x1c ./source/ftm.o
 .debug_macro   0x0001591d       0x4c ./source/ftm.o
 .debug_macro   0x00015969      0x18f ./source/ftm.o
 .debug_macro   0x00015af8       0x22 ./source/ftm.o
 .debug_macro   0x00015b1a       0x11 ./source/semihost_hardfault.o
 .debug_macro   0x00015b2b      0x1dd ./drivers/fsl_clock.o
 .debug_macro   0x00015d08      0x109 ./drivers/fsl_ftm.o
 .debug_macro   0x00015e11      0x108 ./drivers/fsl_i2c.o
 .debug_macro   0x00015f19       0x16 ./drivers/fsl_i2c.o
 .debug_macro   0x00015f2f      0x109 ./drivers/fsl_lpuart.o
 .debug_macro   0x00016038      0x12c ./board/board.o
 .debug_macro   0x00016164       0x22 ./board/board.o
 .debug_macro   0x00016186      0x13a ./board/clock_config.o
 .debug_macro   0x000162c0      0x12a ./board/peripherals.o
 .debug_macro   0x000163ea      0x10e ./board/pin_mux.o
 .debug_macro   0x000164f8       0x98 ./CMSIS/system_MK82F25615.o

.debug_line     0x00000000     0x4761
 .debug_line    0x00000000      0x323 ./utilities/fsl_debug_console.o
 .debug_line    0x00000323      0x2e8 ./utilities/fsl_io.o
 .debug_line    0x0000060b      0x30a ./utilities/fsl_log.o
 .debug_line    0x00000915      0x82d ./startup/startup_mk82f25615.o
 .debug_line    0x00001142      0x2df ./source/ftm.o
 .debug_line    0x00001421       0x54 ./source/semihost_hardfault.o
 .debug_line    0x00001475      0xa25 ./drivers/fsl_clock.o
 .debug_line    0x00001e9a      0x6bd ./drivers/fsl_ftm.o
 .debug_line    0x00002557      0xa38 ./drivers/fsl_i2c.o
 .debug_line    0x00002f8f      0x934 ./drivers/fsl_lpuart.o
 .debug_line    0x000038c3      0x272 ./board/board.o
 .debug_line    0x00003b35      0x2e5 ./board/clock_config.o
 .debug_line    0x00003e1a      0x396 ./board/peripherals.o
 .debug_line    0x000041b0      0x394 ./board/pin_mux.o
 .debug_line    0x00004544      0x21d ./CMSIS/system_MK82F25615.o

.debug_str      0x00000000    0x9d78b
 .debug_str     0x00000000    0x94ba6 ./utilities/fsl_debug_console.o
                              0x94d36 (size before relaxing)
 .debug_str     0x00094ba6      0xc72 ./utilities/fsl_io.o
                              0x957b5 (size before relaxing)
 .debug_str     0x00095818      0x1d8 ./utilities/fsl_log.o
                              0x94d45 (size before relaxing)
 .debug_str     0x000959f0      0x9bb ./startup/startup_mk82f25615.o
                               0x380a (size before relaxing)
 .debug_str     0x000963ab     0x2554 ./source/ftm.o
                              0x9745c (size before relaxing)
 .debug_str     0x000988ff       0x1f ./source/semihost_hardfault.o
                               0x2dbd (size before relaxing)
 .debug_str     0x0009891e     0x1c92 ./drivers/fsl_clock.o
                              0x96ed3 (size before relaxing)
 .debug_str     0x0009a5b0      0xa2d ./drivers/fsl_ftm.o
                              0x960b7 (size before relaxing)
 .debug_str     0x0009afdd     0x1239 ./drivers/fsl_i2c.o
                              0x96619 (size before relaxing)
 .debug_str     0x0009c216      0x93b ./drivers/fsl_lpuart.o
                              0x968e1 (size before relaxing)
 .debug_str     0x0009cb51       0x4c ./board/board.o
                              0x9603f (size before relaxing)
 .debug_str     0x0009cb9d      0x334 ./board/clock_config.o
                              0x957c8 (size before relaxing)
 .debug_str     0x0009ced1      0x212 ./board/peripherals.o
                              0x96375 (size before relaxing)
 .debug_str     0x0009d0e3      0x5e9 ./board/pin_mux.o
                              0x95931 (size before relaxing)
 .debug_str     0x0009d6cc       0xbf ./CMSIS/system_MK82F25615.o
                              0x939c8 (size before relaxing)

.comment        0x00000000       0x7e
 .comment       0x00000000       0x7e ./utilities/fsl_debug_console.o
                                 0x7f (size before relaxing)
 .comment       0x0000007e       0x7f ./utilities/fsl_io.o
 .comment       0x0000007e       0x7f ./utilities/fsl_log.o
 .comment       0x0000007e       0x7f ./startup/startup_mk82f25615.o
 .comment       0x0000007e       0x7f ./source/ftm.o
 .comment       0x0000007e       0x7f ./source/semihost_hardfault.o
 .comment       0x0000007e       0x7f ./drivers/fsl_clock.o
 .comment       0x0000007e       0x7f ./drivers/fsl_ftm.o
 .comment       0x0000007e       0x7f ./drivers/fsl_i2c.o
 .comment       0x0000007e       0x7f ./drivers/fsl_lpuart.o
 .comment       0x0000007e       0x7f ./board/board.o
 .comment       0x0000007e       0x7f ./board/clock_config.o
 .comment       0x0000007e       0x7f ./board/peripherals.o
 .comment       0x0000007e       0x7f ./board/pin_mux.o
 .comment       0x0000007e       0x7f ./CMSIS/system_MK82F25615.o
 .comment       0x0000007e       0x7f c:/nxp/mcuxpressoide_10.2.1_795/ide/tools/bin/../lib/gcc/arm-none-eabi/7.2.1/../../../../arm-none-eabi/lib/thumb/v7e-m/fpv4-sp/hard\libcr_nohost_nf.a(_cr__main.o)
 .comment       0x0000007e       0x7f c:/nxp/mcuxpressoide_10.2.1_795/ide/tools/bin/../lib/gcc/arm-none-eabi/7.2.1/../../../../arm-none-eabi/lib/thumb/v7e-m/fpv4-sp/hard\libcr_nohost_nf.a(_cr_assert.o)
 .comment       0x0000007e       0x7f c:/nxp/mcuxpressoide_10.2.1_795/ide/tools/bin/../lib/gcc/arm-none-eabi/7.2.1/../../../../arm-none-eabi/lib/thumb/v7e-m/fpv4-sp/hard\libcr_nohost_nf.a(__ciob.o)
 .comment       0x0000007e       0x7f c:/nxp/mcuxpressoide_10.2.1_795/ide/tools/bin/../lib/gcc/arm-none-eabi/7.2.1/../../../../arm-none-eabi/lib/thumb/v7e-m/fpv4-sp/hard\libcr_nohost_nf.a(__sys_appexit.o)
 .comment       0x0000007e       0x7f c:/nxp/mcuxpressoide_10.2.1_795/ide/tools/bin/../lib/gcc/arm-none-eabi/7.2.1/../../../../arm-none-eabi/lib/thumb/v7e-m/fpv4-sp/hard\libcr_c.a(memset.o)
 .comment       0x0000007e       0x7f c:/nxp/mcuxpressoide_10.2.1_795/ide/tools/bin/../lib/gcc/arm-none-eabi/7.2.1/../../../../arm-none-eabi/lib/thumb/v7e-m/fpv4-sp/hard\libcr_c.a(_deferredlazyseek.o)
 .comment       0x0000007e       0x7f c:/nxp/mcuxpressoide_10.2.1_795/ide/tools/bin/../lib/gcc/arm-none-eabi/7.2.1/../../../../arm-none-eabi/lib/thumb/v7e-m/fpv4-sp/hard\libcr_c.a(_fflush.o)
 .comment       0x0000007e       0x7f c:/nxp/mcuxpressoide_10.2.1_795/ide/tools/bin/../lib/gcc/arm-none-eabi/7.2.1/../../../../arm-none-eabi/lib/thumb/v7e-m/fpv4-sp/hard\libcr_c.a(_writebuf.o)
 .comment       0x0000007e       0x7f c:/nxp/mcuxpressoide_10.2.1_795/ide/tools/bin/../lib/gcc/arm-none-eabi/7.2.1/../../../../arm-none-eabi/lib/thumb/v7e-m/fpv4-sp/hard\libcr_c.a(alloc.o)
 .comment       0x0000007e       0x7f c:/nxp/mcuxpressoide_10.2.1_795/ide/tools/bin/../lib/gcc/arm-none-eabi/7.2.1/../../../../arm-none-eabi/lib/thumb/v7e-m/fpv4-sp/hard\libcr_c.a(fputs.o)
 .comment       0x0000007e       0x7f c:/nxp/mcuxpressoide_10.2.1_795/ide/tools/bin/../lib/gcc/arm-none-eabi/7.2.1/../../../../arm-none-eabi/lib/thumb/v7e-m/fpv4-sp/hard\libcr_c.a(fseek.o)
 .comment       0x0000007e       0x7f c:/nxp/mcuxpressoide_10.2.1_795/ide/tools/bin/../lib/gcc/arm-none-eabi/7.2.1/../../../../arm-none-eabi/lib/thumb/v7e-m/fpv4-sp/hard\libcr_c.a(ftell.o)
 .comment       0x0000007e       0x7f c:/nxp/mcuxpressoide_10.2.1_795/ide/tools/bin/../lib/gcc/arm-none-eabi/7.2.1/../../../../arm-none-eabi/lib/thumb/v7e-m/fpv4-sp/hard\libcr_c.a(initio.o)
 .comment       0x0000007e       0x7f c:/nxp/mcuxpressoide_10.2.1_795/ide/tools/bin/../lib/gcc/arm-none-eabi/7.2.1/../../../../arm-none-eabi/lib/thumb/v7e-m/fpv4-sp/hard\libcr_c.a(setvbuf.o)
 .comment       0x0000007e       0x7f c:/nxp/mcuxpressoide_10.2.1_795/ide/tools/bin/../lib/gcc/arm-none-eabi/7.2.1/../../../../arm-none-eabi/lib/thumb/v7e-m/fpv4-sp/hard\libcr_c.a(strlen.o)
 .comment       0x0000007e       0x7f c:/nxp/mcuxpressoide_10.2.1_795/ide/tools/bin/../lib/gcc/arm-none-eabi/7.2.1/../../../../arm-none-eabi/lib/thumb/v7e-m/fpv4-sp/hard\libcr_c.a(__init_alloc.o)
 .comment       0x0000007e       0x7f c:/nxp/mcuxpressoide_10.2.1_795/ide/tools/bin/../lib/gcc/arm-none-eabi/7.2.1/../../../../arm-none-eabi/lib/thumb/v7e-m/fpv4-sp/hard\libcr_c.a(_cr_sbrk.o)
 .comment       0x0000007e       0x7f c:/nxp/mcuxpressoide_10.2.1_795/ide/tools/bin/../lib/gcc/arm-none-eabi/7.2.1/../../../../arm-none-eabi/lib/thumb/v7e-m/fpv4-sp/hard\libcr_c.a(_fdopen.o)
 .comment       0x0000007e       0x7f c:/nxp/mcuxpressoide_10.2.1_795/ide/tools/bin/../lib/gcc/arm-none-eabi/7.2.1/../../../../arm-none-eabi/lib/thumb/v7e-m/fpv4-sp/hard\libcr_c.a(errno.o)
 .comment       0x0000007e       0x7f c:/nxp/mcuxpressoide_10.2.1_795/ide/tools/bin/../lib/gcc/arm-none-eabi/7.2.1/../../../../arm-none-eabi/lib/thumb/v7e-m/fpv4-sp/hard\libcr_c.a(fclose.o)
 .comment       0x0000007e       0x7f c:/nxp/mcuxpressoide_10.2.1_795/ide/tools/bin/../lib/gcc/arm-none-eabi/7.2.1/../../../../arm-none-eabi/lib/thumb/v7e-m/fpv4-sp/hard\libcr_c.a(fflush.o)
 .comment       0x0000007e       0x7f c:/nxp/mcuxpressoide_10.2.1_795/ide/tools/bin/../lib/gcc/arm-none-eabi/7.2.1/../../../../arm-none-eabi/lib/thumb/v7e-m/fpv4-sp/hard\libcr_c.a(remove.o)
 .comment       0x0000007e       0x7f c:/nxp/mcuxpressoide_10.2.1_795/ide/tools/bin/../lib/gcc/arm-none-eabi/7.2.1/../../../../arm-none-eabi/lib/thumb/v7e-m/fpv4-sp/hard\libcr_c.a(_cr_check_heap.o)
 .comment       0x0000007e       0x7f c:/nxp/mcuxpressoide_10.2.1_795/ide/tools/bin/../lib/gcc/arm-none-eabi/7.2.1/../../../../arm-none-eabi/lib/thumb/v7e-m/fpv4-sp/hard\libcr_c.a(_do_fflush.o)
 .comment       0x0000007e       0x7f c:/nxp/mcuxpressoide_10.2.1_795/ide/tools/bin/../lib/gcc/arm-none-eabi/7.2.1/../../../../arm-none-eabi/lib/thumb/v7e-m/fpv4-sp/hard\libcr_nohost_nf.a(__sys_close.o)
 .comment       0x0000007e       0x7f c:/nxp/mcuxpressoide_10.2.1_795/ide/tools/bin/../lib/gcc/arm-none-eabi/7.2.1/../../../../arm-none-eabi/lib/thumb/v7e-m/fpv4-sp/hard\libcr_nohost_nf.a(__sys_flen.o)
 .comment       0x0000007e       0x7f c:/nxp/mcuxpressoide_10.2.1_795/ide/tools/bin/../lib/gcc/arm-none-eabi/7.2.1/../../../../arm-none-eabi/lib/thumb/v7e-m/fpv4-sp/hard\libcr_nohost_nf.a(__sys_istty.o)
 .comment       0x0000007e       0x7f c:/nxp/mcuxpressoide_10.2.1_795/ide/tools/bin/../lib/gcc/arm-none-eabi/7.2.1/../../../../arm-none-eabi/lib/thumb/v7e-m/fpv4-sp/hard\libcr_nohost_nf.a(__sys_remove.o)
 .comment       0x0000007e       0x7f c:/nxp/mcuxpressoide_10.2.1_795/ide/tools/bin/../lib/gcc/arm-none-eabi/7.2.1/../../../../arm-none-eabi/lib/thumb/v7e-m/fpv4-sp/hard\libcr_nohost_nf.a(__sys_seek.o)
 .comment       0x0000007e       0x7f c:/nxp/mcuxpressoide_10.2.1_795/ide/tools/bin/../lib/gcc/arm-none-eabi/7.2.1/../../../../arm-none-eabi/lib/thumb/v7e-m/fpv4-sp/hard\libcr_nohost_nf.a(__sys_tmpnam.o)
 .comment       0x0000007e       0x7f c:/nxp/mcuxpressoide_10.2.1_795/ide/tools/bin/../lib/gcc/arm-none-eabi/7.2.1/../../../../arm-none-eabi/lib/thumb/v7e-m/fpv4-sp/hard\libcr_nohost_nf.a(__sys_write.o)

.ARM.attributes
                0x00000000       0x37
 .ARM.attributes
                0x00000000       0x39 ./utilities/fsl_debug_console.o
 .ARM.attributes
                0x00000039       0x39 ./utilities/fsl_io.o
 .ARM.attributes
                0x00000072       0x39 ./utilities/fsl_log.o
 .ARM.attributes
                0x000000ab       0x39 ./startup/startup_mk82f25615.o
 .ARM.attributes
                0x000000e4       0x39 ./source/ftm.o
 .ARM.attributes
                0x0000011d       0x39 ./source/semihost_hardfault.o
 .ARM.attributes
                0x00000156       0x39 ./drivers/fsl_clock.o
 .ARM.attributes
                0x0000018f       0x39 ./drivers/fsl_ftm.o
 .ARM.attributes
                0x000001c8       0x39 ./drivers/fsl_i2c.o
 .ARM.attributes
                0x00000201       0x39 ./drivers/fsl_lpuart.o
 .ARM.attributes
                0x0000023a       0x39 ./board/board.o
 .ARM.attributes
                0x00000273       0x39 ./board/clock_config.o
 .ARM.attributes
                0x000002ac       0x39 ./board/peripherals.o
 .ARM.attributes
                0x000002e5       0x39 ./board/pin_mux.o
 .ARM.attributes
                0x0000031e       0x39 ./CMSIS/system_MK82F25615.o
 .ARM.attributes
                0x00000357       0x39 c:/nxp/mcuxpressoide_10.2.1_795/ide/tools/bin/../lib/gcc/arm-none-eabi/7.2.1/../../../../arm-none-eabi/lib/thumb/v7e-m/fpv4-sp/hard\libcr_nohost_nf.a(_cr__main.o)
 .ARM.attributes
                0x00000390       0x39 c:/nxp/mcuxpressoide_10.2.1_795/ide/tools/bin/../lib/gcc/arm-none-eabi/7.2.1/../../../../arm-none-eabi/lib/thumb/v7e-m/fpv4-sp/hard\libcr_nohost_nf.a(_cr_assert.o)
 .ARM.attributes
                0x000003c9       0x39 c:/nxp/mcuxpressoide_10.2.1_795/ide/tools/bin/../lib/gcc/arm-none-eabi/7.2.1/../../../../arm-none-eabi/lib/thumb/v7e-m/fpv4-sp/hard\libcr_nohost_nf.a(__ciob.o)
 .ARM.attributes
                0x00000402       0x39 c:/nxp/mcuxpressoide_10.2.1_795/ide/tools/bin/../lib/gcc/arm-none-eabi/7.2.1/../../../../arm-none-eabi/lib/thumb/v7e-m/fpv4-sp/hard\libcr_nohost_nf.a(__sys_appexit.o)
 .ARM.attributes
                0x0000043b       0x39 c:/nxp/mcuxpressoide_10.2.1_795/ide/tools/bin/../lib/gcc/arm-none-eabi/7.2.1/../../../../arm-none-eabi/lib/thumb/v7e-m/fpv4-sp/hard\libcr_c.a(memset.o)
 .ARM.attributes
                0x00000474       0x39 c:/nxp/mcuxpressoide_10.2.1_795/ide/tools/bin/../lib/gcc/arm-none-eabi/7.2.1/../../../../arm-none-eabi/lib/thumb/v7e-m/fpv4-sp/hard\libcr_c.a(_deferredlazyseek.o)
 .ARM.attributes
                0x000004ad       0x39 c:/nxp/mcuxpressoide_10.2.1_795/ide/tools/bin/../lib/gcc/arm-none-eabi/7.2.1/../../../../arm-none-eabi/lib/thumb/v7e-m/fpv4-sp/hard\libcr_c.a(_fflush.o)
 .ARM.attributes
                0x000004e6       0x39 c:/nxp/mcuxpressoide_10.2.1_795/ide/tools/bin/../lib/gcc/arm-none-eabi/7.2.1/../../../../arm-none-eabi/lib/thumb/v7e-m/fpv4-sp/hard\libcr_c.a(_writebuf.o)
 .ARM.attributes
                0x0000051f       0x39 c:/nxp/mcuxpressoide_10.2.1_795/ide/tools/bin/../lib/gcc/arm-none-eabi/7.2.1/../../../../arm-none-eabi/lib/thumb/v7e-m/fpv4-sp/hard\libcr_c.a(alloc.o)
 .ARM.attributes
                0x00000558       0x39 c:/nxp/mcuxpressoide_10.2.1_795/ide/tools/bin/../lib/gcc/arm-none-eabi/7.2.1/../../../../arm-none-eabi/lib/thumb/v7e-m/fpv4-sp/hard\libcr_c.a(fputs.o)
 .ARM.attributes
                0x00000591       0x39 c:/nxp/mcuxpressoide_10.2.1_795/ide/tools/bin/../lib/gcc/arm-none-eabi/7.2.1/../../../../arm-none-eabi/lib/thumb/v7e-m/fpv4-sp/hard\libcr_c.a(fseek.o)
 .ARM.attributes
                0x000005ca       0x39 c:/nxp/mcuxpressoide_10.2.1_795/ide/tools/bin/../lib/gcc/arm-none-eabi/7.2.1/../../../../arm-none-eabi/lib/thumb/v7e-m/fpv4-sp/hard\libcr_c.a(ftell.o)
 .ARM.attributes
                0x00000603       0x39 c:/nxp/mcuxpressoide_10.2.1_795/ide/tools/bin/../lib/gcc/arm-none-eabi/7.2.1/../../../../arm-none-eabi/lib/thumb/v7e-m/fpv4-sp/hard\libcr_c.a(initio.o)
 .ARM.attributes
                0x0000063c       0x39 c:/nxp/mcuxpressoide_10.2.1_795/ide/tools/bin/../lib/gcc/arm-none-eabi/7.2.1/../../../../arm-none-eabi/lib/thumb/v7e-m/fpv4-sp/hard\libcr_c.a(setvbuf.o)
 .ARM.attributes
                0x00000675       0x39 c:/nxp/mcuxpressoide_10.2.1_795/ide/tools/bin/../lib/gcc/arm-none-eabi/7.2.1/../../../../arm-none-eabi/lib/thumb/v7e-m/fpv4-sp/hard\libcr_c.a(strlen.o)
 .ARM.attributes
                0x000006ae       0x39 c:/nxp/mcuxpressoide_10.2.1_795/ide/tools/bin/../lib/gcc/arm-none-eabi/7.2.1/../../../../arm-none-eabi/lib/thumb/v7e-m/fpv4-sp/hard\libcr_c.a(__init_alloc.o)
 .ARM.attributes
                0x000006e7       0x39 c:/nxp/mcuxpressoide_10.2.1_795/ide/tools/bin/../lib/gcc/arm-none-eabi/7.2.1/../../../../arm-none-eabi/lib/thumb/v7e-m/fpv4-sp/hard\libcr_c.a(_cr_sbrk.o)
 .ARM.attributes
                0x00000720       0x39 c:/nxp/mcuxpressoide_10.2.1_795/ide/tools/bin/../lib/gcc/arm-none-eabi/7.2.1/../../../../arm-none-eabi/lib/thumb/v7e-m/fpv4-sp/hard\libcr_c.a(_fdopen.o)
 .ARM.attributes
                0x00000759       0x39 c:/nxp/mcuxpressoide_10.2.1_795/ide/tools/bin/../lib/gcc/arm-none-eabi/7.2.1/../../../../arm-none-eabi/lib/thumb/v7e-m/fpv4-sp/hard\libcr_c.a(errno.o)
 .ARM.attributes
                0x00000792       0x39 c:/nxp/mcuxpressoide_10.2.1_795/ide/tools/bin/../lib/gcc/arm-none-eabi/7.2.1/../../../../arm-none-eabi/lib/thumb/v7e-m/fpv4-sp/hard\libcr_c.a(fclose.o)
 .ARM.attributes
                0x000007cb       0x39 c:/nxp/mcuxpressoide_10.2.1_795/ide/tools/bin/../lib/gcc/arm-none-eabi/7.2.1/../../../../arm-none-eabi/lib/thumb/v7e-m/fpv4-sp/hard\libcr_c.a(fflush.o)
 .ARM.attributes
                0x00000804       0x39 c:/nxp/mcuxpressoide_10.2.1_795/ide/tools/bin/../lib/gcc/arm-none-eabi/7.2.1/../../../../arm-none-eabi/lib/thumb/v7e-m/fpv4-sp/hard\libcr_c.a(remove.o)
 .ARM.attributes
                0x0000083d       0x39 c:/nxp/mcuxpressoide_10.2.1_795/ide/tools/bin/../lib/gcc/arm-none-eabi/7.2.1/../../../../arm-none-eabi/lib/thumb/v7e-m/fpv4-sp/hard\libcr_c.a(_cr_check_heap.o)
 .ARM.attributes
                0x00000876       0x39 c:/nxp/mcuxpressoide_10.2.1_795/ide/tools/bin/../lib/gcc/arm-none-eabi/7.2.1/../../../../arm-none-eabi/lib/thumb/v7e-m/fpv4-sp/hard\libcr_c.a(_do_fflush.o)
 .ARM.attributes
                0x000008af       0x25 c:/nxp/mcuxpressoide_10.2.1_795/ide/tools/bin/../lib/gcc/arm-none-eabi/7.2.1/thumb/v7e-m/fpv4-sp/hard\libcr_eabihelpers.a(memcpy.o)
 .ARM.attributes
                0x000008d4       0x39 c:/nxp/mcuxpressoide_10.2.1_795/ide/tools/bin/../lib/gcc/arm-none-eabi/7.2.1/../../../../arm-none-eabi/lib/thumb/v7e-m/fpv4-sp/hard\libcr_nohost_nf.a(__sys_close.o)
 .ARM.attributes
                0x0000090d       0x39 c:/nxp/mcuxpressoide_10.2.1_795/ide/tools/bin/../lib/gcc/arm-none-eabi/7.2.1/../../../../arm-none-eabi/lib/thumb/v7e-m/fpv4-sp/hard\libcr_nohost_nf.a(__sys_flen.o)
 .ARM.attributes
                0x00000946       0x39 c:/nxp/mcuxpressoide_10.2.1_795/ide/tools/bin/../lib/gcc/arm-none-eabi/7.2.1/../../../../arm-none-eabi/lib/thumb/v7e-m/fpv4-sp/hard\libcr_nohost_nf.a(__sys_istty.o)
 .ARM.attributes
                0x0000097f       0x39 c:/nxp/mcuxpressoide_10.2.1_795/ide/tools/bin/../lib/gcc/arm-none-eabi/7.2.1/../../../../arm-none-eabi/lib/thumb/v7e-m/fpv4-sp/hard\libcr_nohost_nf.a(__sys_remove.o)
 .ARM.attributes
                0x000009b8       0x39 c:/nxp/mcuxpressoide_10.2.1_795/ide/tools/bin/../lib/gcc/arm-none-eabi/7.2.1/../../../../arm-none-eabi/lib/thumb/v7e-m/fpv4-sp/hard\libcr_nohost_nf.a(__sys_seek.o)
 .ARM.attributes
                0x000009f1       0x39 c:/nxp/mcuxpressoide_10.2.1_795/ide/tools/bin/../lib/gcc/arm-none-eabi/7.2.1/../../../../arm-none-eabi/lib/thumb/v7e-m/fpv4-sp/hard\libcr_nohost_nf.a(__sys_tmpnam.o)
 .ARM.attributes
                0x00000a2a       0x39 c:/nxp/mcuxpressoide_10.2.1_795/ide/tools/bin/../lib/gcc/arm-none-eabi/7.2.1/../../../../arm-none-eabi/lib/thumb/v7e-m/fpv4-sp/hard\libcr_nohost_nf.a(__sys_write.o)

.debug_frame    0x00000000     0x2c04
 .debug_frame   0x00000000      0x150 ./utilities/fsl_debug_console.o
 .debug_frame   0x00000150       0xe0 ./utilities/fsl_io.o
 .debug_frame   0x00000230      0x120 ./utilities/fsl_log.o
 .debug_frame   0x00000350      0xacc ./startup/startup_mk82f25615.o
 .debug_frame   0x00000e1c       0x70 ./source/ftm.o
 .debug_frame   0x00000e8c       0x20 ./source/semihost_hardfault.o
 .debug_frame   0x00000eac      0x858 ./drivers/fsl_clock.o
 .debug_frame   0x00001704      0x338 ./drivers/fsl_ftm.o
 .debug_frame   0x00001a3c      0x6b0 ./drivers/fsl_i2c.o
 .debug_frame   0x000020ec      0x524 ./drivers/fsl_lpuart.o
 .debug_frame   0x00002610       0x5c ./board/board.o
 .debug_frame   0x0000266c      0x140 ./board/clock_config.o
 .debug_frame   0x000027ac      0x234 ./board/peripherals.o
 .debug_frame   0x000029e0      0x1b0 ./board/pin_mux.o
 .debug_frame   0x00002b90       0x74 ./CMSIS/system_MK82F25615.o
