Archive member included to satisfy reference by file (symbol)

e:/nxp/mcuxpressoide_10.2.1_795/ide/tools/bin/../lib/gcc/arm-none-eabi/7.2.1/../../../../arm-none-eabi/lib/thumb/v7e-m/fpv4-sp/hard\libcr_nohost_nf.a(_cr__main.o)
                              ./startup/startup_mk82f25615.o (__main)
e:/nxp/mcuxpressoide_10.2.1_795/ide/tools/bin/../lib/gcc/arm-none-eabi/7.2.1/../../../../arm-none-eabi/lib/thumb/v7e-m/fpv4-sp/hard\libcr_nohost_nf.a(_cr_assert.o)
                              ./utilities/fsl_debug_console.o (__assertion_failed)
e:/nxp/mcuxpressoide_10.2.1_795/ide/tools/bin/../lib/gcc/arm-none-eabi/7.2.1/../../../../arm-none-eabi/lib/thumb/v7e-m/fpv4-sp/hard\libcr_nohost_nf.a(__ciob.o)
                              e:/nxp/mcuxpressoide_10.2.1_795/ide/tools/bin/../lib/gcc/arm-none-eabi/7.2.1/../../../../arm-none-eabi/lib/thumb/v7e-m/fpv4-sp/hard\libcr_nohost_nf.a(_cr_assert.o) (__Ciob)
e:/nxp/mcuxpressoide_10.2.1_795/ide/tools/bin/../lib/gcc/arm-none-eabi/7.2.1/../../../../arm-none-eabi/lib/thumb/v7e-m/fpv4-sp/hard\libcr_nohost_nf.a(__sys_appexit.o)
                              e:/nxp/mcuxpressoide_10.2.1_795/ide/tools/bin/../lib/gcc/arm-none-eabi/7.2.1/../../../../arm-none-eabi/lib/thumb/v7e-m/fpv4-sp/hard\libcr_nohost_nf.a(_cr_assert.o) (__sys_appexit)
e:/nxp/mcuxpressoide_10.2.1_795/ide/tools/bin/../lib/gcc/arm-none-eabi/7.2.1/../../../../arm-none-eabi/lib/thumb/v7e-m/fpv4-sp/hard\libcr_c.a(memcpy.o)
                              ./sdmmc/src/fsl_mmc.o (memcpy)
e:/nxp/mcuxpressoide_10.2.1_795/ide/tools/bin/../lib/gcc/arm-none-eabi/7.2.1/../../../../arm-none-eabi/lib/thumb/v7e-m/fpv4-sp/hard\libcr_c.a(memset.o)
                              ./utilities/fsl_debug_console.o (memset)
e:/nxp/mcuxpressoide_10.2.1_795/ide/tools/bin/../lib/gcc/arm-none-eabi/7.2.1/../../../../arm-none-eabi/lib/thumb/v7e-m/fpv4-sp/hard\libcr_c.a(_deferredlazyseek.o)
                              e:/nxp/mcuxpressoide_10.2.1_795/ide/tools/bin/../lib/gcc/arm-none-eabi/7.2.1/../../../../arm-none-eabi/lib/thumb/v7e-m/fpv4-sp/hard\libcr_nohost_nf.a(_cr_assert.o) (__flsbuf)
e:/nxp/mcuxpressoide_10.2.1_795/ide/tools/bin/../lib/gcc/arm-none-eabi/7.2.1/../../../../arm-none-eabi/lib/thumb/v7e-m/fpv4-sp/hard\libcr_c.a(_fflush.o)
                              e:/nxp/mcuxpressoide_10.2.1_795/ide/tools/bin/../lib/gcc/arm-none-eabi/7.2.1/../../../../arm-none-eabi/lib/thumb/v7e-m/fpv4-sp/hard\libcr_c.a(_deferredlazyseek.o) (_fflush)
e:/nxp/mcuxpressoide_10.2.1_795/ide/tools/bin/../lib/gcc/arm-none-eabi/7.2.1/../../../../arm-none-eabi/lib/thumb/v7e-m/fpv4-sp/hard\libcr_c.a(_writebuf.o)
                              e:/nxp/mcuxpressoide_10.2.1_795/ide/tools/bin/../lib/gcc/arm-none-eabi/7.2.1/../../../../arm-none-eabi/lib/thumb/v7e-m/fpv4-sp/hard\libcr_c.a(_deferredlazyseek.o) (_Cwritebuf)
e:/nxp/mcuxpressoide_10.2.1_795/ide/tools/bin/../lib/gcc/arm-none-eabi/7.2.1/../../../../arm-none-eabi/lib/thumb/v7e-m/fpv4-sp/hard\libcr_c.a(alloc.o)
                              ./drivers/fsl_common.o (malloc)
e:/nxp/mcuxpressoide_10.2.1_795/ide/tools/bin/../lib/gcc/arm-none-eabi/7.2.1/../../../../arm-none-eabi/lib/thumb/v7e-m/fpv4-sp/hard\libcr_c.a(fputs.o)
                              e:/nxp/mcuxpressoide_10.2.1_795/ide/tools/bin/../lib/gcc/arm-none-eabi/7.2.1/../../../../arm-none-eabi/lib/thumb/v7e-m/fpv4-sp/hard\libcr_nohost_nf.a(_cr_assert.o) (fputs)
e:/nxp/mcuxpressoide_10.2.1_795/ide/tools/bin/../lib/gcc/arm-none-eabi/7.2.1/../../../../arm-none-eabi/lib/thumb/v7e-m/fpv4-sp/hard\libcr_c.a(fseek.o)
                              e:/nxp/mcuxpressoide_10.2.1_795/ide/tools/bin/../lib/gcc/arm-none-eabi/7.2.1/../../../../arm-none-eabi/lib/thumb/v7e-m/fpv4-sp/hard\libcr_c.a(_deferredlazyseek.o) (fseek)
e:/nxp/mcuxpressoide_10.2.1_795/ide/tools/bin/../lib/gcc/arm-none-eabi/7.2.1/../../../../arm-none-eabi/lib/thumb/v7e-m/fpv4-sp/hard\libcr_c.a(ftell.o)
                              e:/nxp/mcuxpressoide_10.2.1_795/ide/tools/bin/../lib/gcc/arm-none-eabi/7.2.1/../../../../arm-none-eabi/lib/thumb/v7e-m/fpv4-sp/hard\libcr_c.a(fseek.o) (ftell)
e:/nxp/mcuxpressoide_10.2.1_795/ide/tools/bin/../lib/gcc/arm-none-eabi/7.2.1/../../../../arm-none-eabi/lib/thumb/v7e-m/fpv4-sp/hard\libcr_c.a(initio.o)
                              e:/nxp/mcuxpressoide_10.2.1_795/ide/tools/bin/../lib/gcc/arm-none-eabi/7.2.1/../../../../arm-none-eabi/lib/thumb/v7e-m/fpv4-sp/hard\libcr_nohost_nf.a(_cr__main.o) (_initio)
e:/nxp/mcuxpressoide_10.2.1_795/ide/tools/bin/../lib/gcc/arm-none-eabi/7.2.1/../../../../arm-none-eabi/lib/thumb/v7e-m/fpv4-sp/hard\libcr_c.a(setvbuf.o)
                              e:/nxp/mcuxpressoide_10.2.1_795/ide/tools/bin/../lib/gcc/arm-none-eabi/7.2.1/../../../../arm-none-eabi/lib/thumb/v7e-m/fpv4-sp/hard\libcr_c.a(initio.o) (setvbuf)
e:/nxp/mcuxpressoide_10.2.1_795/ide/tools/bin/../lib/gcc/arm-none-eabi/7.2.1/../../../../arm-none-eabi/lib/thumb/v7e-m/fpv4-sp/hard\libcr_c.a(strlen.o)
                              ./utilities/fsl_str.o (strlen)
[...]
Memory Configuration

Name             Origin             Length             Attributes
PROGRAM_FLASH    0x00000000         0x00040000         xr
SRAM_UPPER       0x20000000         0x00030000         xrw
SRAM_LOWER       0x1fff0000         0x00010000         xrw
*default*        0x00000000         0xffffffff

Linker script and memory map

LOAD ./utilities/fsl_debug_console.o
LOAD ./utilities/fsl_io.o
LOAD ./utilities/fsl_log.o
LOAD ./utilities/fsl_str.o
LOAD ./startup/startup_mk82f25615.o
LOAD ./source/ftm.o
LOAD ./source/semihost_hardfault.o
LOAD ./sdmmc/src/fsl_mmc.o
LOAD ./sdmmc/src/fsl_sd.o
LOAD ./sdmmc/src/fsl_sdio.o
LOAD ./sdmmc/src/fsl_sdmmc_common.o
LOAD ./sdmmc/src/fsl_sdspi.o
LOAD ./fatfs/fatfs_source/diskio.o
LOAD ./fatfs/fatfs_source/ff.o
LOAD ./fatfs/fatfs_source/ffsystem.o
LOAD ./fatfs/fatfs_source/ffunicode.o
LOAD ./fatfs/fatfs_source/fsl_sd_disk.o
LOAD ./fatfs/fatfs_source/fsl_sdspi_disk.o
LOAD ./drivers/fsl_clock.o
LOAD ./drivers/fsl_common.o
LOAD ./drivers/fsl_dspi.o
LOAD ./drivers/fsl_ftfx_cache.o
LOAD ./drivers/fsl_ftfx_controller.o
LOAD ./drivers/fsl_ftfx_flash.o
LOAD ./drivers/fsl_ftfx_flexnvm.o
LOAD ./drivers/fsl_ftm.o
LOAD ./drivers/fsl_gpio.o
LOAD ./drivers/fsl_i2c.o
LOAD ./drivers/fsl_lpuart.o
LOAD ./drivers/fsl_sdhc.o
LOAD ./drivers/fsl_smc.o
LOAD ./board/board.o
LOAD ./board/clock_config.o
LOAD ./board/peripherals.o
LOAD ./board/pin_mux.o
LOAD ./CMSIS/system_MK82F25615.o
START GROUP
LOAD e:/nxp/mcuxpressoide_10.2.1_795/ide/tools/bin/../lib/gcc/arm-none-eabi/7.2.1/../../../../arm-none-eabi/lib/thumb/v7e-m/fpv4-sp/hard\libcr_nohost_nf.a
LOAD e:/nxp/mcuxpressoide_10.2.1_795/ide/tools/bin/../lib/gcc/arm-none-eabi/7.2.1/../../../../arm-none-eabi/lib/thumb/v7e-m/fpv4-sp/hard\libcr_c.a
LOAD e:/nxp/mcuxpressoide_10.2.1_795/ide/tools/bin/../lib/gcc/arm-none-eabi/7.2.1/thumb/v7e-m/fpv4-sp/hard\libcr_eabihelpers.a
END GROUP
                0x00000000                __base_PROGRAM_FLASH = 0x0
                0x00000000                __base_Flash = 0x0
                0x00040000                __top_PROGRAM_FLASH = 0x40000
                0x00040000                __top_Flash = 0x40000
                0x20000000                __base_SRAM_UPPER = 0x20000000
                0x20000000                __base_RAM = 0x20000000
                0x20030000                __top_SRAM_UPPER = 0x20030000
                0x20030000                __top_RAM = 0x20030000
                0x1fff0000                __base_SRAM_LOWER = 0x1fff0000
                0x1fff0000                __base_RAM2 = 0x1fff0000
                0x20000000                __top_SRAM_LOWER = 0x20000000
                0x20000000                __top_RAM2 = 0x20000000

.text           0x00000000     0xa598
 FILL mask 0xff
                0x00000000                __vectors_start__ = ABSOLUTE (.)
 *(SORT_BY_ALIGNMENT(.isr_vector))
 .isr_vector    0x00000000      0x1e4 ./startup/startup_mk82f25615.o
                0x00000000                g_pfnVectors
                0x00000000                __Vectors
                0x000001e4                . = ALIGN (0x4)
                0x000001e4                __section_table_start = .
                0x000001e4                __data_section_table = .
                0x000001e4        0x4 LONG 0xa598 LOADADDR (.data)
                0x000001e8        0x4 LONG 0x20000000 ADDR (.data)
                0x000001ec        0x4 LONG 0x10 SIZEOF (.data)
                0x000001f0        0x4 LONG 0xa598 LOADADDR (.data_RAM2)
                0x000001f4        0x4 LONG 0x1fff0000 ADDR (.data_RAM2)
                0x000001f8        0x4 LONG 0x0 SIZEOF (.data_RAM2)
                0x000001fc                __data_section_table_end = .
                0x000001fc                __bss_section_table = .
                0x000001fc        0x4 LONG 0x20000010 ADDR (.bss)
                0x00000200        0x4 LONG 0x650 SIZEOF (.bss)
                0x00000204        0x4 LONG 0x1fff0000 ADDR (.bss_RAM2)
                0x00000208        0x4 LONG 0x0 SIZEOF (.bss_RAM2)
                0x0000020c                __bss_section_table_end = .
                0x0000020c                __section_table_end = .
 *(SORT_BY_ALIGNMENT(.after_vectors*))
 .after_vectors.reset
                0x0000020c       0x4c ./startup/startup_mk82f25615.o
                0x0000020c                ResetISR
 .after_vectors.init_data
                0x00000258       0x1e ./startup/startup_mk82f25615.o
                0x00000258                data_init
 .after_vectors.init_bss
                0x00000276       0x12 ./startup/startup_mk82f25615.o
                0x00000276                bss_init
 .after_vectors
                0x00000288       0x14 ./startup/startup_mk82f25615.o
                0x00000288                NMI_Handler
                0x0000028c                MemManage_Handler
                0x0000028e                BusFault_Handler
                0x00000290                UsageFault_Handler
                0x00000292                SVC_Handler
                0x00000294                DebugMon_Handler
                0x00000296                PendSV_Handler
                0x00000298                SysTick_Handler
                0x0000029a                Reserved101_DriverIRQHandler
                0x0000029a                Reserved119_DriverIRQHandler
                0x0000029a                DMA_Error_DriverIRQHandler
                0x0000029a                PORTB_DriverIRQHandler
                0x0000029a                FTM1_DriverIRQHandler
                0x0000029a                Reserved100_DriverIRQHandler
                0x0000029a                TRNG0_DriverIRQHandler
                0x0000029a                FTM2_DriverIRQHandler
                0x0000029a                Reserved52_DriverIRQHandler
                0x0000029a                TPM2_DriverIRQHandler
                0x0000029a                Reserved112_DriverIRQHandler
                0x0000029a                Reserved82_DriverIRQHandler
                0x0000029a                DMA7_DMA23_DriverIRQHandler
                0x0000029a                Reserved111_DriverIRQHandler
                0x0000029a                Reserved110_DriverIRQHandler
                0x0000029a                I2S0_Tx_DriverIRQHandler
                0x0000029a                TSI0_DriverIRQHandler
                0x0000029a                RTC_Seconds_DriverIRQHandler
                0x0000029a                Reserved109_DriverIRQHandler
                0x0000029a                LLWU_DriverIRQHandler
                0x0000029a                MCM_DriverIRQHandler
                0x0000029a                DMA14_DMA30_DriverIRQHandler
                0x0000029a                MCG_DriverIRQHandler
                0x0000029a                FLEXIO0_DriverIRQHandler
                0x0000029a                DMA13_DMA29_DriverIRQHandler
                0x0000029a                CMP1_DriverIRQHandler
                0x0000029a                QuadSPI0_DriverIRQHandler
                0x0000029a                DMA0_DMA16_DriverIRQHandler
                0x0000029a                FTFA_DriverIRQHandler
                0x0000029a                FTM0_DriverIRQHandler
                0x0000029a                IntDefaultHandler
                0x0000029a                USB0_DriverIRQHandler
                0x0000029a                PORTC_DriverIRQHandler
                0x0000029a                DMA2_DMA18_DriverIRQHandler
                0x0000029a                DAC0_DriverIRQHandler
                0x0000029a                Reserved114_DriverIRQHandler
                0x0000029a                LVD_LVW_DriverIRQHandler
                0x0000029a                Reserved84_DriverIRQHandler
                0x0000029a                USBDCD_DriverIRQHandler
                0x0000029a                PIT0CH1_DriverIRQHandler
                0x0000029a                Reserved117_DriverIRQHandler
                0x0000029a                LPTMR0_LPTMR1_DriverIRQHandler
                0x0000029a                DMA10_DMA26_DriverIRQHandler
                0x0000029a                Reserved91_DriverIRQHandler
                0x0000029a                CMT_DriverIRQHandler
                0x0000029a                Reserved71_DriverIRQHandler
                0x0000029a                PORTA_DriverIRQHandler
                0x0000029a                DMA1_DMA17_DriverIRQHandler
                0x0000029a                Reserved92_DriverIRQHandler
                0x0000029a                TPM1_DriverIRQHandler
                0x0000029a                WDOG_EWM_DriverIRQHandler
                0x0000029a                Reserved89_DriverIRQHandler
                0x0000029a                PDB0_DriverIRQHandler
                0x0000029a                Reserved95_DriverIRQHandler
                0x0000029a                Reserved83_DriverIRQHandler
                0x0000029a                DMA8_DMA24_DriverIRQHandler
                0x0000029a                Reserved93_DriverIRQHandler
                0x0000029a                DMA6_DMA22_DriverIRQHandler
                0x0000029a                RTC_DriverIRQHandler
                0x0000029a                I2S0_Rx_DriverIRQHandler
                0x0000029a                Read_Collision_DriverIRQHandler
                0x0000029a                SWI_DriverIRQHandler
                0x0000029a                Reserved99_DriverIRQHandler
                0x0000029a                Reserved102_DriverIRQHandler
                0x0000029a                Reserved51_DriverIRQHandler
                0x0000029a                EMVSIM0_DriverIRQHandler
                0x0000029a                PIT0CH3_DriverIRQHandler
                0x0000029a                DMA11_DMA27_DriverIRQHandler
                0x0000029a                Reserved94_DriverIRQHandler
                0x0000029a                PIT0CH2_DriverIRQHandler
                0x0000029a                DMA4_DMA20_DriverIRQHandler
                0x0000029a                DMA9_DMA25_DriverIRQHandler
                0x0000029a                Reserved118_DriverIRQHandler
                0x0000029a                Reserved96_DriverIRQHandler
                0x0000029a                DMA3_DMA19_DriverIRQHandler
                0x0000029a                Reserved85_DriverIRQHandler
                0x0000029a                LTC0_DriverIRQHandler
                0x0000029a                Reserved88_DriverIRQHandler
                0x0000029a                ADC0_DriverIRQHandler
                0x0000029a                Reserved113_DriverIRQHandler
                0x0000029a                CMP0_DriverIRQHandler
                0x0000029a                Reserved98_DriverIRQHandler
                0x0000029a                FTM3_DriverIRQHandler
                0x0000029a                EMVSIM1_DriverIRQHandler
                0x0000029a                Reserved106_DriverIRQHandler
                0x0000029a                DMA5_DMA21_DriverIRQHandler
                0x0000029a                Reserved115_DriverIRQHandler
                0x0000029a                DMA12_DMA28_DriverIRQHandler
                0x0000029a                DMA15_DMA31_DriverIRQHandler
                0x0000029a                PIT0CH0_DriverIRQHandler
                0x0000029a                PORTD_DriverIRQHandler
                0x0000029a                PORTE_DriverIRQHandler
                0x0000029a                Reserved108_DriverIRQHandler
                0x00000400                . = 0x400
 *fill*         0x0000029c      0x164 ff
                0x00000400                PROVIDE (__FLASH_CONFIG_START__, .)
 *(SORT_BY_ALIGNMENT(.FlashConfig))
 .FlashConfig   0x00000400       0x10 ./startup/startup_mk82f25615.o
                0x00000400                Flash_Config
                0x00000410                PROVIDE (__FLASH_CONFIG_END__, .)
                0x00000001                ASSERT (! ((__FLASH_CONFIG_START__ == __FLASH_CONFIG_END__)), Linker Flash Config Support Enabled, but no .FlashConfig section provided within application)
 *(SORT_BY_ALIGNMENT(.text*))
 .text.DbgConsole_Init
                0x00000410       0x38 ./utilities/fsl_debug_console.o
                0x00000410                DbgConsole_Init
 .text.DbgConsole_Printf
                0x00000448       0x64 ./utilities/fsl_debug_console.o
                0x00000448                DbgConsole_Printf
 .text.IO_Init  0x000004ac       0x7c ./utilities/fsl_io.o
                0x000004ac                IO_Init
 .text.IO_Transfer
                0x00000528       0x58 ./utilities/fsl_io.o
                0x00000528                IO_Transfer
 .text.LOG_Push
                0x00000580       0x2c ./utilities/fsl_log.o
                0x00000580                LOG_Push
 .text.INIT_SD_CARD
                0x000005ac       0xc8 ./source/ftm.o
                0x000005ac                INIT_SD_CARD
 .text.UPDATE_DISTANCE
                0x00000674       0xec ./source/ftm.o
                0x00000674                UPDATE_DISTANCE
 .text.FTM0_IRQHandler
                0x00000760      0x14c ./source/ftm.o
                0x00000760                FTM0_IRQHandler
 .text.FTM3_IRQHandler
                0x000008ac       0xbc ./source/ftm.o
                0x000008ac                FTM3_IRQHandler
 .text.main     0x00000968       0x88 ./source/ftm.o
                0x00000968                main
 .text.SDSPI_SendCommand
                0x000009f0      0x174 ./sdmmc/src/fsl_sdspi.o
 .text.SDSPI_GoIdle
                0x00000b64       0x6c ./sdmmc/src/fsl_sdspi.o
 .text.SDSPI_SendInterfaceCondition
                0x00000bd0       0xa8 ./sdmmc/src/fsl_sdspi.o
 .text.SDSPI_SendApplicationCmd
                0x00000c78       0x6c ./sdmmc/src/fsl_sdspi.o
 .text.SDSPI_ApplicationSendOperationCondition
                0x00000ce4       0x80 ./sdmmc/src/fsl_sdspi.o
 .text.SDSPI_ReadOcr
                0x00000d64       0xc4 ./sdmmc/src/fsl_sdspi.o
 .text.SDSPI_SetBlockSize
                0x00000e28       0x58 ./sdmmc/src/fsl_sdspi.o
 .text.SDSPI_DecodeCsd
                0x00000e80      0x3a0 ./sdmmc/src/fsl_sdspi.o
 .text.SDSPI_SendCsd
                0x00001220       0x80 ./sdmmc/src/fsl_sdspi.o
 .text.SDSPI_DecodeScr
                0x000012a0       0xd0 ./sdmmc/src/fsl_sdspi.o
 .text.SDSPI_SendScr
                0x00001370       0x90 ./sdmmc/src/fsl_sdspi.o
 .text.SDSPI_Write
                0x00001400       0xe4 ./sdmmc/src/fsl_sdspi.o
 .text.SDSPI_Read
                0x000014e4       0xe0 ./sdmmc/src/fsl_sdspi.o
 .text.SDSPI_Init
                0x000015c4      0x130 ./sdmmc/src/fsl_sdspi.o
                0x000015c4                SDSPI_Init
 .text.SDSPI_CheckReadOnly
                0x000016f4       0x44 ./sdmmc/src/fsl_sdspi.o
                0x000016f4                SDSPI_CheckReadOnly
 .text.SDSPI_ReadBlocks
                0x00001738       0xf4 ./sdmmc/src/fsl_sdspi.o
                0x00001738                SDSPI_ReadBlocks
 .text.SDSPI_WriteBlocks
                0x0000182c      0x138 ./sdmmc/src/fsl_sdspi.o
                0x0000182c                SDSPI_WriteBlocks
 .text.sync_fs  0x00001964       0xdc ./fatfs/fatfs_source/ff.o
 .text.create_name
                0x00001a40      0x21c ./fatfs/fatfs_source/ff.o
 .text.get_ldnumber
                0x00001c5c       0x98 ./fatfs/fatfs_source/ff.o
 .text.check_fs
                0x00001cf4       0xac ./fatfs/fatfs_source/ff.o
 .text.find_volume
                0x00001da0      0x4b8 ./fatfs/fatfs_source/ff.o
 .text.f_mount  0x00002258       0x80 ./fatfs/fatfs_source/ff.o
                0x00002258                f_mount
 .text.f_open   0x000022d8      0x304 ./fatfs/fatfs_source/ff.o
                0x000022d8                f_open
 .text.f_sync   0x000025dc      0x100 ./fatfs/fatfs_source/ff.o
                0x000025dc                f_sync
 .text.f_printf
                0x000026dc      0x464 ./fatfs/fatfs_source/ff.o
                0x000026dc                f_printf
 .text.sdspi_disk_write
                0x00002b40       0x44 ./fatfs/fatfs_source/fsl_sdspi_disk.o
                0x00002b40                sdspi_disk_write
 .text.sdspi_disk_read
                0x00002b84       0x44 ./fatfs/fatfs_source/fsl_sdspi_disk.o
                0x00002b84                sdspi_disk_read
 .text.sdspi_disk_ioctl
                0x00002bc8       0xa0 ./fatfs/fatfs_source/fsl_sdspi_disk.o
                0x00002bc8                sdspi_disk_ioctl
 .text.sdspi_disk_initialize
                0x00002c68       0x3c ./fatfs/fatfs_source/fsl_sdspi_disk.o
                0x00002c68                sdspi_disk_initialize
 .text.spi_init
                0x00002ca4       0x6c ./fatfs/fatfs_source/fsl_sdspi_disk.o
                0x00002ca4                spi_init
 .text.spi_set_frequency
                0x00002d10       0x34 ./fatfs/fatfs_source/fsl_sdspi_disk.o
                0x00002d10                spi_set_frequency
 .text.spi_exchange
                0x00002d44       0x38 ./fatfs/fatfs_source/fsl_sdspi_disk.o
                0x00002d44                spi_exchange
 .text.sdspi_host_init
                0x00002d7c       0x3c ./fatfs/fatfs_source/fsl_sdspi_disk.o
                0x00002d7c                sdspi_host_init
 .text.CLOCK_SetEr32kClock
                0x00002db8       0x30 ./drivers/fsl_clock.o
 .text.CLOCK_SetPllFllSelClock
                0x00002de8       0x58 ./drivers/fsl_clock.o
 .text.CLOCK_GetMcgExtClkFreq
                0x00002e40       0x78 ./drivers/fsl_clock.o
 .text.CLOCK_GetFllExtRefClkFreq
                0x00002eb8       0xd0 ./drivers/fsl_clock.o
 .text.CLOCK_GetInternalRefClkSelectFreq
                0x00002f88       0x44 ./drivers/fsl_clock.o
 .text.CLOCK_GetFllRefClkFreq
                0x00002fcc       0x2c ./drivers/fsl_clock.o
 .text.CLOCK_GetOscRangeFromFreq
                0x00002ff8       0x3c ./drivers/fsl_clock.o
 .text.CLOCK_GetOsc0ErClkUndivFreq
                0x00003034       0x38 ./drivers/fsl_clock.o
                0x00003034                CLOCK_GetOsc0ErClkUndivFreq
 .text.CLOCK_GetOsc0ErClkDivFreq
                0x0000306c       0x48 ./drivers/fsl_clock.o
                0x0000306c                CLOCK_GetOsc0ErClkDivFreq
 .text.CLOCK_GetEr32kClkFreq
                0x000030b4       0x70 ./drivers/fsl_clock.o
                0x000030b4                CLOCK_GetEr32kClkFreq
 .text.CLOCK_GetPllFllSelClkFreq
                0x00003124       0x84 ./drivers/fsl_clock.o
                0x00003124                CLOCK_GetPllFllSelClkFreq
 .text.CLOCK_GetFreq
                0x000031a8      0x150 ./drivers/fsl_clock.o
                0x000031a8                CLOCK_GetFreq
 .text.CLOCK_SetSimConfig
                0x000032f8       0x44 ./drivers/fsl_clock.o
                0x000032f8                CLOCK_SetSimConfig
 .text.CLOCK_GetOutClkFreq
                0x0000333c       0x64 ./drivers/fsl_clock.o
                0x0000333c                CLOCK_GetOutClkFreq
 .text.CLOCK_GetFllFreq
                0x000033a0       0x7c ./drivers/fsl_clock.o
                0x000033a0                CLOCK_GetFllFreq
 .text.CLOCK_GetInternalRefClkFreq
                0x0000341c       0x24 ./drivers/fsl_clock.o
                0x0000341c                CLOCK_GetInternalRefClkFreq
 .text.CLOCK_GetPll0Freq
                0x00003440       0x6c ./drivers/fsl_clock.o
                0x00003440                CLOCK_GetPll0Freq
 .text.CLOCK_SetExternalRefClkConfig
                0x000034ac       0x6c ./drivers/fsl_clock.o
                0x000034ac                CLOCK_SetExternalRefClkConfig
 .text.CLOCK_SetInternalRefClkConfig
                0x00003518      0x104 ./drivers/fsl_clock.o
                0x00003518                CLOCK_SetInternalRefClkConfig
 .text.CLOCK_EnablePll0
                0x0000361c       0x84 ./drivers/fsl_clock.o
                0x0000361c                CLOCK_EnablePll0
 .text.CLOCK_InitOsc0
                0x000036a0       0x8c ./drivers/fsl_clock.o
                0x000036a0                CLOCK_InitOsc0
 .text.CLOCK_SetPbeMode
                0x0000372c       0xa8 ./drivers/fsl_clock.o
                0x0000372c                CLOCK_SetPbeMode
 .text.CLOCK_BootToPeeMode
                0x000037d4       0x64 ./drivers/fsl_clock.o
                0x000037d4                CLOCK_BootToPeeMode
 .text.DSPI_GetInstance
                0x00003838       0x4c ./drivers/fsl_dspi.o
                0x00003838                DSPI_GetInstance
 .text.DSPI_SetDummyData
                0x00003884       0x2c ./drivers/fsl_dspi.o
                0x00003884                DSPI_SetDummyData
 .text.DSPI_MasterInit
                0x000038b0      0x16c ./drivers/fsl_dspi.o
                0x000038b0                DSPI_MasterInit
 .text.DSPI_MasterSetBaudRate
                0x00003a1c      0x120 ./drivers/fsl_dspi.o
                0x00003a1c                DSPI_MasterSetBaudRate
 .text.DSPI_MasterSetDelayTimes
                0x00003b3c      0x128 ./drivers/fsl_dspi.o
                0x00003b3c                DSPI_MasterSetDelayTimes
 .text.DSPI_MasterTransferBlocking
                0x00003c64      0x47c ./drivers/fsl_dspi.o
                0x00003c64                DSPI_MasterTransferBlocking
 .text.DSPI_CommonIRQHandler
                0x000040e0       0x40 ./drivers/fsl_dspi.o
 .text.SPI0_DriverIRQHandler
                0x00004120       0x30 ./drivers/fsl_dspi.o
                0x00004120                SPI0_DriverIRQHandler
 .text.SPI1_DriverIRQHandler
                0x00004150       0x30 ./drivers/fsl_dspi.o
                0x00004150                SPI1_DriverIRQHandler
 .text.SPI2_DriverIRQHandler
                0x00004180       0x30 ./drivers/fsl_dspi.o
                0x00004180                SPI2_DriverIRQHandler
 .text.FTM_GetInstance
                0x000041b0       0x54 ./drivers/fsl_ftm.o
 .text.FTM_SetPwmSync
                0x00004204      0x11c ./drivers/fsl_ftm.o
 .text.FTM_SetReloadPoints
                0x00004320      0x174 ./drivers/fsl_ftm.o
 .text.FTM_Init
                0x00004494       0xf4 ./drivers/fsl_ftm.o
                0x00004494                FTM_Init
 .text.FTM_SetupPwm
                0x00004588      0x2fc ./drivers/fsl_ftm.o
                0x00004588                FTM_SetupPwm
 .text.FTM_SetupDualEdgeCapture
                0x00004884      0x11c ./drivers/fsl_ftm.o
                0x00004884                FTM_SetupDualEdgeCapture
 .text.GPIO_PinInit
                0x000049a0       0x64 ./drivers/fsl_gpio.o
                0x000049a0                GPIO_PinInit
 .text.I2C_TransferCommonIRQHandler
                0x00004a04       0x50 ./drivers/fsl_i2c.o
 .text.I2C0_DriverIRQHandler
                0x00004a54       0x1c ./drivers/fsl_i2c.o
                0x00004a54                I2C0_DriverIRQHandler
 .text.I2C1_DriverIRQHandler
                0x00004a70       0x1c ./drivers/fsl_i2c.o
                0x00004a70                I2C1_DriverIRQHandler
 .text.I2C2_DriverIRQHandler
                0x00004a8c       0x1c ./drivers/fsl_i2c.o
                0x00004a8c                I2C2_DriverIRQHandler
 .text.I2C3_DriverIRQHandler
                0x00004aa8       0x1c ./drivers/fsl_i2c.o
                0x00004aa8                I2C3_DriverIRQHandler
 .text.LPUART_GetInstance
                0x00004ac4       0x4c ./drivers/fsl_lpuart.o
                0x00004ac4                LPUART_GetInstance
 .text.LPUART_Init
                0x00004b10      0x378 ./drivers/fsl_lpuart.o
                0x00004b10                LPUART_Init
 .text.LPUART_GetDefaultConfig
                0x00004e88       0x7c ./drivers/fsl_lpuart.o
                0x00004e88                LPUART_GetDefaultConfig
 .text.LPUART_ClearStatusFlags
                0x00004f04       0xa4 ./drivers/fsl_lpuart.o
                0x00004f04                LPUART_ClearStatusFlags
 .text.LPUART_WriteBlocking
                0x00004fa8       0x4c ./drivers/fsl_lpuart.o
                0x00004fa8                LPUART_WriteBlocking
 .text.LPUART_ReadBlocking
                0x00004ff4       0xbc ./drivers/fsl_lpuart.o
                0x00004ff4                LPUART_ReadBlocking
 .text.LPUART0_DriverIRQHandler
                0x000050b0       0x28 ./drivers/fsl_lpuart.o
                0x000050b0                LPUART0_DriverIRQHandler
 .text.LPUART1_DriverIRQHandler
                0x000050d8       0x28 ./drivers/fsl_lpuart.o
                0x000050d8                LPUART1_DriverIRQHandler
 .text.LPUART2_DriverIRQHandler
                0x00005100       0x28 ./drivers/fsl_lpuart.o
                0x00005100                LPUART2_DriverIRQHandler
 .text.LPUART3_DriverIRQHandler
                0x00005128       0x28 ./drivers/fsl_lpuart.o
                0x00005128                LPUART3_DriverIRQHandler
 .text.LPUART4_DriverIRQHandler
                0x00005150       0x28 ./drivers/fsl_lpuart.o
                0x00005150                LPUART4_DriverIRQHandler
 .text.SDHC_DriverIRQHandler
                0x00005178       0x38 ./drivers/fsl_sdhc.o
                0x00005178                SDHC_DriverIRQHandler
 .text.CLOCK_SetLpuartClock
                0x000051b0       0x3c ./board/board.o
 .text.BOARD_InitDebugConsole
                0x000051ec       0x2c ./board/board.o
                0x000051ec                BOARD_InitDebugConsole
 .text.CLOCK_SetSimSafeDivs
                0x00005218       0x20 ./board/clock_config.o
 .text.CLOCK_SetXtal0Freq
                0x00005238       0x20 ./board/clock_config.o
 .text.CLOCK_CONFIG_SetFllExtRefDiv
                0x00005258       0x3c ./board/clock_config.o
 .text.BOARD_BootClockRUN
                0x00005294       0x60 ./board/clock_config.o
                0x00005294                BOARD_BootClockRUN
 .text.__NVIC_EnableIRQ
                0x000052f4       0x3c ./board/peripherals.o
 .text.__NVIC_SetPriority
                0x00005330       0x54 ./board/peripherals.o
 .text.FTM_0_init
                0x00005384       0x54 ./board/peripherals.o
                0x00005384                FTM_0_init
 .text.FTM_DIST_init
                0x000053d8       0x78 ./board/peripherals.o
                0x000053d8                FTM_DIST_init
 .text.PORT_SetPinConfig
                0x00005450       0x38 ./board/pin_mux.o
 .text.BOARD_InitPins
                0x00005488       0xc0 ./board/pin_mux.o
                0x00005488                BOARD_InitPins
 .text.BOARD_InitDEBUG_UART
                0x00005548       0x50 ./board/pin_mux.o
                0x00005548                BOARD_InitDEBUG_UART
 .text.SystemInit
                0x00005598       0x3c ./CMSIS/system_MK82F25615.o
                0x00005598                SystemInit
 .text.__assertion_failed
                0x000055d4       0x4c e:/nxp/mcuxpressoide_10.2.1_795/ide/tools/bin/../lib/gcc/arm-none-eabi/7.2.1/../../../../arm-none-eabi/lib/thumb/v7e-m/fpv4-sp/hard\libcr_nohost_nf.a(_cr_assert.o)
                0x000055d4                __assertion_failed
 .text._Cwritebuf
                0x00005620       0x6c e:/nxp/mcuxpressoide_10.2.1_795/ide/tools/bin/../lib/gcc/arm-none-eabi/7.2.1/../../../../arm-none-eabi/lib/thumb/v7e-m/fpv4-sp/hard\libcr_c.a(_writebuf.o)
                0x00005620                _Cwritebuf
 .text.malloc   0x0000568c       0xc8 e:/nxp/mcuxpressoide_10.2.1_795/ide/tools/bin/../lib/gcc/arm-none-eabi/7.2.1/../../../../arm-none-eabi/lib/thumb/v7e-m/fpv4-sp/hard\libcr_c.a(alloc.o)
                0x0000568c                malloc
 .text._Csys_alloc
                0x00005754       0x20 e:/nxp/mcuxpressoide_10.2.1_795/ide/tools/bin/../lib/gcc/arm-none-eabi/7.2.1/../../../../arm-none-eabi/lib/thumb/v7e-m/fpv4-sp/hard\libcr_c.a(alloc.o)
                0x00005754                _Csys_alloc
 .text.fseek    0x00005774      0x100 e:/nxp/mcuxpressoide_10.2.1_795/ide/tools/bin/../lib/gcc/arm-none-eabi/7.2.1/../../../../arm-none-eabi/lib/thumb/v7e-m/fpv4-sp/hard\libcr_c.a(fseek.o)
                0x00005774                fseek
 .text.ftell    0x00005874       0x44 e:/nxp/mcuxpressoide_10.2.1_795/ide/tools/bin/../lib/gcc/arm-none-eabi/7.2.1/../../../../arm-none-eabi/lib/thumb/v7e-m/fpv4-sp/hard\libcr_c.a(ftell.o)
                0x00005874                ftell
 .text._initio  0x000058b8       0x78 e:/nxp/mcuxpressoide_10.2.1_795/ide/tools/bin/../lib/gcc/arm-none-eabi/7.2.1/../../../../arm-none-eabi/lib/thumb/v7e-m/fpv4-sp/hard\libcr_c.a(initio.o)
                0x000058b8                _initio
 .text.setvbuf  0x00005930       0x40 e:/nxp/mcuxpressoide_10.2.1_795/ide/tools/bin/../lib/gcc/arm-none-eabi/7.2.1/../../../../arm-none-eabi/lib/thumb/v7e-m/fpv4-sp/hard\libcr_c.a(setvbuf.o)
                0x00005930                setvbuf
 .text._sbrk    0x00005970       0x3c e:/nxp/mcuxpressoide_10.2.1_795/ide/tools/bin/../lib/gcc/arm-none-eabi/7.2.1/../../../../arm-none-eabi/lib/thumb/v7e-m/fpv4-sp/hard\libcr_c.a(_cr_sbrk.o)
                0x00005970                _sbrk
 .text.fflush   0x000059ac       0x44 e:/nxp/mcuxpressoide_10.2.1_795/ide/tools/bin/../lib/gcc/arm-none-eabi/7.2.1/../../../../arm-none-eabi/lib/thumb/v7e-m/fpv4-sp/hard\libcr_c.a(fflush.o)
                0x000059ac                fflush
 .text.__check_heap_overflow
                0x000059f0       0x18 e:/nxp/mcuxpressoide_10.2.1_795/ide/tools/bin/../lib/gcc/arm-none-eabi/7.2.1/../../../../arm-none-eabi/lib/thumb/v7e-m/fpv4-sp/hard\libcr_c.a(_cr_check_heap.o)
                0x000059f0                __check_heap_overflow
 .text.DbgConsole_RelocateLog
                0x00005a08       0x64 ./utilities/fsl_debug_console.o
 .text.LPUART_EnableTx
                0x00005a6c       0x38 ./utilities/fsl_io.o
 .text.LPUART_EnableRx
                0x00005aa4       0x38 ./utilities/fsl_io.o
 .text.LOG_Init
                0x00005adc       0x30 ./utilities/fsl_log.o
                0x00005adc                LOG_Init
 .text.LOG_Pop  0x00005b0c       0x42 ./utilities/fsl_log.o
                0x00005b0c                LOG_Pop
 .text.ConvertRadixNumToString
                0x00005b4e      0x114 ./utilities/fsl_str.o
 .text.StrFormatPrintf
                0x00005c62      0x30c ./utilities/fsl_str.o
                0x00005c62                StrFormatPrintf
 .text.DMA0_DMA16_IRQHandler
                0x00005f6e        0x8 ./startup/startup_mk82f25615.o
                0x00005f6e                DMA0_DMA16_IRQHandler
 .text.DMA1_DMA17_IRQHandler
                0x00005f76        0x8 ./startup/startup_mk82f25615.o
                0x00005f76                DMA1_DMA17_IRQHandler
 .text.DMA2_DMA18_IRQHandler
                0x00005f7e        0x8 ./startup/startup_mk82f25615.o
                0x00005f7e                DMA2_DMA18_IRQHandler
 .text.DMA3_DMA19_IRQHandler
                0x00005f86        0x8 ./startup/startup_mk82f25615.o
                0x00005f86                DMA3_DMA19_IRQHandler
 .text.DMA4_DMA20_IRQHandler
                0x00005f8e        0x8 ./startup/startup_mk82f25615.o
                0x00005f8e                DMA4_DMA20_IRQHandler
 .text.DMA5_DMA21_IRQHandler
                0x00005f96        0x8 ./startup/startup_mk82f25615.o
                0x00005f96                DMA5_DMA21_IRQHandler
 .text.DMA6_DMA22_IRQHandler
                0x00005f9e        0x8 ./startup/startup_mk82f25615.o
                0x00005f9e                DMA6_DMA22_IRQHandler
 .text.DMA7_DMA23_IRQHandler
                0x00005fa6        0x8 ./startup/startup_mk82f25615.o
                0x00005fa6                DMA7_DMA23_IRQHandler
 .text.DMA8_DMA24_IRQHandler
                0x00005fae        0x8 ./startup/startup_mk82f25615.o
                0x00005fae                DMA8_DMA24_IRQHandler
 .text.DMA9_DMA25_IRQHandler
                0x00005fb6        0x8 ./startup/startup_mk82f25615.o
                0x00005fb6                DMA9_DMA25_IRQHandler
 .text.DMA10_DMA26_IRQHandler
                0x00005fbe        0x8 ./startup/startup_mk82f25615.o
                0x00005fbe                DMA10_DMA26_IRQHandler
 .text.DMA11_DMA27_IRQHandler
                0x00005fc6        0x8 ./startup/startup_mk82f25615.o
                0x00005fc6                DMA11_DMA27_IRQHandler
 .text.DMA12_DMA28_IRQHandler
                0x00005fce        0x8 ./startup/startup_mk82f25615.o
                0x00005fce                DMA12_DMA28_IRQHandler
 .text.DMA13_DMA29_IRQHandler
                0x00005fd6        0x8 ./startup/startup_mk82f25615.o
                0x00005fd6                DMA13_DMA29_IRQHandler
 .text.DMA14_DMA30_IRQHandler
                0x00005fde        0x8 ./startup/startup_mk82f25615.o
                0x00005fde                DMA14_DMA30_IRQHandler
 .text.DMA15_DMA31_IRQHandler
                0x00005fe6        0x8 ./startup/startup_mk82f25615.o
                0x00005fe6                DMA15_DMA31_IRQHandler
 .text.DMA_Error_IRQHandler
                0x00005fee        0x8 ./startup/startup_mk82f25615.o
                0x00005fee                DMA_Error_IRQHandler
 .text.MCM_IRQHandler
                0x00005ff6        0x8 ./startup/startup_mk82f25615.o
                0x00005ff6                MCM_IRQHandler
 .text.FTFA_IRQHandler
                0x00005ffe        0x8 ./startup/startup_mk82f25615.o
                0x00005ffe                FTFA_IRQHandler
 .text.Read_Collision_IRQHandler
                0x00006006        0x8 ./startup/startup_mk82f25615.o
                0x00006006                Read_Collision_IRQHandler
 .text.LVD_LVW_IRQHandler
                0x0000600e        0x8 ./startup/startup_mk82f25615.o
                0x0000600e                LVD_LVW_IRQHandler
 .text.LLWU_IRQHandler
                0x00006016        0x8 ./startup/startup_mk82f25615.o
                0x00006016                LLWU_IRQHandler
 .text.WDOG_EWM_IRQHandler
                0x0000601e        0x8 ./startup/startup_mk82f25615.o
                0x0000601e                WDOG_EWM_IRQHandler
 .text.TRNG0_IRQHandler
                0x00006026        0x8 ./startup/startup_mk82f25615.o
                0x00006026                TRNG0_IRQHandler
 .text.I2C0_IRQHandler
                0x0000602e        0x8 ./startup/startup_mk82f25615.o
                0x0000602e                I2C0_IRQHandler
 .text.I2C1_IRQHandler
                0x00006036        0x8 ./startup/startup_mk82f25615.o
                0x00006036                I2C1_IRQHandler
 .text.SPI0_IRQHandler
                0x0000603e        0x8 ./startup/startup_mk82f25615.o
                0x0000603e                SPI0_IRQHandler
 .text.SPI1_IRQHandler
                0x00006046        0x8 ./startup/startup_mk82f25615.o
                0x00006046                SPI1_IRQHandler
 .text.I2S0_Tx_IRQHandler
                0x0000604e        0x8 ./startup/startup_mk82f25615.o
                0x0000604e                I2S0_Tx_IRQHandler
 .text.I2S0_Rx_IRQHandler
                0x00006056        0x8 ./startup/startup_mk82f25615.o
                0x00006056                I2S0_Rx_IRQHandler
 .text.LPUART0_IRQHandler
                0x0000605e        0x8 ./startup/startup_mk82f25615.o
                0x0000605e                LPUART0_IRQHandler
 .text.LPUART1_IRQHandler
                0x00006066        0x8 ./startup/startup_mk82f25615.o
                0x00006066                LPUART1_IRQHandler
 .text.LPUART2_IRQHandler
                0x0000606e        0x8 ./startup/startup_mk82f25615.o
                0x0000606e                LPUART2_IRQHandler
 .text.LPUART3_IRQHandler
                0x00006076        0x8 ./startup/startup_mk82f25615.o
                0x00006076                LPUART3_IRQHandler
 .text.LPUART4_IRQHandler
                0x0000607e        0x8 ./startup/startup_mk82f25615.o
                0x0000607e                LPUART4_IRQHandler
 .text.Reserved51_IRQHandler
                0x00006086        0x8 ./startup/startup_mk82f25615.o
                0x00006086                Reserved51_IRQHandler
 .text.Reserved52_IRQHandler
                0x0000608e        0x8 ./startup/startup_mk82f25615.o
                0x0000608e                Reserved52_IRQHandler
 .text.EMVSIM0_IRQHandler
                0x00006096        0x8 ./startup/startup_mk82f25615.o
                0x00006096                EMVSIM0_IRQHandler
 .text.EMVSIM1_IRQHandler
                0x0000609e        0x8 ./startup/startup_mk82f25615.o
                0x0000609e                EMVSIM1_IRQHandler
 .text.ADC0_IRQHandler
                0x000060a6        0x8 ./startup/startup_mk82f25615.o
                0x000060a6                ADC0_IRQHandler
 .text.CMP0_IRQHandler
                0x000060ae        0x8 ./startup/startup_mk82f25615.o
                0x000060ae                CMP0_IRQHandler
 .text.CMP1_IRQHandler
                0x000060b6        0x8 ./startup/startup_mk82f25615.o
                0x000060b6                CMP1_IRQHandler
 .text.FTM1_IRQHandler
                0x000060be        0x8 ./startup/startup_mk82f25615.o
                0x000060be                FTM1_IRQHandler
 .text.FTM2_IRQHandler
                0x000060c6        0x8 ./startup/startup_mk82f25615.o
                0x000060c6                FTM2_IRQHandler
 .text.CMT_IRQHandler
                0x000060ce        0x8 ./startup/startup_mk82f25615.o
                0x000060ce                CMT_IRQHandler
 .text.RTC_IRQHandler
                0x000060d6        0x8 ./startup/startup_mk82f25615.o
                0x000060d6                RTC_IRQHandler
 .text.RTC_Seconds_IRQHandler
                0x000060de        0x8 ./startup/startup_mk82f25615.o
                0x000060de                RTC_Seconds_IRQHandler
 .text.PIT0CH0_IRQHandler
                0x000060e6        0x8 ./startup/startup_mk82f25615.o
                0x000060e6                PIT0CH0_IRQHandler
 .text.PIT0CH1_IRQHandler
                0x000060ee        0x8 ./startup/startup_mk82f25615.o
                0x000060ee                PIT0CH1_IRQHandler
 .text.PIT0CH2_IRQHandler
                0x000060f6        0x8 ./startup/startup_mk82f25615.o
                0x000060f6                PIT0CH2_IRQHandler
 .text.PIT0CH3_IRQHandler
                0x000060fe        0x8 ./startup/startup_mk82f25615.o
                0x000060fe                PIT0CH3_IRQHandler
 .text.PDB0_IRQHandler
                0x00006106        0x8 ./startup/startup_mk82f25615.o
                0x00006106                PDB0_IRQHandler
 .text.USB0_IRQHandler
                0x0000610e        0x8 ./startup/startup_mk82f25615.o
                0x0000610e                USB0_IRQHandler
 .text.USBDCD_IRQHandler
                0x00006116        0x8 ./startup/startup_mk82f25615.o
                0x00006116                USBDCD_IRQHandler
 .text.Reserved71_IRQHandler
                0x0000611e        0x8 ./startup/startup_mk82f25615.o
                0x0000611e                Reserved71_IRQHandler
 .text.DAC0_IRQHandler
                0x00006126        0x8 ./startup/startup_mk82f25615.o
                0x00006126                DAC0_IRQHandler
 .text.MCG_IRQHandler
                0x0000612e        0x8 ./startup/startup_mk82f25615.o
                0x0000612e                MCG_IRQHandler
 .text.LPTMR0_LPTMR1_IRQHandler
                0x00006136        0x8 ./startup/startup_mk82f25615.o
                0x00006136                LPTMR0_LPTMR1_IRQHandler
 .text.PORTA_IRQHandler
                0x0000613e        0x8 ./startup/startup_mk82f25615.o
                0x0000613e                PORTA_IRQHandler
 .text.PORTB_IRQHandler
                0x00006146        0x8 ./startup/startup_mk82f25615.o
                0x00006146                PORTB_IRQHandler
 .text.PORTC_IRQHandler
                0x0000614e        0x8 ./startup/startup_mk82f25615.o
                0x0000614e                PORTC_IRQHandler
 .text.PORTD_IRQHandler
                0x00006156        0x8 ./startup/startup_mk82f25615.o
                0x00006156                PORTD_IRQHandler
 .text.PORTE_IRQHandler
                0x0000615e        0x8 ./startup/startup_mk82f25615.o
                0x0000615e                PORTE_IRQHandler
 .text.SWI_IRQHandler
                0x00006166        0x8 ./startup/startup_mk82f25615.o
                0x00006166                SWI_IRQHandler
 .text.SPI2_IRQHandler
                0x0000616e        0x8 ./startup/startup_mk82f25615.o
                0x0000616e                SPI2_IRQHandler
 .text.Reserved82_IRQHandler
                0x00006176        0x8 ./startup/startup_mk82f25615.o
                0x00006176                Reserved82_IRQHandler
 .text.Reserved83_IRQHandler
                0x0000617e        0x8 ./startup/startup_mk82f25615.o
                0x0000617e                Reserved83_IRQHandler
 .text.Reserved84_IRQHandler
                0x00006186        0x8 ./startup/startup_mk82f25615.o
                0x00006186                Reserved84_IRQHandler
 .text.Reserved85_IRQHandler
                0x0000618e        0x8 ./startup/startup_mk82f25615.o
                0x0000618e                Reserved85_IRQHandler
 .text.FLEXIO0_IRQHandler
                0x00006196        0x8 ./startup/startup_mk82f25615.o
                0x00006196                FLEXIO0_IRQHandler
 .text.Reserved88_IRQHandler
                0x0000619e        0x8 ./startup/startup_mk82f25615.o
                0x0000619e                Reserved88_IRQHandler
 .text.Reserved89_IRQHandler
                0x000061a6        0x8 ./startup/startup_mk82f25615.o
                0x000061a6                Reserved89_IRQHandler
 .text.I2C2_IRQHandler
                0x000061ae        0x8 ./startup/startup_mk82f25615.o
                0x000061ae                I2C2_IRQHandler
 .text.Reserved91_IRQHandler
                0x000061b6        0x8 ./startup/startup_mk82f25615.o
                0x000061b6                Reserved91_IRQHandler
 .text.Reserved92_IRQHandler
                0x000061be        0x8 ./startup/startup_mk82f25615.o
                0x000061be                Reserved92_IRQHandler
 .text.Reserved93_IRQHandler
                0x000061c6        0x8 ./startup/startup_mk82f25615.o
                0x000061c6                Reserved93_IRQHandler
 .text.Reserved94_IRQHandler
                0x000061ce        0x8 ./startup/startup_mk82f25615.o
                0x000061ce                Reserved94_IRQHandler
 .text.Reserved95_IRQHandler
                0x000061d6        0x8 ./startup/startup_mk82f25615.o
                0x000061d6                Reserved95_IRQHandler
 .text.Reserved96_IRQHandler
                0x000061de        0x8 ./startup/startup_mk82f25615.o
                0x000061de                Reserved96_IRQHandler
 .text.SDHC_IRQHandler
                0x000061e6        0x8 ./startup/startup_mk82f25615.o
                0x000061e6                SDHC_IRQHandler
 .text.Reserved98_IRQHandler
                0x000061ee        0x8 ./startup/startup_mk82f25615.o
                0x000061ee                Reserved98_IRQHandler
 .text.Reserved99_IRQHandler
                0x000061f6        0x8 ./startup/startup_mk82f25615.o
                0x000061f6                Reserved99_IRQHandler
 .text.Reserved100_IRQHandler
                0x000061fe        0x8 ./startup/startup_mk82f25615.o
                0x000061fe                Reserved100_IRQHandler
 .text.Reserved101_IRQHandler
                0x00006206        0x8 ./startup/startup_mk82f25615.o
                0x00006206                Reserved101_IRQHandler
 .text.Reserved102_IRQHandler
                0x0000620e        0x8 ./startup/startup_mk82f25615.o
                0x0000620e                Reserved102_IRQHandler
 .text.TSI0_IRQHandler
                0x00006216        0x8 ./startup/startup_mk82f25615.o
                0x00006216                TSI0_IRQHandler
 .text.TPM1_IRQHandler
                0x0000621e        0x8 ./startup/startup_mk82f25615.o
                0x0000621e                TPM1_IRQHandler
 .text.TPM2_IRQHandler
                0x00006226        0x8 ./startup/startup_mk82f25615.o
                0x00006226                TPM2_IRQHandler
 .text.Reserved106_IRQHandler
                0x0000622e        0x8 ./startup/startup_mk82f25615.o
                0x0000622e                Reserved106_IRQHandler
 .text.I2C3_IRQHandler
                0x00006236        0x8 ./startup/startup_mk82f25615.o
                0x00006236                I2C3_IRQHandler
 .text.Reserved108_IRQHandler
                0x0000623e        0x8 ./startup/startup_mk82f25615.o
                0x0000623e                Reserved108_IRQHandler
 .text.Reserved109_IRQHandler
                0x00006246        0x8 ./startup/startup_mk82f25615.o
                0x00006246                Reserved109_IRQHandler
 .text.Reserved110_IRQHandler
                0x0000624e        0x8 ./startup/startup_mk82f25615.o
                0x0000624e                Reserved110_IRQHandler
 .text.Reserved111_IRQHandler
                0x00006256        0x8 ./startup/startup_mk82f25615.o
                0x00006256                Reserved111_IRQHandler
 .text.Reserved112_IRQHandler
                0x0000625e        0x8 ./startup/startup_mk82f25615.o
                0x0000625e                Reserved112_IRQHandler
 .text.Reserved113_IRQHandler
                0x00006266        0x8 ./startup/startup_mk82f25615.o
                0x00006266                Reserved113_IRQHandler
 .text.Reserved114_IRQHandler
                0x0000626e        0x8 ./startup/startup_mk82f25615.o
                0x0000626e                Reserved114_IRQHandler
 .text.Reserved115_IRQHandler
                0x00006276        0x8 ./startup/startup_mk82f25615.o
                0x00006276                Reserved115_IRQHandler
 .text.QuadSPI0_IRQHandler
                0x0000627e        0x8 ./startup/startup_mk82f25615.o
                0x0000627e                QuadSPI0_IRQHandler
 .text.Reserved117_IRQHandler
                0x00006286        0x8 ./startup/startup_mk82f25615.o
                0x00006286                Reserved117_IRQHandler
 .text.Reserved118_IRQHandler
                0x0000628e        0x8 ./startup/startup_mk82f25615.o
                0x0000628e                Reserved118_IRQHandler
 .text.Reserved119_IRQHandler
                0x00006296        0x8 ./startup/startup_mk82f25615.o
                0x00006296                Reserved119_IRQHandler
 .text.LTC0_IRQHandler
                0x0000629e        0x8 ./startup/startup_mk82f25615.o
                0x0000629e                LTC0_IRQHandler
 .text.GPIO_PortSet
                0x000062a6       0x1c ./source/ftm.o
 .text.GPIO_PortClear
                0x000062c2       0x1c ./source/ftm.o
 .text.FTM_StartTimer
                0x000062de       0x3a ./source/ftm.o
 .text.FTM_SetSoftwareTrigger
                0x00006318       0x38 ./source/ftm.o
 .text.HardFault_Handler
                0x00006350       0x2c ./source/semihost_hardfault.o
                0x00006350                HardFault_Handler
 .text.SDSPI_WaitReady
                0x0000637c       0x56 ./sdmmc/src/fsl_sdspi.o
 .text.SDSPI_StopTransmission
                0x000063d2       0x34 ./sdmmc/src/fsl_sdspi.o
 .text.disk_status
                0x00006406       0x2c ./fatfs/fatfs_source/diskio.o
                0x00006406                disk_status
 .text.disk_initialize
                0x00006432       0x2c ./fatfs/fatfs_source/diskio.o
                0x00006432                disk_initialize
 .text.disk_read
                0x0000645e       0x38 ./fatfs/fatfs_source/diskio.o
                0x0000645e                disk_read
 .text.disk_write
                0x00006496       0x38 ./fatfs/fatfs_source/diskio.o
                0x00006496                disk_write
 .text.disk_ioctl
                0x000064ce       0x36 ./fatfs/fatfs_source/diskio.o
                0x000064ce                disk_ioctl
 .text.ld_word  0x00006504       0x30 ./fatfs/fatfs_source/ff.o
 .text.ld_dword
                0x00006534       0x46 ./fatfs/fatfs_source/ff.o
 .text.st_word  0x0000657a       0x36 ./fatfs/fatfs_source/ff.o
 .text.st_dword
                0x000065b0       0x58 ./fatfs/fatfs_source/ff.o
 .text.mem_cpy  0x00006608       0x42 ./fatfs/fatfs_source/ff.o
 .text.mem_set  0x0000664a       0x34 ./fatfs/fatfs_source/ff.o
 .text.mem_cmp  0x0000667e       0x4e ./fatfs/fatfs_source/ff.o
 .text.chk_chr  0x000066cc       0x36 ./fatfs/fatfs_source/ff.o
 .text.dbc_1st  0x00006702       0x22 ./fatfs/fatfs_source/ff.o
 .text.dbc_2nd  0x00006724       0x22 ./fatfs/fatfs_source/ff.o
 .text.sync_window
                0x00006746       0x78 ./fatfs/fatfs_source/ff.o
 .text.move_window
                0x000067be       0x5a ./fatfs/fatfs_source/ff.o
 .text.clst2sect
                0x00006818       0x3e ./fatfs/fatfs_source/ff.o
 .text.get_fat  0x00006856      0x14a ./fatfs/fatfs_source/ff.o
 .text.put_fat  0x000069a0      0x1ce ./fatfs/fatfs_source/ff.o
 .text.remove_chain
                0x00006b6e       0xca ./fatfs/fatfs_source/ff.o
 .text.create_chain
                0x00006c38      0x1a2 ./fatfs/fatfs_source/ff.o
 .text.dir_clear
                0x00006dda       0x94 ./fatfs/fatfs_source/ff.o
 .text.dir_sdi  0x00006e6e       0xf6 ./fatfs/fatfs_source/ff.o
 .text.dir_next
                0x00006f64      0x126 ./fatfs/fatfs_source/ff.o
 .text.dir_alloc
                0x0000708a       0x8e ./fatfs/fatfs_source/ff.o
 .text.ld_clust
                0x00007118       0x3e ./fatfs/fatfs_source/ff.o
 .text.st_clust
                0x00007156       0x40 ./fatfs/fatfs_source/ff.o
 .text.dir_find
                0x00007196       0xaa ./fatfs/fatfs_source/ff.o
 .text.dir_register
                0x00007240       0x64 ./fatfs/fatfs_source/ff.o
 .text.follow_path
                0x000072a4      0x11c ./fatfs/fatfs_source/ff.o
 .text.validate
                0x000073c0       0x6a ./fatfs/fatfs_source/ff.o
 .text.f_write  0x0000742a      0x2d2 ./fatfs/fatfs_source/ff.o
                0x0000742a                f_write
 .text.f_close  0x000076fc       0x40 ./fatfs/fatfs_source/ff.o
                0x000076fc                f_close
 .text.putc_bfd
                0x0000773c       0x74 ./fatfs/fatfs_source/ff.o
 .text.putc_flush
                0x000077b0       0x4c ./fatfs/fatfs_source/ff.o
 .text.putc_init
                0x000077fc       0x22 ./fatfs/fatfs_source/ff.o
 .text.sdspi_disk_status
                0x0000781e       0x22 ./fatfs/fatfs_source/fsl_sdspi_disk.o
                0x0000781e                sdspi_disk_status
 .text.OSC_SetExtRefClkConfig
                0x00007840       0x40 ./drivers/fsl_clock.o
 .text.OSC_SetCapLoad
                0x00007880       0x34 ./drivers/fsl_clock.o
 .text.CLOCK_GetPll0RefFreq
                0x000078b4        0xe ./drivers/fsl_clock.o
 .text.CLOCK_GetOsc0ErClkFreq
                0x000078c2        0xe ./drivers/fsl_clock.o
                0x000078c2                CLOCK_GetOsc0ErClkFreq
 .text.CLOCK_GetFixedFreqClkFreq
                0x000078d0       0x2e ./drivers/fsl_clock.o
                0x000078d0                CLOCK_GetFixedFreqClkFreq
 .text.CLOCK_EnableClock
                0x000078fe       0x34 ./drivers/fsl_dspi.o
 .text.DSPI_Enable
                0x00007932       0x38 ./drivers/fsl_dspi.o
 .text.DSPI_GetStatusFlags
                0x0000796a       0x18 ./drivers/fsl_dspi.o
 .text.DSPI_ClearStatusFlags
                0x00007982       0x1c ./drivers/fsl_dspi.o
 .text.DSPI_DisableInterrupts
                0x0000799e       0x24 ./drivers/fsl_dspi.o
 .text.DSPI_SetMasterSlaveMode
                0x000079c2       0x2a ./drivers/fsl_dspi.o
 .text.DSPI_IsMaster
                0x000079ec       0x1c ./drivers/fsl_dspi.o
 .text.DSPI_StartTransfer
                0x00007a08       0x20 ./drivers/fsl_dspi.o
 .text.DSPI_StopTransfer
                0x00007a28       0x20 ./drivers/fsl_dspi.o
 .text.DSPI_FlushFifo
                0x00007a48       0x3c ./drivers/fsl_dspi.o
 .text.DSPI_MasterGetFormattedCommand
                0x00007a84       0x4a ./drivers/fsl_dspi.o
 .text.DSPI_ReadData
                0x00007ace       0x18 ./drivers/fsl_dspi.o
 .text.DSPI_SetOnePcsPolarity
                0x00007ae6       0x4e ./drivers/fsl_dspi.o
 .text.DSPI_MasterSetDelayScaler
                0x00007b34       0xda ./drivers/fsl_dspi.o
                0x00007b34                DSPI_MasterSetDelayScaler
 .text.CLOCK_EnableClock
                0x00007c0e       0x34 ./drivers/fsl_ftm.o
 .text.FTM_SetupOutputCompare
                0x00007c42       0x9e ./drivers/fsl_ftm.o
                0x00007c42                FTM_SetupOutputCompare
 .text.FTM_EnableInterrupts
                0x00007ce0       0x86 ./drivers/fsl_ftm.o
                0x00007ce0                FTM_EnableInterrupts
 .text.FTM_GetStatusFlags
                0x00007d66       0x62 ./drivers/fsl_ftm.o
                0x00007d66                FTM_GetStatusFlags
 .text.FTM_ClearStatusFlags
                0x00007dc8       0x68 ./drivers/fsl_ftm.o
                0x00007dc8                FTM_ClearStatusFlags
 .text.GPIO_PinWrite
                0x00007e30       0x36 ./drivers/fsl_gpio.o
 .text.GPIO_WritePinOutput
                0x00007e66       0x22 ./drivers/fsl_gpio.o
 .text.CLOCK_EnableClock
                0x00007e88       0x34 ./drivers/fsl_lpuart.o
 .text.LPUART_GetStatusFlags
                0x00007ebc       0x2c ./drivers/fsl_lpuart.o
                0x00007ebc                LPUART_GetStatusFlags
 .text.BOARD_InitBootClocks
                0x00007ee8        0xc ./board/clock_config.o
                0x00007ee8                BOARD_InitBootClocks
 .text.EnableIRQ
                0x00007ef4       0x2c ./board/peripherals.o
 .text.FTM_SetTimerPeriod
                0x00007f20       0x1c ./board/peripherals.o
 .text.BOARD_InitPeripherals
                0x00007f3c       0x10 ./board/peripherals.o
                0x00007f3c                BOARD_InitPeripherals
 .text.BOARD_InitBootPeripherals
                0x00007f4c        0xc ./board/peripherals.o
                0x00007f4c                BOARD_InitBootPeripherals
 .text.CLOCK_EnableClock
                0x00007f58       0x34 ./board/pin_mux.o
 .text.PORT_SetPinMux
                0x00007f8c       0x3a ./board/pin_mux.o
 .text.BOARD_InitBootPins
                0x00007fc6       0x10 ./board/pin_mux.o
                0x00007fc6                BOARD_InitBootPins
 .text.SystemInitHook
                0x00007fd6        0xe ./CMSIS/system_MK82F25615.o
                0x00007fd6                SystemInitHook
 .text.__main   0x00007fe4        0xe e:/nxp/mcuxpressoide_10.2.1_795/ide/tools/bin/../lib/gcc/arm-none-eabi/7.2.1/../../../../arm-none-eabi/lib/thumb/v7e-m/fpv4-sp/hard\libcr_nohost_nf.a(_cr__main.o)
                0x00007fe4                __main
 .text.__sys_appexit
                0x00007ff2        0x2 e:/nxp/mcuxpressoide_10.2.1_795/ide/tools/bin/../lib/gcc/arm-none-eabi/7.2.1/../../../../arm-none-eabi/lib/thumb/v7e-m/fpv4-sp/hard\libcr_nohost_nf.a(__sys_appexit.o)
                0x00007ff2                __sys_appexit
                0x00007ff2                __exit
 .text.memset   0x00007ff4        0x4 e:/nxp/mcuxpressoide_10.2.1_795/ide/tools/bin/../lib/gcc/arm-none-eabi/7.2.1/../../../../arm-none-eabi/lib/thumb/v7e-m/fpv4-sp/hard\libcr_c.a(memset.o)
                0x00007ff4                memset
 .text._deferredlazyseek
                0x00007ff8       0x40 e:/nxp/mcuxpressoide_10.2.1_795/ide/tools/bin/../lib/gcc/arm-none-eabi/7.2.1/../../../../arm-none-eabi/lib/thumb/v7e-m/fpv4-sp/hard\libcr_c.a(_deferredlazyseek.o)
                0x00007ff8                _deferredlazyseek
 .text.__flsbuf
                0x00008038      0x140 e:/nxp/mcuxpressoide_10.2.1_795/ide/tools/bin/../lib/gcc/arm-none-eabi/7.2.1/../../../../arm-none-eabi/lib/thumb/v7e-m/fpv4-sp/hard\libcr_c.a(_deferredlazyseek.o)
                0x00008038                __flsbuf
 .text._fflush  0x00008178       0x52 e:/nxp/mcuxpressoide_10.2.1_795/ide/tools/bin/../lib/gcc/arm-none-eabi/7.2.1/../../../../arm-none-eabi/lib/thumb/v7e-m/fpv4-sp/hard\libcr_c.a(_fflush.o)
                0x00008178                _fflush
 .text.free     0x000081ca       0x30 e:/nxp/mcuxpressoide_10.2.1_795/ide/tools/bin/../lib/gcc/arm-none-eabi/7.2.1/../../../../arm-none-eabi/lib/thumb/v7e-m/fpv4-sp/hard\libcr_c.a(alloc.o)
                0x000081ca                free
 .text.fputs    0x000081fa       0x2c e:/nxp/mcuxpressoide_10.2.1_795/ide/tools/bin/../lib/gcc/arm-none-eabi/7.2.1/../../../../arm-none-eabi/lib/thumb/v7e-m/fpv4-sp/hard\libcr_c.a(fputs.o)
                0x000081fa                fputs
 .text.strlen   0x00008226       0x4a e:/nxp/mcuxpressoide_10.2.1_795/ide/tools/bin/../lib/gcc/arm-none-eabi/7.2.1/../../../../arm-none-eabi/lib/thumb/v7e-m/fpv4-sp/hard\libcr_c.a(strlen.o)
                0x00008226                strlen
 .text._fdopen  0x00008270       0x68 e:/nxp/mcuxpressoide_10.2.1_795/ide/tools/bin/../lib/gcc/arm-none-eabi/7.2.1/../../../../arm-none-eabi/lib/thumb/v7e-m/fpv4-sp/hard\libcr_c.a(_fdopen.o)
                0x00008270                _fdopen
 .text.fclose   0x000082d8       0x58 e:/nxp/mcuxpressoide_10.2.1_795/ide/tools/bin/../lib/gcc/arm-none-eabi/7.2.1/../../../../arm-none-eabi/lib/thumb/v7e-m/fpv4-sp/hard\libcr_c.a(fclose.o)
                0x000082d8                fclose
 .text.remove   0x00008330       0x14 e:/nxp/mcuxpressoide_10.2.1_795/ide/tools/bin/../lib/gcc/arm-none-eabi/7.2.1/../../../../arm-none-eabi/lib/thumb/v7e-m/fpv4-sp/hard\libcr_c.a(remove.o)
                0x00008330                remove
 .text._do_fflush
                0x00008344       0x40 e:/nxp/mcuxpressoide_10.2.1_795/ide/tools/bin/../lib/gcc/arm-none-eabi/7.2.1/../../../../arm-none-eabi/lib/thumb/v7e-m/fpv4-sp/hard\libcr_c.a(_do_fflush.o)
                0x00008344                _do_fflush
 .text.__aeabi_memset_lowlevel
                0x00008384       0x32 e:/nxp/mcuxpressoide_10.2.1_795/ide/tools/bin/../lib/gcc/arm-none-eabi/7.2.1/thumb/v7e-m/fpv4-sp/hard\libcr_eabihelpers.a(memcpy.o)
                0x00008384                __aeabi_lowlevel_memset
 .text.__sys_close
                0x000083b6        0x6 e:/nxp/mcuxpressoide_10.2.1_795/ide/tools/bin/../lib/gcc/arm-none-eabi/7.2.1/../../../../arm-none-eabi/lib/thumb/v7e-m/fpv4-sp/hard\libcr_nohost_nf.a(__sys_close.o)
                0x000083b6                __sys_close
 .text.__sys_flen
                0x000083bc        0x6 e:/nxp/mcuxpressoide_10.2.1_795/ide/tools/bin/../lib/gcc/arm-none-eabi/7.2.1/../../../../arm-none-eabi/lib/thumb/v7e-m/fpv4-sp/hard\libcr_nohost_nf.a(__sys_flen.o)
                0x000083bc                __sys_flen
 .text.__sys_istty
                0x000083c2        0x6 e:/nxp/mcuxpressoide_10.2.1_795/ide/tools/bin/../lib/gcc/arm-none-eabi/7.2.1/../../../../arm-none-eabi/lib/thumb/v7e-m/fpv4-sp/hard\libcr_nohost_nf.a(__sys_istty.o)
                0x000083c2                __sys_istty
 .text.__sys_remove
                0x000083c8        0x6 e:/nxp/mcuxpressoide_10.2.1_795/ide/tools/bin/../lib/gcc/arm-none-eabi/7.2.1/../../../../arm-none-eabi/lib/thumb/v7e-m/fpv4-sp/hard\libcr_nohost_nf.a(__sys_remove.o)
                0x000083c8                __sys_remove
 .text.__sys_seek
                0x000083ce        0x6 e:/nxp/mcuxpressoide_10.2.1_795/ide/tools/bin/../lib/gcc/arm-none-eabi/7.2.1/../../../../arm-none-eabi/lib/thumb/v7e-m/fpv4-sp/hard\libcr_nohost_nf.a(__sys_seek.o)
                0x000083ce                __sys_seek
 .text.__sys_tmpnam
                0x000083d4        0x6 e:/nxp/mcuxpressoide_10.2.1_795/ide/tools/bin/../lib/gcc/arm-none-eabi/7.2.1/../../../../arm-none-eabi/lib/thumb/v7e-m/fpv4-sp/hard\libcr_nohost_nf.a(__sys_tmpnam.o)
                0x000083d4                __sys_tmpnam
 .text.__sys_write
                0x000083da        0x4 e:/nxp/mcuxpressoide_10.2.1_795/ide/tools/bin/../lib/gcc/arm-none-eabi/7.2.1/../../../../arm-none-eabi/lib/thumb/v7e-m/fpv4-sp/hard\libcr_nohost_nf.a(__sys_write.o)
                0x000083da                __sys_write
 *(SORT_BY_ALIGNMENT(.rodata) SORT_BY_ALIGNMENT(.rodata.*) SORT_BY_ALIGNMENT(.constdata) SORT_BY_ALIGNMENT(.constdata.*))
 *fill*         0x000083de        0x2 ff
 .rodata        0x000083e0       0x50 ./utilities/fsl_debug_console.o
 .rodata        0x00008430       0x27 ./utilities/fsl_io.o
 *fill*         0x00008457        0x1 ff
 .rodata        0x00008458       0x80 ./utilities/fsl_log.o
 .rodata        0x000084d8      0x13e ./source/ftm.o
 *fill*         0x00008616        0x2 ff
 .rodata        0x00008618      0x8c5 ./sdmmc/src/fsl_sdspi.o
 *fill*         0x00008edd        0x3 ff
 .rodata.ExCvt  0x00008ee0       0x80 ./fatfs/fatfs_source/ff.o
 .rodata        0x00008f60       0x50 ./fatfs/fatfs_source/ff.o
 .rodata        0x00008fb0      0x175 ./drivers/fsl_clock.o
 *fill*         0x00009125        0x3 ff
 .rodata.fllFactorTable.8063
                0x00009128       0x10 ./drivers/fsl_clock.o
 .rodata.s_baudratePrescaler
                0x00009138       0x10 ./drivers/fsl_dspi.o
 .rodata.s_baudrateScaler
                0x00009148       0x40 ./drivers/fsl_dspi.o
 .rodata.s_delayPrescaler
                0x00009188       0x10 ./drivers/fsl_dspi.o
 .rodata.s_delayScaler
                0x00009198       0x40 ./drivers/fsl_dspi.o
 .rodata.s_dspiBases
                0x000091d8        0xc ./drivers/fsl_dspi.o
 .rodata.s_dspiClock
                0x000091e4        0xc ./drivers/fsl_dspi.o
 .rodata        0x000091f0      0x509 ./drivers/fsl_dspi.o
 *fill*         0x000096f9        0x3 ff
 .rodata.s_ftmBases
                0x000096fc       0x10 ./drivers/fsl_ftm.o
 .rodata.s_ftmClocks
                0x0000970c       0x10 ./drivers/fsl_ftm.o
 .rodata        0x0000971c      0x1e7 ./drivers/fsl_ftm.o
 *fill*         0x00009903        0x1 ff
 .rodata        0x00009904       0x63 ./drivers/fsl_gpio.o
 *fill*         0x00009967        0x1 ff
 .rodata.s_lpuartBases
                0x00009968       0x14 ./drivers/fsl_lpuart.o
 .rodata.s_lpuartClock
                0x0000997c       0x14 ./drivers/fsl_lpuart.o
 .rodata        0x00009990      0x59a ./drivers/fsl_lpuart.o
 *fill*         0x00009f2a        0x2 ff
 .rodata        0x00009f2c      0x5a1 ./drivers/fsl_sdhc.o
 *fill*         0x0000a4cd        0x3 ff
 .rodata.mcgConfig_BOARD_BootClockRUN
                0x0000a4d0        0xb ./board/clock_config.o
                0x0000a4d0                mcgConfig_BOARD_BootClockRUN
 *fill*         0x0000a4db        0x1 ff
 .rodata.simConfig_BOARD_BootClockRUN
                0x0000a4dc        0x8 ./board/clock_config.o
                0x0000a4dc                simConfig_BOARD_BootClockRUN
 .rodata.oscConfig_BOARD_BootClockRUN
                0x0000a4e4        0x8 ./board/clock_config.o
                0x0000a4e4                oscConfig_BOARD_BootClockRUN
 .rodata.FTM_0_config
                0x0000a4ec       0x1c ./board/peripherals.o
                0x0000a4ec                FTM_0_config
 .rodata.FTM_0_pwmSignalParams
                0x0000a508       0x10 ./board/peripherals.o
                0x0000a508                FTM_0_pwmSignalParams
 .rodata.FTM_DIST_config
                0x0000a518       0x1c ./board/peripherals.o
                0x0000a518                FTM_DIST_config
 .rodata.FTM_DIST_channel0
                0x0000a534        0x3 ./board/peripherals.o
                0x0000a534                FTM_DIST_channel0
 *fill*         0x0000a537        0x1 ff
 .rodata        0x0000a538       0x26 ./board/pin_mux.o
 *fill*         0x0000a55e        0x2 ff
 .rodata.__num_Ciob_streams
                0x0000a560        0x4 e:/nxp/mcuxpressoide_10.2.1_795/ide/tools/bin/../lib/gcc/arm-none-eabi/7.2.1/../../../../arm-none-eabi/lib/thumb/v7e-m/fpv4-sp/hard\libcr_nohost_nf.a(__ciob.o)
                0x0000a560                __num_Ciob_streams
 .rodata.__assertion_failed.str1.1
                0x0000a564       0x15 e:/nxp/mcuxpressoide_10.2.1_795/ide/tools/bin/../lib/gcc/arm-none-eabi/7.2.1/../../../../arm-none-eabi/lib/thumb/v7e-m/fpv4-sp/hard\libcr_nohost_nf.a(_cr_assert.o)
 .rodata._Csys_alloc.str1.1
                0x0000a579       0x18 e:/nxp/mcuxpressoide_10.2.1_795/ide/tools/bin/../lib/gcc/arm-none-eabi/7.2.1/../../../../arm-none-eabi/lib/thumb/v7e-m/fpv4-sp/hard\libcr_c.a(alloc.o)
 .rodata._initio.str1.1
                0x0000a591        0x4 e:/nxp/mcuxpressoide_10.2.1_795/ide/tools/bin/../lib/gcc/arm-none-eabi/7.2.1/../../../../arm-none-eabi/lib/thumb/v7e-m/fpv4-sp/hard\libcr_c.a(initio.o)
                0x0000a598                . = ALIGN (0x4)
 *fill*         0x0000a595        0x3 ff

.glue_7         0x0000a598        0x0
 .glue_7        0x0000a598        0x0 linker stubs

.glue_7t        0x0000a598        0x0
 .glue_7t       0x0000a598        0x0 linker stubs

.vfp11_veneer   0x0000a598        0x0
 .vfp11_veneer  0x0000a598        0x0 linker stubs

.v4_bx          0x0000a598        0x0
 .v4_bx         0x0000a598        0x0 linker stubs

.iplt           0x0000a598        0x0
 .iplt          0x0000a598        0x0 ./utilities/fsl_debug_console.o

.rel.dyn        0x0000a598        0x0
 .rel.iplt      0x0000a598        0x0 ./utilities/fsl_debug_console.o

.ARM.extab
 *(SORT_BY_ALIGNMENT(.ARM.extab*) SORT_BY_ALIGNMENT(.gnu.linkonce.armextab.*))
                0x0000a598                __exidx_start = .

.ARM.exidx
 *(SORT_BY_ALIGNMENT(.ARM.exidx*) SORT_BY_ALIGNMENT(.gnu.linkonce.armexidx.*))
                0x0000a598                __exidx_end = .
                0x0000a598                _etext = .

.m_usb_data
 *(SORT_BY_ALIGNMENT(m_usb_bdt))

.data_RAM2      0x1fff0000        0x0 load address 0x0000a598
 FILL mask 0xff
                [!provide]                PROVIDE (__start_data_RAM2, .)
 *(SORT_BY_ALIGNMENT(.ramfunc.$RAM2))
 *(SORT_BY_ALIGNMENT(.ramfunc.$SRAM_LOWER))
 *(SORT_BY_ALIGNMENT(.data.$RAM2*))
 *(SORT_BY_ALIGNMENT(.data.$SRAM_LOWER*))
                0x1fff0000                . = ALIGN (0x4)
                [!provide]                PROVIDE (__end_data_RAM2, .)

.uninit_RESERVED
                0x20000000        0x0
 *(SORT_BY_ALIGNMENT(.bss.$RESERVED*))
                0x20000000                . = ALIGN (0x4)
                0x20000000                _end_uninit_RESERVED = .

.data           0x20000000       0x10 load address 0x0000a598
 FILL mask 0xff
                0x20000000                _data = .
 *(SORT_BY_ALIGNMENT(vtable))
 *(SORT_BY_ALIGNMENT(.ramfunc*))
 *(SORT_BY_ALIGNMENT(.data*))
 .data.filname  0x20000000        0x4 ./source/ftm.o
                0x20000000                filname
 .data.s_slowIrcFreq
                0x20000004        0x4 ./drivers/fsl_clock.o
 .data.s_fastIrcFreq
                0x20000008        0x4 ./drivers/fsl_clock.o
 .data.SystemCoreClock
                0x2000000c        0x4 ./CMSIS/system_MK82F25615.o
                0x2000000c                SystemCoreClock
                0x20000010                . = ALIGN (0x4)
                0x20000010                _edata = .

.igot.plt       0x20000010        0x0 load address 0x0000a5a8
 .igot.plt      0x20000010        0x0 ./utilities/fsl_debug_console.o

.bss_RAM2       0x1fff0000        0x0
                [!provide]                PROVIDE (__start_bss_RAM2, .)
 *(SORT_BY_ALIGNMENT(.bss.$RAM2*))
 *(SORT_BY_ALIGNMENT(.bss.$SRAM_LOWER*))
                0x1fff0000                . = ALIGN ((. != 0x0)?0x4:0x1)
                [!provide]                PROVIDE (__end_bss_RAM2, .)

.bss            0x20000010      0x650
                0x20000010                _bss = .
 *(SORT_BY_ALIGNMENT(.bss*))
 .bss.s_debugConsoleIO
                0x20000010        0x8 ./utilities/fsl_io.o
 .bss.PWM_overflow_number
                0x20000018        0x4 ./source/ftm.o
                0x20000018                PWM_overflow_number
 .bss.wheelAngle
                0x2000001c        0x4 ./source/ftm.o
                0x2000001c                wheelAngle
 .bss.wheelSpeed
                0x20000020        0x4 ./source/ftm.o
                0x20000020                wheelSpeed
 .bss.panAngle  0x20000024        0x4 ./source/ftm.o
                0x20000024                panAngle
 .bss.dist_capture_state
                0x20000028        0x4 ./source/ftm.o
                0x20000028                dist_capture_state
 .bss.dist_overflow_number
                0x2000002c        0x4 ./source/ftm.o
                0x2000002c                dist_overflow_number
 .bss.dist_val  0x20000030        0x4 ./source/ftm.o
                0x20000030                dist_val
 .bss.fs        0x20000034      0x234 ./source/ftm.o
                0x20000034                fs
 .bss.fil       0x20000268      0x228 ./source/ftm.o
                0x20000268                fil
 .bss.fschars   0x20000490        0x4 ./source/ftm.o
                0x20000490                fschars
 .bss.dist_capture1Val
                0x20000494        0x4 ./source/ftm.o
                0x20000494                dist_capture1Val
 .bss.dist_capture2Val
                0x20000498        0x4 ./source/ftm.o
                0x20000498                dist_capture2Val
 .bss.dist_raw_1
                0x2000049c        0x4 ./source/ftm.o
                0x2000049c                dist_raw_1
 .bss.dist_raw_2
                0x200004a0        0x4 ./source/ftm.o
                0x200004a0                dist_raw_2
 .bss.dist_raw_3
                0x200004a4        0x4 ./source/ftm.o
                0x200004a4                dist_raw_3
 .bss.FatFs     0x200004a8       0x14 ./fatfs/fatfs_source/ff.o
 .bss.g_card    0x200004bc       0x7c ./fatfs/fatfs_source/fsl_sdspi_disk.o
                0x200004bc                g_card
 .bss.g_host    0x20000538        0xc ./fatfs/fatfs_source/fsl_sdspi_disk.o
                0x20000538                g_host
 .bss.g_xtal0Freq
                0x20000544        0x4 ./drivers/fsl_clock.o
                0x20000544                g_xtal0Freq
 .bss.g_xtal32Freq
                0x20000548        0x4 ./drivers/fsl_clock.o
                0x20000548                g_xtal32Freq
 .bss.g_dspiHandle
                0x2000054c        0xc ./drivers/fsl_dspi.o
 .bss.s_dspiMasterIsr
                0x20000558        0x4 ./drivers/fsl_dspi.o
 .bss.s_dspiSlaveIsr
                0x2000055c        0x4 ./drivers/fsl_dspi.o
 .bss.g_dspiDummyData
                0x20000560        0x3 ./drivers/fsl_dspi.o
                0x20000560                g_dspiDummyData
 *fill*         0x20000563        0x1 
 .bss.s_i2cHandle
                0x20000564       0x10 ./drivers/fsl_i2c.o
 .bss.s_i2cMasterIsr
                0x20000574        0x4 ./drivers/fsl_i2c.o
 .bss.s_i2cSlaveIsr
                0x20000578        0x4 ./drivers/fsl_i2c.o
 .bss.s_lpuartHandle
                0x2000057c       0x14 ./drivers/fsl_lpuart.o
 .bss.s_lpuartIsr
                0x20000590        0x4 ./drivers/fsl_lpuart.o
 .bss.s_sdhcHandle
                0x20000594        0x4 ./drivers/fsl_sdhc.o
 .bss.s_sdhcIsr
                0x20000598        0x4 ./drivers/fsl_sdhc.o
 .bss.__Ciob    0x2000059c       0xb4 e:/nxp/mcuxpressoide_10.2.1_795/ide/tools/bin/../lib/gcc/arm-none-eabi/7.2.1/../../../../arm-none-eabi/lib/thumb/v7e-m/fpv4-sp/hard\libcr_nohost_nf.a(__ciob.o)
                0x2000059c                __Ciob
 .bss.__end_of_heap
                0x20000650        0x4 e:/nxp/mcuxpressoide_10.2.1_795/ide/tools/bin/../lib/gcc/arm-none-eabi/7.2.1/../../../../arm-none-eabi/lib/thumb/v7e-m/fpv4-sp/hard\libcr_c.a(__init_alloc.o)
                0x20000650                __end_of_heap
 .bss.__heaps   0x20000654        0x4 e:/nxp/mcuxpressoide_10.2.1_795/ide/tools/bin/../lib/gcc/arm-none-eabi/7.2.1/../../../../arm-none-eabi/lib/thumb/v7e-m/fpv4-sp/hard\libcr_c.a(__init_alloc.o)
                0x20000654                __heaps
 .bss.errno     0x20000658        0x4 e:/nxp/mcuxpressoide_10.2.1_795/ide/tools/bin/../lib/gcc/arm-none-eabi/7.2.1/../../../../arm-none-eabi/lib/thumb/v7e-m/fpv4-sp/hard\libcr_c.a(errno.o)
                0x20000658                errno
 .bss.Fsid      0x2000065c        0x2 ./fatfs/fatfs_source/ff.o
 .bss.fr        0x2000065e        0x1 ./source/ftm.o
                0x2000065e                fr
 .bss.CurrVol   0x2000065f        0x1 ./fatfs/fatfs_source/ff.o
 *(SORT_BY_ALIGNMENT(COMMON))
                0x20000660                . = ALIGN (0x4)
                0x20000660                _ebss = .
                [!provide]                PROVIDE (end, .)

.noinit_RAM2    0x1fff0000        0x0
 *(SORT_BY_ALIGNMENT(.noinit.$RAM2*))
 *(SORT_BY_ALIGNMENT(.noinit.$SRAM_LOWER*))
                0x1fff0000                . = ALIGN (0x4)

.noinit         0x20000660        0x0
                0x20000660                _noinit = .
 *(SORT_BY_ALIGNMENT(.noinit*))
                0x20000660                . = ALIGN (0x4)
                0x20000660                _end_noinit = .
                0x00001000                _HeapSize = 0x1000

.heap           0x20000660     0x1000
                0x20000660                _pvHeapStart = .
                0x20001660                . = (. + _HeapSize)
 *fill*         0x20000660     0x1000 
                0x20001660                . = ALIGN (0x4)
                0x20001660                _pvHeapLimit = .
                0x00001000                _StackSize = 0x1000

.heap2stackfill
                0x20001660     0x1000
                0x20002660                . = (. + _StackSize)
 *fill*         0x20001660     0x1000 

.stack          0x2002f000        0x0
                0x2002f000                _vStackBase = .
                0x2002f000                . = ALIGN (0x4)
                0x20030000                _vStackTop = (. + _StackSize)
                0x00000000                _image_start = LOADADDR (.text)
                0x0000a5a8                _image_end = (LOADADDR (.data) + SIZEOF (.data))
                0x0000a5a8                _image_size = (_image_end - _image_start)
OUTPUT(ftm_pwm.axf elf32-littlearm)

.debug_info     0x00000000    0x169ee
 .debug_info    0x00000000      0x374 ./utilities/fsl_debug_console.o
 .debug_info    0x00000374      0x7d6 ./utilities/fsl_io.o
 .debug_info    0x00000b4a      0x33a ./utilities/fsl_log.o
 .debug_info    0x00000e84      0x534 ./utilities/fsl_str.o
 .debug_info    0x000013b8      0xa06 ./startup/startup_mk82f25615.o
 .debug_info    0x00001dbe     0x1280 ./source/ftm.o
 .debug_info    0x0000303e       0x3b ./source/semihost_hardfault.o
 .debug_info    0x00003079     0x13b1 ./sdmmc/src/fsl_sdspi.o
 .debug_info    0x0000442a      0x657 ./fatfs/fatfs_source/diskio.o
 .debug_info    0x00004a81     0x2048 ./fatfs/fatfs_source/ff.o
 .debug_info    0x00006ac9     0x1413 ./fatfs/fatfs_source/fsl_sdspi_disk.o
 .debug_info    0x00007edc     0x1fb9 ./drivers/fsl_clock.o
 .debug_info    0x00009e95     0x2378 ./drivers/fsl_dspi.o
 .debug_info    0x0000c20d     0x1363 ./drivers/fsl_ftm.o
 .debug_info    0x0000d570      0x61a ./drivers/fsl_gpio.o
 .debug_info    0x0000db8a     0x1cfc ./drivers/fsl_i2c.o
 .debug_info    0x0000f886     0x19b3 ./drivers/fsl_lpuart.o
 .debug_info    0x00011239     0x2207 ./drivers/fsl_sdhc.o
 .debug_info    0x00013440      0x6f4 ./board/board.o
 .debug_info    0x00013b34      0xb61 ./board/clock_config.o
 .debug_info    0x00014695     0x11d5 ./board/peripherals.o
 .debug_info    0x0001586a      0xb3a ./board/pin_mux.o
 .debug_info    0x000163a4      0x64a ./CMSIS/system_MK82F25615.o

.debug_abbrev   0x00000000     0x2ee9
 .debug_abbrev  0x00000000      0x179 ./utilities/fsl_debug_console.o
 .debug_abbrev  0x00000179      0x1de ./utilities/fsl_io.o
 .debug_abbrev  0x00000357      0x180 ./utilities/fsl_log.o
 .debug_abbrev  0x000004d7      0x197 ./utilities/fsl_str.o
 .debug_abbrev  0x0000066e      0x15c ./startup/startup_mk82f25615.o
 .debug_abbrev  0x000007ca      0x26e ./source/ftm.o
 .debug_abbrev  0x00000a38       0x2f ./source/semihost_hardfault.o
 .debug_abbrev  0x00000a67      0x220 ./sdmmc/src/fsl_sdspi.o
 .debug_abbrev  0x00000c87      0x1a2 ./fatfs/fatfs_source/diskio.o
 .debug_abbrev  0x00000e29      0x1fd ./fatfs/fatfs_source/ff.o
 .debug_abbrev  0x00001026      0x232 ./fatfs/fatfs_source/fsl_sdspi_disk.o
 .debug_abbrev  0x00001258      0x321 ./drivers/fsl_clock.o
 .debug_abbrev  0x00001579      0x33e ./drivers/fsl_dspi.o
 .debug_abbrev  0x000018b7      0x279 ./drivers/fsl_ftm.o
 .debug_abbrev  0x00001b30      0x1ae ./drivers/fsl_gpio.o
 .debug_abbrev  0x00001cde      0x34f ./drivers/fsl_i2c.o
 .debug_abbrev  0x0000202d      0x2d1 ./drivers/fsl_lpuart.o
 .debug_abbrev  0x000022fe      0x2b3 ./drivers/fsl_sdhc.o
 .debug_abbrev  0x000025b1      0x167 ./board/board.o
 .debug_abbrev  0x00002718      0x1f4 ./board/clock_config.o
 .debug_abbrev  0x0000290c      0x235 ./board/peripherals.o
 .debug_abbrev  0x00002b41      0x254 ./board/pin_mux.o
 .debug_abbrev  0x00002d95      0x154 ./CMSIS/system_MK82F25615.o

.debug_aranges  0x00000000     0x1418
 .debug_aranges
                0x00000000       0x58 ./utilities/fsl_debug_console.o
 .debug_aranges
                0x00000058       0x48 ./utilities/fsl_io.o
 .debug_aranges
                0x000000a0       0x58 ./utilities/fsl_log.o
 .debug_aranges
                0x000000f8       0x38 ./utilities/fsl_str.o
 .debug_aranges
                0x00000130      0x3c8 ./startup/startup_mk82f25615.o
 .debug_aranges
                0x000004f8       0x60 ./source/ftm.o
 .debug_aranges
                0x00000558       0x20 ./source/semihost_hardfault.o
 .debug_aranges
                0x00000578       0xf8 ./sdmmc/src/fsl_sdspi.o
 .debug_aranges
                0x00000670       0x40 ./fatfs/fatfs_source/diskio.o
 .debug_aranges
                0x000006b0      0x208 ./fatfs/fatfs_source/ff.o
 .debug_aranges
                0x000008b8       0x60 ./fatfs/fatfs_source/fsl_sdspi_disk.o
 .debug_aranges
                0x00000918      0x1f8 ./drivers/fsl_clock.o
 .debug_aranges
                0x00000b10      0x1d0 ./drivers/fsl_dspi.o
 .debug_aranges
                0x00000ce0       0xc0 ./drivers/fsl_ftm.o
 .debug_aranges
                0x00000da0       0x48 ./drivers/fsl_gpio.o
 .debug_aranges
                0x00000de8      0x188 ./drivers/fsl_i2c.o
 .debug_aranges
                0x00000f70      0x138 ./drivers/fsl_lpuart.o
 .debug_aranges
                0x000010a8      0x198 ./drivers/fsl_sdhc.o
 .debug_aranges
                0x00001240       0x28 ./board/board.o
 .debug_aranges
                0x00001268       0x60 ./board/clock_config.o
 .debug_aranges
                0x000012c8       0xa8 ./board/peripherals.o
 .debug_aranges
                0x00001370       0x78 ./board/pin_mux.o
 .debug_aranges
                0x000013e8       0x30 ./CMSIS/system_MK82F25615.o

.debug_ranges   0x00000000     0x12a8
 .debug_ranges  0x00000000       0x48 ./utilities/fsl_debug_console.o
 .debug_ranges  0x00000048       0x38 ./utilities/fsl_io.o
 .debug_ranges  0x00000080       0x48 ./utilities/fsl_log.o
 .debug_ranges  0x000000c8       0x28 ./utilities/fsl_str.o
 .debug_ranges  0x000000f0      0x3b8 ./startup/startup_mk82f25615.o
 .debug_ranges  0x000004a8       0x50 ./source/ftm.o
 .debug_ranges  0x000004f8       0x10 ./source/semihost_hardfault.o
 .debug_ranges  0x00000508       0xe8 ./sdmmc/src/fsl_sdspi.o
 .debug_ranges  0x000005f0       0x30 ./fatfs/fatfs_source/diskio.o
 .debug_ranges  0x00000620      0x1f8 ./fatfs/fatfs_source/ff.o
 .debug_ranges  0x00000818       0x50 ./fatfs/fatfs_source/fsl_sdspi_disk.o
 .debug_ranges  0x00000868      0x1e8 ./drivers/fsl_clock.o
 .debug_ranges  0x00000a50      0x1c0 ./drivers/fsl_dspi.o
 .debug_ranges  0x00000c10       0xb0 ./drivers/fsl_ftm.o
 .debug_ranges  0x00000cc0       0x38 ./drivers/fsl_gpio.o
 .debug_ranges  0x00000cf8      0x178 ./drivers/fsl_i2c.o
 .debug_ranges  0x00000e70      0x128 ./drivers/fsl_lpuart.o
 .debug_ranges  0x00000f98      0x188 ./drivers/fsl_sdhc.o
 .debug_ranges  0x00001120       0x18 ./board/board.o
 .debug_ranges  0x00001138       0x50 ./board/clock_config.o
 .debug_ranges  0x00001188       0x98 ./board/peripherals.o
 .debug_ranges  0x00001220       0x68 ./board/pin_mux.o
 .debug_ranges  0x00001288       0x20 ./CMSIS/system_MK82F25615.o

.debug_macro    0x00000000    0x179aa
 .debug_macro   0x00000000      0x127 ./utilities/fsl_debug_console.o
 .debug_macro   0x00000127      0xa90 ./utilities/fsl_debug_console.o
 .debug_macro   0x00000bb7       0x10 ./utilities/fsl_debug_console.o
 .debug_macro   0x00000bc7       0x16 ./utilities/fsl_debug_console.o
 .debug_macro   0x00000bdd       0x10 ./utilities/fsl_debug_console.o
 .debug_macro   0x00000bed      0x12d ./utilities/fsl_debug_console.o
 .debug_macro   0x00000d1a       0x28 ./utilities/fsl_debug_console.o
 .debug_macro   0x00000d42       0x16 ./utilities/fsl_debug_console.o
 .debug_macro   0x00000d58       0x22 ./utilities/fsl_debug_console.o
 .debug_macro   0x00000d7a      0x5b2 ./utilities/fsl_debug_console.o
 .debug_macro   0x0000132c       0x10 ./utilities/fsl_debug_console.o
 .debug_macro   0x0000133c       0x57 ./utilities/fsl_debug_console.o
 .debug_macro   0x00001393       0x1c ./utilities/fsl_debug_console.o
 .debug_macro   0x000013af       0x22 ./utilities/fsl_debug_console.o
 .debug_macro   0x000013d1       0xdf ./utilities/fsl_debug_console.o
 .debug_macro   0x000014b0      0xecf ./utilities/fsl_debug_console.o
 .debug_macro   0x0000237f       0x40 ./utilities/fsl_debug_console.o
 .debug_macro   0x000023bf    0x116e5 ./utilities/fsl_debug_console.o
 .debug_macro   0x00013aa4     0x1373 ./utilities/fsl_debug_console.o
 .debug_macro   0x00014e17       0x52 ./utilities/fsl_debug_console.o
 .debug_macro   0x00014e69      0x171 ./utilities/fsl_debug_console.o
 .debug_macro   0x00014fda       0x7b ./utilities/fsl_debug_console.o
 .debug_macro   0x00015055       0x1c ./utilities/fsl_debug_console.o
 .debug_macro   0x00015071       0x50 ./utilities/fsl_debug_console.o
 .debug_macro   0x000150c1      0x115 ./utilities/fsl_io.o
 .debug_macro   0x000151d6       0x1c ./utilities/fsl_io.o
 .debug_macro   0x000151f2       0x22 ./utilities/fsl_io.o
 .debug_macro   0x00015214       0x10 ./utilities/fsl_io.o
 .debug_macro   0x00015224      0x148 ./utilities/fsl_log.o
 .debug_macro   0x0001536c      0x118 ./utilities/fsl_str.o
 .debug_macro   0x00015484       0xc4 ./utilities/fsl_str.o
 .debug_macro   0x00015548       0x1c ./utilities/fsl_str.o
 .debug_macro   0x00015564       0x29 ./startup/startup_mk82f25615.o
 .debug_macro   0x0001558d      0x254 ./source/ftm.o
 .debug_macro   0x000157e1       0xd8 ./source/ftm.o
 .debug_macro   0x000158b9       0x1c ./source/ftm.o
 .debug_macro   0x000158d5       0x10 ./source/ftm.o
 .debug_macro   0x000158e5      0x2c8 ./source/ftm.o
 .debug_macro   0x00015bad       0x10 ./source/ftm.o
 .debug_macro   0x00015bbd       0x16 ./source/ftm.o
 .debug_macro   0x00015bd3       0x1c ./source/ftm.o
 .debug_macro   0x00015bef       0x6a ./source/ftm.o
 .debug_macro   0x00015c59      0x1b1 ./source/ftm.o
 .debug_macro   0x00015e0a       0x22 ./source/ftm.o
 .debug_macro   0x00015e2c      0x105 ./source/ftm.o
 .debug_macro   0x00015f31       0xe8 ./source/ftm.o
 .debug_macro   0x00016019       0x11 ./source/semihost_hardfault.o
 .debug_macro   0x0001602a      0x13e ./sdmmc/src/fsl_sdspi.o
 .debug_macro   0x00016168       0x22 ./sdmmc/src/fsl_sdspi.o
 .debug_macro   0x0001618a      0x14b ./fatfs/fatfs_source/diskio.o
 .debug_macro   0x000162d5       0xb2 ./fatfs/fatfs_source/diskio.o
 .debug_macro   0x00016387       0x22 ./fatfs/fatfs_source/diskio.o
 .debug_macro   0x000163a9      0x4c2 ./fatfs/fatfs_source/ff.o
 .debug_macro   0x0001686b       0xef ./fatfs/fatfs_source/ff.o
 .debug_macro   0x0001695a       0xb8 ./fatfs/fatfs_source/ff.o
 .debug_macro   0x00016a12      0x186 ./fatfs/fatfs_source/fsl_sdspi_disk.o
 .debug_macro   0x00016b98       0x3a ./fatfs/fatfs_source/fsl_sdspi_disk.o
 .debug_macro   0x00016bd2      0x1dd ./drivers/fsl_clock.o
 .debug_macro   0x00016daf      0x108 ./drivers/fsl_dspi.o
 .debug_macro   0x00016eb7      0x109 ./drivers/fsl_ftm.o
 .debug_macro   0x00016fc0      0x109 ./drivers/fsl_gpio.o
 .debug_macro   0x000170c9      0x108 ./drivers/fsl_i2c.o
 .debug_macro   0x000171d1       0x16 ./drivers/fsl_i2c.o
 .debug_macro   0x000171e7      0x109 ./drivers/fsl_lpuart.o
 .debug_macro   0x000172f0      0x120 ./drivers/fsl_sdhc.o
 .debug_macro   0x00017410       0x64 ./drivers/fsl_sdhc.o
 .debug_macro   0x00017474      0x12c ./board/board.o
 .debug_macro   0x000175a0      0x13a ./board/clock_config.o
 .debug_macro   0x000176da      0x12a ./board/peripherals.o
 .debug_macro   0x00017804      0x10e ./board/pin_mux.o
 .debug_macro   0x00017912       0x98 ./CMSIS/system_MK82F25615.o

.debug_line     0x00000000     0x8962
 .debug_line    0x00000000      0x323 ./utilities/fsl_debug_console.o
 .debug_line    0x00000323      0x2e8 ./utilities/fsl_io.o
 .debug_line    0x0000060b      0x30a ./utilities/fsl_log.o
 .debug_line    0x00000915      0x51b ./utilities/fsl_str.o
 .debug_line    0x00000e30      0x82d ./startup/startup_mk82f25615.o
 .debug_line    0x0000165d      0x3e7 ./source/ftm.o
 .debug_line    0x00001a44       0x54 ./source/semihost_hardfault.o
 .debug_line    0x00001a98      0x902 ./sdmmc/src/fsl_sdspi.o
 .debug_line    0x0000239a      0x312 ./fatfs/fatfs_source/diskio.o
 .debug_line    0x000026ac     0x148e ./fatfs/fatfs_source/ff.o
 .debug_line    0x00003b3a      0x3ba ./fatfs/fatfs_source/fsl_sdspi_disk.o
 .debug_line    0x00003ef4      0xa25 ./drivers/fsl_clock.o
 .debug_line    0x00004919      0xb48 ./drivers/fsl_dspi.o
 .debug_line    0x00005461      0x6bd ./drivers/fsl_ftm.o
 .debug_line    0x00005b1e      0x291 ./drivers/fsl_gpio.o
 .debug_line    0x00005daf      0xa38 ./drivers/fsl_i2c.o
 .debug_line    0x000067e7      0x934 ./drivers/fsl_lpuart.o
 .debug_line    0x0000711b      0x97e ./drivers/fsl_sdhc.o
 .debug_line    0x00007a99      0x272 ./board/board.o
 .debug_line    0x00007d0b      0x2e5 ./board/clock_config.o
 .debug_line    0x00007ff0      0x3ae ./board/peripherals.o
 .debug_line    0x0000839e      0x3a7 ./board/pin_mux.o
 .debug_line    0x00008745      0x21d ./CMSIS/system_MK82F25615.o

.debug_str      0x00000000    0xa7a7f
 .debug_str     0x00000000    0x94bab ./utilities/fsl_debug_console.o
                              0x94d3b (size before relaxing)
 .debug_str     0x00094bab      0xc68 ./utilities/fsl_io.o
                              0x957ba (size before relaxing)
 .debug_str     0x00095813      0x1d8 ./utilities/fsl_log.o
                              0x94d4a (size before relaxing)
 .debug_str     0x000959eb      0x68d ./utilities/fsl_str.o
                              0x951ce (size before relaxing)
 .debug_str     0x00096078      0x9ab ./startup/startup_mk82f25615.o
                               0x380f (size before relaxing)
 .debug_str     0x00096a23     0x3299 ./source/ftm.o
                              0x98241 (size before relaxing)
 .debug_str     0x00099cbc       0x1f ./source/semihost_hardfault.o
                               0x2dc2 (size before relaxing)
 .debug_str     0x00099cdb     0x246d ./sdmmc/src/fsl_sdspi.o
                              0x96e1d (size before relaxing)
 .debug_str     0x0009c148      0x2d7 ./fatfs/fatfs_source/diskio.o
                              0x96418 (size before relaxing)
 .debug_str     0x0009c41f     0x3af1 ./fatfs/fatfs_source/ff.o
                               0x7313 (size before relaxing)
 .debug_str     0x0009ff10      0xa85 ./fatfs/fatfs_source/fsl_sdspi_disk.o
                              0x98c81 (size before relaxing)
 .debug_str     0x000a0995     0x1b12 ./drivers/fsl_clock.o
                              0x96ed8 (size before relaxing)
 .debug_str     0x000a24a7     0x12d0 ./drivers/fsl_dspi.o
                              0x96d55 (size before relaxing)
 .debug_str     0x000a3777      0x9a2 ./drivers/fsl_ftm.o
                              0x960bc (size before relaxing)
 .debug_str     0x000a4119      0x109 ./drivers/fsl_gpio.o
                              0x95049 (size before relaxing)
 .debug_str     0x000a4222      0xb8e ./drivers/fsl_i2c.o
                              0x9661e (size before relaxing)
 .debug_str     0x000a4db0      0x912 ./drivers/fsl_lpuart.o
                              0x968e6 (size before relaxing)
 .debug_str     0x000a56c2     0x189c ./drivers/fsl_sdhc.o
                              0x972c5 (size before relaxing)
 .debug_str     0x000a6f5e       0x4c ./board/board.o
                              0x96063 (size before relaxing)
 .debug_str     0x000a6faa      0x334 ./board/clock_config.o
                              0x957cd (size before relaxing)
 .debug_str     0x000a72de      0x1d7 ./board/peripherals.o
                              0x96570 (size before relaxing)
 .debug_str     0x000a74b5      0x50b ./board/pin_mux.o
                              0x959c2 (size before relaxing)
 .debug_str     0x000a79c0       0xbf ./CMSIS/system_MK82F25615.o
                              0x939cd (size before relaxing)

.comment        0x00000000       0x7e
 .comment       0x00000000       0x7e ./utilities/fsl_debug_console.o
                                 0x7f (size before relaxing)
 .comment       0x0000007e       0x7f ./utilities/fsl_io.o
 .comment       0x0000007e       0x7f ./utilities/fsl_log.o
 .comment       0x0000007e       0x7f ./utilities/fsl_str.o
 .comment       0x0000007e       0x7f ./startup/startup_mk82f25615.o
 .comment       0x0000007e       0x7f ./source/ftm.o
 .comment       0x0000007e       0x7f ./source/semihost_hardfault.o
 .comment       0x0000007e       0x7f ./sdmmc/src/fsl_sdspi.o
 .comment       0x0000007e       0x7f ./fatfs/fatfs_source/diskio.o
 .comment       0x0000007e       0x7f ./fatfs/fatfs_source/ff.o
 .comment       0x0000007e       0x7f ./fatfs/fatfs_source/fsl_sdspi_disk.o
 .comment       0x0000007e       0x7f ./drivers/fsl_clock.o
 .comment       0x0000007e       0x7f ./drivers/fsl_dspi.o
 .comment       0x0000007e       0x7f ./drivers/fsl_ftm.o
 .comment       0x0000007e       0x7f ./drivers/fsl_gpio.o
 .comment       0x0000007e       0x7f ./drivers/fsl_i2c.o
 .comment       0x0000007e       0x7f ./drivers/fsl_lpuart.o
 .comment       0x0000007e       0x7f ./drivers/fsl_sdhc.o
 .comment       0x0000007e       0x7f ./board/board.o
 .comment       0x0000007e       0x7f ./board/clock_config.o
 .comment       0x0000007e       0x7f ./board/peripherals.o
 .comment       0x0000007e       0x7f ./board/pin_mux.o
 .comment       0x0000007e       0x7f ./CMSIS/system_MK82F25615.o
 .comment       0x0000007e       0x7f e:/nxp/mcuxpressoide_10.2.1_795/ide/tools/bin/../lib/gcc/arm-none-eabi/7.2.1/../../../../arm-none-eabi/lib/thumb/v7e-m/fpv4-sp/hard\libcr_nohost_nf.a(_cr__main.o)
 .comment       0x0000007e       0x7f e:/nxp/mcuxpressoide_10.2.1_795/ide/tools/bin/../lib/gcc/arm-none-eabi/7.2.1/../../../../arm-none-eabi/lib/thumb/v7e-m/fpv4-sp/hard\libcr_nohost_nf.a(_cr_assert.o)
 .comment       0x0000007e       0x7f e:/nxp/mcuxpressoide_10.2.1_795/ide/tools/bin/../lib/gcc/arm-none-eabi/7.2.1/../../../../arm-none-eabi/lib/thumb/v7e-m/fpv4-sp/hard\libcr_nohost_nf.a(__ciob.o)
 .comment       0x0000007e       0x7f e:/nxp/mcuxpressoide_10.2.1_795/ide/tools/bin/../lib/gcc/arm-none-eabi/7.2.1/../../../../arm-none-eabi/lib/thumb/v7e-m/fpv4-sp/hard\libcr_nohost_nf.a(__sys_appexit.o)
 .comment       0x0000007e       0x7f e:/nxp/mcuxpressoide_10.2.1_795/ide/tools/bin/../lib/gcc/arm-none-eabi/7.2.1/../../../../arm-none-eabi/lib/thumb/v7e-m/fpv4-sp/hard\libcr_c.a(memset.o)
 .comment       0x0000007e       0x7f e:/nxp/mcuxpressoide_10.2.1_795/ide/tools/bin/../lib/gcc/arm-none-eabi/7.2.1/../../../../arm-none-eabi/lib/thumb/v7e-m/fpv4-sp/hard\libcr_c.a(_deferredlazyseek.o)
 .comment       0x0000007e       0x7f e:/nxp/mcuxpressoide_10.2.1_795/ide/tools/bin/../lib/gcc/arm-none-eabi/7.2.1/../../../../arm-none-eabi/lib/thumb/v7e-m/fpv4-sp/hard\libcr_c.a(_fflush.o)
 .comment       0x0000007e       0x7f e:/nxp/mcuxpressoide_10.2.1_795/ide/tools/bin/../lib/gcc/arm-none-eabi/7.2.1/../../../../arm-none-eabi/lib/thumb/v7e-m/fpv4-sp/hard\libcr_c.a(_writebuf.o)
 .comment       0x0000007e       0x7f e:/nxp/mcuxpressoide_10.2.1_795/ide/tools/bin/../lib/gcc/arm-none-eabi/7.2.1/../../../../arm-none-eabi/lib/thumb/v7e-m/fpv4-sp/hard\libcr_c.a(alloc.o)
 .comment       0x0000007e       0x7f e:/nxp/mcuxpressoide_10.2.1_795/ide/tools/bin/../lib/gcc/arm-none-eabi/7.2.1/../../../../arm-none-eabi/lib/thumb/v7e-m/fpv4-sp/hard\libcr_c.a(fputs.o)
 .comment       0x0000007e       0x7f e:/nxp/mcuxpressoide_10.2.1_795/ide/tools/bin/../lib/gcc/arm-none-eabi/7.2.1/../../../../arm-none-eabi/lib/thumb/v7e-m/fpv4-sp/hard\libcr_c.a(fseek.o)
 .comment       0x0000007e       0x7f e:/nxp/mcuxpressoide_10.2.1_795/ide/tools/bin/../lib/gcc/arm-none-eabi/7.2.1/../../../../arm-none-eabi/lib/thumb/v7e-m/fpv4-sp/hard\libcr_c.a(ftell.o)
 .comment       0x0000007e       0x7f e:/nxp/mcuxpressoide_10.2.1_795/ide/tools/bin/../lib/gcc/arm-none-eabi/7.2.1/../../../../arm-none-eabi/lib/thumb/v7e-m/fpv4-sp/hard\libcr_c.a(initio.o)
 .comment       0x0000007e       0x7f e:/nxp/mcuxpressoide_10.2.1_795/ide/tools/bin/../lib/gcc/arm-none-eabi/7.2.1/../../../../arm-none-eabi/lib/thumb/v7e-m/fpv4-sp/hard\libcr_c.a(setvbuf.o)
 .comment       0x0000007e       0x7f e:/nxp/mcuxpressoide_10.2.1_795/ide/tools/bin/../lib/gcc/arm-none-eabi/7.2.1/../../../../arm-none-eabi/lib/thumb/v7e-m/fpv4-sp/hard\libcr_c.a(strlen.o)
 .comment       0x0000007e       0x7f e:/nxp/mcuxpressoide_10.2.1_795/ide/tools/bin/../lib/gcc/arm-none-eabi/7.2.1/../../../../arm-none-eabi/lib/thumb/v7e-m/fpv4-sp/hard\libcr_c.a(__init_alloc.o)
 .comment       0x0000007e       0x7f e:/nxp/mcuxpressoide_10.2.1_795/ide/tools/bin/../lib/gcc/arm-none-eabi/7.2.1/../../../../arm-none-eabi/lib/thumb/v7e-m/fpv4-sp/hard\libcr_c.a(_cr_sbrk.o)
 .comment       0x0000007e       0x7f e:/nxp/mcuxpressoide_10.2.1_795/ide/tools/bin/../lib/gcc/arm-none-eabi/7.2.1/../../../../arm-none-eabi/lib/thumb/v7e-m/fpv4-sp/hard\libcr_c.a(_fdopen.o)
 .comment       0x0000007e       0x7f e:/nxp/mcuxpressoide_10.2.1_795/ide/tools/bin/../lib/gcc/arm-none-eabi/7.2.1/../../../../arm-none-eabi/lib/thumb/v7e-m/fpv4-sp/hard\libcr_c.a(errno.o)
 .comment       0x0000007e       0x7f e:/nxp/mcuxpressoide_10.2.1_795/ide/tools/bin/../lib/gcc/arm-none-eabi/7.2.1/../../../../arm-none-eabi/lib/thumb/v7e-m/fpv4-sp/hard\libcr_c.a(fclose.o)
 .comment       0x0000007e       0x7f e:/nxp/mcuxpressoide_10.2.1_795/ide/tools/bin/../lib/gcc/arm-none-eabi/7.2.1/../../../../arm-none-eabi/lib/thumb/v7e-m/fpv4-sp/hard\libcr_c.a(fflush.o)
 .comment       0x0000007e       0x7f e:/nxp/mcuxpressoide_10.2.1_795/ide/tools/bin/../lib/gcc/arm-none-eabi/7.2.1/../../../../arm-none-eabi/lib/thumb/v7e-m/fpv4-sp/hard\libcr_c.a(remove.o)
 .comment       0x0000007e       0x7f e:/nxp/mcuxpressoide_10.2.1_795/ide/tools/bin/../lib/gcc/arm-none-eabi/7.2.1/../../../../arm-none-eabi/lib/thumb/v7e-m/fpv4-sp/hard\libcr_c.a(_cr_check_heap.o)