Archive member included to satisfy reference by file (symbol)

e:/nxp/mcuxpressoide_10.2.1_795/ide/tools/bin/../lib/gcc/arm-none-eabi/7.2.1/../../../../arm-none-eabi/lib/thumb/v7e-m/fpv4-sp/hard\libcr_nohost_nf.a(_cr__main.o)
                              ./startup/startup_mk82f25615.o (__main)
e:/nxp/mcuxpressoide_10.2.1_795/ide/tools/bin/../lib/gcc/arm-none-eabi/7.2.1/../../../../arm-none-eabi/lib/thumb/v7e-m/fpv4-sp/hard\libcr_nohost_nf.a(_cr_assert.o)
                              ./utilities/fsl_debug_console.o (__assertion_failed)
e:/nxp/mcuxpressoide_10.2.1_795/ide/tools/bin/../lib/gcc/arm-none-eabi/7.2.1/../../../../arm-none-eabi/lib/thumb/v7e-m/fpv4-sp/hard\libcr_nohost_nf.a(__ciob.o)
                              e:/nxp/mcuxpressoide_10.2.1_795/ide/tools/bin/../lib/gcc/arm-none-eabi/7.2.1/../../../../arm-none-eabi/lib/thumb/v7e-m/fpv4-sp/hard\libcr_nohost_nf.a(_cr_assert.o) (__Ciob)
e:/nxp/mcuxpressoide_10.2.1_795/ide/tools/bin/../lib/gcc/arm-none-eabi/7.2.1/../../../../arm-none-eabi/lib/thumb/v7e-m/fpv4-sp/hard\libcr_nohost_nf.a(__sys_appexit.o)
                              e:/nxp/mcuxpressoide_10.2.1_795/ide/tools/bin/../lib/gcc/arm-none-eabi/7.2.1/../../../../arm-none-eabi/lib/thumb/v7e-m/fpv4-sp/hard\libcr_nohost_nf.a(_cr_assert.o) (__sys_appexit)
e:/nxp/mcuxpressoide_10.2.1_795/ide/tools/bin/../lib/gcc/arm-none-eabi/7.2.1/../../../../arm-none-eabi/lib/thumb/v7e-m/fpv4-sp/hard\libcr_c.a(memcpy.o)
                              ./sdmmc/src/fsl_mmc.o (memcpy)
e:/nxp/mcuxpressoide_10.2.1_795/ide/tools/bin/../lib/gcc/arm-none-eabi/7.2.1/../../../../arm-none-eabi/lib/thumb/v7e-m/fpv4-sp/hard\libcr_c.a(memset.o)
                              ./utilities/fsl_debug_console.o (memset)
e:/nxp/mcuxpressoide_10.2.1_795/ide/tools/bin/../lib/gcc/arm-none-eabi/7.2.1/../../../../arm-none-eabi/lib/thumb/v7e-m/fpv4-sp/hard\libcr_c.a(_deferredlazyseek.o)
                              e:/nxp/mcuxpressoide_10.2.1_795/ide/tools/bin/../lib/gcc/arm-none-eabi/7.2.1/../../../../arm-none-eabi/lib/thumb/v7e-m/fpv4-sp/hard\libcr_nohost_nf.a(_cr_assert.o) (__flsbuf)
e:/nxp/mcuxpressoide_10.2.1_795/ide/tools/bin/../lib/gcc/arm-none-eabi/7.2.1/../../../../arm-none-eabi/lib/thumb/v7e-m/fpv4-sp/hard\libcr_c.a(_fflush.o)
                              e:/nxp/mcuxpressoide_10.2.1_795/ide/tools/bin/../lib/gcc/arm-none-eabi/7.2.1/../../../../arm-none-eabi/lib/thumb/v7e-m/fpv4-sp/hard\libcr_c.a(_deferredlazyseek.o) (_fflush)
e:/nxp/mcuxpressoide_10.2.1_795/ide/tools/bin/../lib/gcc/arm-none-eabi/7.2.1/../../../../arm-none-eabi/lib/thumb/v7e-m/fpv4-sp/hard\libcr_c.a(_writebuf.o)
                              e:/nxp/mcuxpressoide_10.2.1_795/ide/tools/bin/../lib/gcc/arm-none-eabi/7.2.1/../../../../arm-none-eabi/lib/thumb/v7e-m/fpv4-sp/hard\libcr_c.a(_deferredlazyseek.o) (_Cwritebuf)
e:/nxp/mcuxpressoide_10.2.1_795/ide/tools/bin/../lib/gcc/arm-none-eabi/7.2.1/../../../../arm-none-eabi/lib/thumb/v7e-m/fpv4-sp/hard\libcr_c.a(alloc.o)
                              ./drivers/fsl_common.o (malloc)
e:/nxp/mcuxpressoide_10.2.1_795/ide/tools/bin/../lib/gcc/arm-none-eabi/7.2.1/../../../../arm-none-eabi/lib/thumb/v7e-m/fpv4-sp/hard\libcr_c.a(fputs.o)
                              e:/nxp/mcuxpressoide_10.2.1_795/ide/tools/bin/../lib/gcc/arm-none-eabi/7.2.1/../../../../arm-none-eabi/lib/thumb/v7e-m/fpv4-sp/hard\libcr_nohost_nf.a(_cr_assert.o) (fputs)
e:/nxp/mcuxpressoide_10.2.1_795/ide/tools/bin/../lib/gcc/arm-none-eabi/7.2.1/../../../../arm-none-eabi/lib/thumb/v7e-m/fpv4-sp/hard\libcr_c.a(fseek.o)
                              e:/nxp/mcuxpressoide_10.2.1_795/ide/tools/bin/../lib/gcc/arm-none-eabi/7.2.1/../../../../arm-none-eabi/lib/thumb/v7e-m/fpv4-sp/hard\libcr_c.a(_deferredlazyseek.o) (fseek)
e:/nxp/mcuxpressoide_10.2.1_795/ide/tools/bin/../lib/gcc/arm-none-eabi/7.2.1/../../../../arm-none-eabi/lib/thumb/v7e-m/fpv4-sp/hard\libcr_c.a(ftell.o)
                              e:/nxp/mcuxpressoide_10.2.1_795/ide/tools/bin/../lib/gcc/arm-none-eabi/7.2.1/../../../../arm-none-eabi/lib/thumb/v7e-m/fpv4-sp/hard\libcr_c.a(fseek.o) (ftell)
e:/nxp/mcuxpressoide_10.2.1_795/ide/tools/bin/../lib/gcc/arm-none-eabi/7.2.1/../../../../arm-none-eabi/lib/thumb/v7e-m/fpv4-sp/hard\libcr_c.a(initio.o)
                              e:/nxp/mcuxpressoide_10.2.1_795/ide/tools/bin/../lib/gcc/arm-none-eabi/7.2.1/../../../../arm-none-eabi/lib/thumb/v7e-m/fpv4-sp/hard\libcr_nohost_nf.a(_cr__main.o) (_initio)
e:/nxp/mcuxpressoide_10.2.1_795/ide/tools/bin/../lib/gcc/arm-none-eabi/7.2.1/../../../../arm-none-eabi/lib/thumb/v7e-m/fpv4-sp/hard\libcr_c.a(setvbuf.o)
                              e:/nxp/mcuxpressoide_10.2.1_795/ide/tools/bin/../lib/gcc/arm-none-eabi/7.2.1/../../../../arm-none-eabi/lib/thumb/v7e-m/fpv4-sp/hard\libcr_c.a(initio.o) (setvbuf)
e:/nxp/mcuxpressoide_10.2.1_795/ide/tools/bin/../lib/gcc/arm-none-eabi/7.2.1/../../../../arm-none-eabi/lib/thumb/v7e-m/fpv4-sp/hard\libcr_c.a(strlen.o)
                              ./utilities/fsl_str.o (strlen)
[...]
Memory Configuration

Name             Origin             Length             Attributes
PROGRAM_FLASH    0x00000000         0x00040000         xr
SRAM_UPPER       0x20000000         0x00030000         xrw
SRAM_LOWER       0x1fff0000         0x00010000         xrw
*default*        0x00000000         0xffffffff

Linker script and memory map

LOAD ./utilities/fsl_debug_console.o
LOAD ./utilities/fsl_io.o
LOAD ./utilities/fsl_log.o
LOAD ./utilities/fsl_str.o
LOAD ./startup/startup_mk82f25615.o
LOAD ./source/mongoose_car.o
LOAD ./source/semihost_hardfault.o
LOAD ./sdmmc/src/fsl_mmc.o
LOAD ./sdmmc/src/fsl_sd.o
LOAD ./sdmmc/src/fsl_sdio.o
LOAD ./sdmmc/src/fsl_sdmmc_common.o
LOAD ./sdmmc/src/fsl_sdspi.o
LOAD ./fatfs/fatfs_source/diskio.o
LOAD ./fatfs/fatfs_source/ff.o
LOAD ./fatfs/fatfs_source/ffsystem.o
LOAD ./fatfs/fatfs_source/ffunicode.o
LOAD ./fatfs/fatfs_source/fsl_sd_disk.o
LOAD ./fatfs/fatfs_source/fsl_sdspi_disk.o
LOAD ./drivers/fsl_clock.o
LOAD ./drivers/fsl_common.o
LOAD ./drivers/fsl_dspi.o
LOAD ./drivers/fsl_ftfx_cache.o
LOAD ./drivers/fsl_ftfx_controller.o
LOAD ./drivers/fsl_ftfx_flash.o
LOAD ./drivers/fsl_ftfx_flexnvm.o
LOAD ./drivers/fsl_ftm.o
LOAD ./drivers/fsl_gpio.o
LOAD ./drivers/fsl_i2c.o
LOAD ./drivers/fsl_lpuart.o
LOAD ./drivers/fsl_sdhc.o
LOAD ./drivers/fsl_smc.o
LOAD ./board/board.o
LOAD ./board/clock_config.o
LOAD ./board/peripherals.o
LOAD ./board/pin_mux.o
LOAD ./CMSIS/system_MK82F25615.o
START GROUP
LOAD e:/nxp/mcuxpressoide_10.2.1_795/ide/tools/bin/../lib/gcc/arm-none-eabi/7.2.1/../../../../arm-none-eabi/lib/thumb/v7e-m/fpv4-sp/hard\libcr_nohost_nf.a
LOAD e:/nxp/mcuxpressoide_10.2.1_795/ide/tools/bin/../lib/gcc/arm-none-eabi/7.2.1/../../../../arm-none-eabi/lib/thumb/v7e-m/fpv4-sp/hard\libcr_c.a
LOAD e:/nxp/mcuxpressoide_10.2.1_795/ide/tools/bin/../lib/gcc/arm-none-eabi/7.2.1/thumb/v7e-m/fpv4-sp/hard\libcr_eabihelpers.a
END GROUP
                0x00000000                __base_PROGRAM_FLASH = 0x0
                0x00000000                __base_Flash = 0x0
                0x00040000                __top_PROGRAM_FLASH = 0x40000
                0x00040000                __top_Flash = 0x40000
                0x20000000                __base_SRAM_UPPER = 0x20000000
                0x20000000                __base_RAM = 0x20000000
                0x20030000                __top_SRAM_UPPER = 0x20030000
                0x20030000                __top_RAM = 0x20030000
                0x1fff0000                __base_SRAM_LOWER = 0x1fff0000
                0x1fff0000                __base_RAM2 = 0x1fff0000
                0x20000000                __top_SRAM_LOWER = 0x20000000
                0x20000000                __top_RAM2 = 0x20000000

.text           0x00000000     0xa70c
 FILL mask 0xff
                0x00000000                __vectors_start__ = ABSOLUTE (.)
 *(SORT_BY_ALIGNMENT(.isr_vector))
 .isr_vector    0x00000000      0x1e4 ./startup/startup_mk82f25615.o
                0x00000000                g_pfnVectors
                0x00000000                __Vectors
                0x000001e4                . = ALIGN (0x4)
                0x000001e4                __section_table_start = .
                0x000001e4                __data_section_table = .
                0x000001e4        0x4 LONG 0xa70c LOADADDR (.data)
                0x000001e8        0x4 LONG 0x20000000 ADDR (.data)
                0x000001ec        0x4 LONG 0x50 SIZEOF (.data)
                0x000001f0        0x4 LONG 0xa70c LOADADDR (.data_RAM2)
                0x000001f4        0x4 LONG 0x1fff0000 ADDR (.data_RAM2)
                0x000001f8        0x4 LONG 0x0 SIZEOF (.data_RAM2)
                0x000001fc                __data_section_table_end = .
                0x000001fc                __bss_section_table = .
                0x000001fc        0x4 LONG 0x20000050 ADDR (.bss)
                0x00000200        0x4 LONG 0x658 SIZEOF (.bss)
                0x00000204        0x4 LONG 0x1fff0000 ADDR (.bss_RAM2)
                0x00000208        0x4 LONG 0x0 SIZEOF (.bss_RAM2)
                0x0000020c                __bss_section_table_end = .
                0x0000020c                __section_table_end = .
 *(SORT_BY_ALIGNMENT(.after_vectors*))
 .after_vectors.reset
                0x0000020c       0x4c ./startup/startup_mk82f25615.o
                0x0000020c                ResetISR
 .after_vectors.init_data
                0x00000258       0x1e ./startup/startup_mk82f25615.o
                0x00000258                data_init
 .after_vectors.init_bss
                0x00000276       0x12 ./startup/startup_mk82f25615.o
                0x00000276                bss_init
 .after_vectors
                0x00000288       0x14 ./startup/startup_mk82f25615.o
                0x00000288                NMI_Handler
                0x0000028c                MemManage_Handler
                0x0000028e                BusFault_Handler
                0x00000290                UsageFault_Handler
                0x00000292                SVC_Handler
                0x00000294                DebugMon_Handler
                0x00000296                PendSV_Handler
                0x00000298                SysTick_Handler
                0x0000029a                Reserved101_DriverIRQHandler
                0x0000029a                Reserved119_DriverIRQHandler
                0x0000029a                DMA_Error_DriverIRQHandler
                0x0000029a                PORTB_DriverIRQHandler
                0x0000029a                FTM1_DriverIRQHandler
                0x0000029a                Reserved100_DriverIRQHandler
                0x0000029a                TRNG0_DriverIRQHandler
                0x0000029a                FTM2_DriverIRQHandler
                0x0000029a                Reserved52_DriverIRQHandler
                0x0000029a                TPM2_DriverIRQHandler
                0x0000029a                Reserved112_DriverIRQHandler
                0x0000029a                Reserved82_DriverIRQHandler
                0x0000029a                DMA7_DMA23_DriverIRQHandler
                0x0000029a                Reserved111_DriverIRQHandler
                0x0000029a                Reserved110_DriverIRQHandler
                0x0000029a                I2S0_Tx_DriverIRQHandler
                0x0000029a                TSI0_DriverIRQHandler
                0x0000029a                RTC_Seconds_DriverIRQHandler
                0x0000029a                Reserved109_DriverIRQHandler
                0x0000029a                LLWU_DriverIRQHandler
                0x0000029a                MCM_DriverIRQHandler
                0x0000029a                DMA14_DMA30_DriverIRQHandler
                0x0000029a                MCG_DriverIRQHandler
                0x0000029a                FLEXIO0_DriverIRQHandler
                0x0000029a                DMA13_DMA29_DriverIRQHandler
                0x0000029a                CMP1_DriverIRQHandler
                0x0000029a                QuadSPI0_DriverIRQHandler
                0x0000029a                DMA0_DMA16_DriverIRQHandler
                0x0000029a                FTFA_DriverIRQHandler
                0x0000029a                FTM0_DriverIRQHandler
                0x0000029a                IntDefaultHandler
                0x0000029a                USB0_DriverIRQHandler
                0x0000029a                PORTC_DriverIRQHandler
                0x0000029a                DMA2_DMA18_DriverIRQHandler
                0x0000029a                DAC0_DriverIRQHandler
                0x0000029a                Reserved114_DriverIRQHandler
                0x0000029a                LVD_LVW_DriverIRQHandler
                0x0000029a                Reserved84_DriverIRQHandler
                0x0000029a                USBDCD_DriverIRQHandler
                0x0000029a                PIT0CH1_DriverIRQHandler
                0x0000029a                Reserved117_DriverIRQHandler
                0x0000029a                LPTMR0_LPTMR1_DriverIRQHandler
                0x0000029a                DMA10_DMA26_DriverIRQHandler
                0x0000029a                Reserved91_DriverIRQHandler
                0x0000029a                CMT_DriverIRQHandler
                0x0000029a                Reserved71_DriverIRQHandler
                0x0000029a                PORTA_DriverIRQHandler
                0x0000029a                DMA1_DMA17_DriverIRQHandler
                0x0000029a                Reserved92_DriverIRQHandler
                0x0000029a                TPM1_DriverIRQHandler
                0x0000029a                WDOG_EWM_DriverIRQHandler
                0x0000029a                Reserved89_DriverIRQHandler
                0x0000029a                PDB0_DriverIRQHandler
                0x0000029a                Reserved95_DriverIRQHandler
                0x0000029a                Reserved83_DriverIRQHandler
                0x0000029a                DMA8_DMA24_DriverIRQHandler
                0x0000029a                Reserved93_DriverIRQHandler
                0x0000029a                DMA6_DMA22_DriverIRQHandler
                0x0000029a                RTC_DriverIRQHandler
                0x0000029a                I2S0_Rx_DriverIRQHandler
                0x0000029a                Read_Collision_DriverIRQHandler
                0x0000029a                SWI_DriverIRQHandler
                0x0000029a                Reserved99_DriverIRQHandler
                0x0000029a                Reserved102_DriverIRQHandler
                0x0000029a                Reserved51_DriverIRQHandler
                0x0000029a                EMVSIM0_DriverIRQHandler
                0x0000029a                PIT0CH3_DriverIRQHandler
                0x0000029a                DMA11_DMA27_DriverIRQHandler
                0x0000029a                Reserved94_DriverIRQHandler
                0x0000029a                PIT0CH2_DriverIRQHandler
                0x0000029a                DMA4_DMA20_DriverIRQHandler
                0x0000029a                DMA9_DMA25_DriverIRQHandler
                0x0000029a                Reserved118_DriverIRQHandler
                0x0000029a                Reserved96_DriverIRQHandler
                0x0000029a                DMA3_DMA19_DriverIRQHandler
                0x0000029a                Reserved85_DriverIRQHandler
                0x0000029a                LTC0_DriverIRQHandler
                0x0000029a                Reserved88_DriverIRQHandler
                0x0000029a                ADC0_DriverIRQHandler
                0x0000029a                Reserved113_DriverIRQHandler
                0x0000029a                CMP0_DriverIRQHandler
                0x0000029a                Reserved98_DriverIRQHandler
                0x0000029a                FTM3_DriverIRQHandler
                0x0000029a                EMVSIM1_DriverIRQHandler
                0x0000029a                Reserved106_DriverIRQHandler
                0x0000029a                DMA5_DMA21_DriverIRQHandler
                0x0000029a                Reserved115_DriverIRQHandler
                0x0000029a                DMA12_DMA28_DriverIRQHandler
                0x0000029a                DMA15_DMA31_DriverIRQHandler
                0x0000029a                PIT0CH0_DriverIRQHandler
                0x0000029a                PORTD_DriverIRQHandler
                0x0000029a                PORTE_DriverIRQHandler
                0x0000029a                Reserved108_DriverIRQHandler
                0x00000400                . = 0x400
 *fill*         0x0000029c      0x164 ff
                0x00000400                PROVIDE (__FLASH_CONFIG_START__, .)
 *(SORT_BY_ALIGNMENT(.FlashConfig))
 .FlashConfig   0x00000400       0x10 ./startup/startup_mk82f25615.o
                0x00000400                Flash_Config
                0x00000410                PROVIDE (__FLASH_CONFIG_END__, .)
                0x00000001                ASSERT (! ((__FLASH_CONFIG_START__ == __FLASH_CONFIG_END__)), Linker Flash Config Support Enabled, but no .FlashConfig section provided within application)
 *(SORT_BY_ALIGNMENT(.text*))
 .text.DbgConsole_Init
                0x00000410       0x38 ./utilities/fsl_debug_console.o
                0x00000410                DbgConsole_Init
 .text.DbgConsole_Printf
                0x00000448       0x64 ./utilities/fsl_debug_console.o
                0x00000448                DbgConsole_Printf
 .text.IO_Init  0x000004ac       0x7c ./utilities/fsl_io.o
                0x000004ac                IO_Init
 .text.IO_Transfer
                0x00000528       0x58 ./utilities/fsl_io.o
                0x00000528                IO_Transfer
 .text.LOG_Push
                0x00000580       0x2c ./utilities/fsl_log.o
                0x00000580                LOG_Push
 .text.sd_open  0x000005ac       0x48 ./source/mongoose_car.o
                0x000005ac                sd_open
 .text.sd_write
                0x000005f4       0x40 ./source/mongoose_car.o
                0x000005f4                sd_write
 .text.sd_close
                0x00000634       0x3c ./source/mongoose_car.o
                0x00000634                sd_close
 .text.sd_init  0x00000670       0xa8 ./source/mongoose_car.o
                0x00000670                sd_init
 .text.UPDATE_DISTANCE
                0x00000718       0xec ./source/mongoose_car.o
                0x00000718                UPDATE_DISTANCE
 .text.FTM0_IRQHandler
                0x00000804      0x208 ./source/mongoose_car.o
                0x00000804                FTM0_IRQHandler
 .text.FTM3_IRQHandler
                0x00000a0c       0xbc ./source/mongoose_car.o
                0x00000a0c                FTM3_IRQHandler
 .text.main     0x00000ac8       0x88 ./source/mongoose_car.o
                0x00000ac8                main
 .text.SDSPI_SendCommand
                0x00000b50      0x174 ./sdmmc/src/fsl_sdspi.o
 .text.SDSPI_GoIdle
                0x00000cc4       0x6c ./sdmmc/src/fsl_sdspi.o
 .text.SDSPI_SendInterfaceCondition
                0x00000d30       0xa8 ./sdmmc/src/fsl_sdspi.o
 .text.SDSPI_SendApplicationCmd
                0x00000dd8       0x6c ./sdmmc/src/fsl_sdspi.o
 .text.SDSPI_ApplicationSendOperationCondition
                0x00000e44       0x80 ./sdmmc/src/fsl_sdspi.o
 .text.SDSPI_ReadOcr
                0x00000ec4       0xc4 ./sdmmc/src/fsl_sdspi.o
 .text.SDSPI_SetBlockSize
                0x00000f88       0x58 ./sdmmc/src/fsl_sdspi.o
 .text.SDSPI_DecodeCsd
                0x00000fe0      0x3a0 ./sdmmc/src/fsl_sdspi.o
 .text.SDSPI_SendCsd
                0x00001380       0x80 ./sdmmc/src/fsl_sdspi.o
 .text.SDSPI_DecodeScr
                0x00001400       0xd0 ./sdmmc/src/fsl_sdspi.o
 .text.SDSPI_SendScr
                0x000014d0       0x90 ./sdmmc/src/fsl_sdspi.o
 .text.SDSPI_Write
                0x00001560       0xe4 ./sdmmc/src/fsl_sdspi.o
 .text.SDSPI_Read
                0x00001644       0xe0 ./sdmmc/src/fsl_sdspi.o
 .text.SDSPI_Init
                0x00001724      0x130 ./sdmmc/src/fsl_sdspi.o
                0x00001724                SDSPI_Init
 .text.SDSPI_CheckReadOnly
                0x00001854       0x44 ./sdmmc/src/fsl_sdspi.o
                0x00001854                SDSPI_CheckReadOnly
 .text.SDSPI_ReadBlocks
                0x00001898       0xf4 ./sdmmc/src/fsl_sdspi.o
                0x00001898                SDSPI_ReadBlocks
 .text.SDSPI_WriteBlocks
                0x0000198c      0x138 ./sdmmc/src/fsl_sdspi.o
                0x0000198c                SDSPI_WriteBlocks
 .text.sync_fs  0x00001ac4       0xdc ./fatfs/fatfs_source/ff.o
 .text.create_name
                0x00001ba0      0x21c ./fatfs/fatfs_source/ff.o
 .text.get_ldnumber
                0x00001dbc       0x98 ./fatfs/fatfs_source/ff.o
 .text.check_fs
                0x00001e54       0xac ./fatfs/fatfs_source/ff.o
 .text.find_volume
                0x00001f00      0x4b8 ./fatfs/fatfs_source/ff.o
 .text.f_mount  0x000023b8       0x80 ./fatfs/fatfs_source/ff.o
                0x000023b8                f_mount
 .text.f_open   0x00002438      0x304 ./fatfs/fatfs_source/ff.o
                0x00002438                f_open
 .text.f_sync   0x0000273c      0x100 ./fatfs/fatfs_source/ff.o
                0x0000273c                f_sync
 .text.f_printf
                0x0000283c      0x464 ./fatfs/fatfs_source/ff.o
                0x0000283c                f_printf
 .text.sdspi_disk_write
                0x00002ca0       0x44 ./fatfs/fatfs_source/fsl_sdspi_disk.o
                0x00002ca0                sdspi_disk_write
 .text.sdspi_disk_read
                0x00002ce4       0x44 ./fatfs/fatfs_source/fsl_sdspi_disk.o
                0x00002ce4                sdspi_disk_read
 .text.sdspi_disk_ioctl
                0x00002d28       0xa0 ./fatfs/fatfs_source/fsl_sdspi_disk.o
                0x00002d28                sdspi_disk_ioctl
 .text.sdspi_disk_initialize
                0x00002dc8       0x3c ./fatfs/fatfs_source/fsl_sdspi_disk.o
                0x00002dc8                sdspi_disk_initialize
 .text.spi_init
                0x00002e04       0x6c ./fatfs/fatfs_source/fsl_sdspi_disk.o
                0x00002e04                spi_init
 .text.spi_set_frequency
                0x00002e70       0x34 ./fatfs/fatfs_source/fsl_sdspi_disk.o
                0x00002e70                spi_set_frequency
 .text.spi_exchange
                0x00002ea4       0x38 ./fatfs/fatfs_source/fsl_sdspi_disk.o
                0x00002ea4                spi_exchange
 .text.sdspi_host_init
                0x00002edc       0x3c ./fatfs/fatfs_source/fsl_sdspi_disk.o
                0x00002edc                sdspi_host_init
 .text.CLOCK_SetEr32kClock
                0x00002f18       0x30 ./drivers/fsl_clock.o
 .text.CLOCK_SetPllFllSelClock
                0x00002f48       0x58 ./drivers/fsl_clock.o
 .text.CLOCK_GetMcgExtClkFreq
                0x00002fa0       0x78 ./drivers/fsl_clock.o
 .text.CLOCK_GetFllExtRefClkFreq
                0x00003018       0xd0 ./drivers/fsl_clock.o
 .text.CLOCK_GetInternalRefClkSelectFreq
                0x000030e8       0x44 ./drivers/fsl_clock.o
 .text.CLOCK_GetFllRefClkFreq
                0x0000312c       0x2c ./drivers/fsl_clock.o
 .text.CLOCK_GetOscRangeFromFreq
                0x00003158       0x3c ./drivers/fsl_clock.o
 .text.CLOCK_GetOsc0ErClkUndivFreq
                0x00003194       0x38 ./drivers/fsl_clock.o
                0x00003194                CLOCK_GetOsc0ErClkUndivFreq
 .text.CLOCK_GetOsc0ErClkDivFreq
                0x000031cc       0x48 ./drivers/fsl_clock.o
                0x000031cc                CLOCK_GetOsc0ErClkDivFreq
 .text.CLOCK_GetEr32kClkFreq
                0x00003214       0x70 ./drivers/fsl_clock.o
                0x00003214                CLOCK_GetEr32kClkFreq
 .text.CLOCK_GetPllFllSelClkFreq
                0x00003284       0x84 ./drivers/fsl_clock.o
                0x00003284                CLOCK_GetPllFllSelClkFreq
 .text.CLOCK_GetFreq
                0x00003308      0x150 ./drivers/fsl_clock.o
                0x00003308                CLOCK_GetFreq
 .text.CLOCK_SetSimConfig
                0x00003458       0x44 ./drivers/fsl_clock.o
                0x00003458                CLOCK_SetSimConfig
 .text.CLOCK_GetOutClkFreq
                0x0000349c       0x64 ./drivers/fsl_clock.o
                0x0000349c                CLOCK_GetOutClkFreq
 .text.CLOCK_GetFllFreq
                0x00003500       0x7c ./drivers/fsl_clock.o
                0x00003500                CLOCK_GetFllFreq
 .text.CLOCK_GetInternalRefClkFreq
                0x0000357c       0x24 ./drivers/fsl_clock.o
                0x0000357c                CLOCK_GetInternalRefClkFreq
 .text.CLOCK_GetPll0Freq
                0x000035a0       0x6c ./drivers/fsl_clock.o
                0x000035a0                CLOCK_GetPll0Freq
 .text.CLOCK_SetExternalRefClkConfig
                0x0000360c       0x6c ./drivers/fsl_clock.o
                0x0000360c                CLOCK_SetExternalRefClkConfig
 .text.CLOCK_SetInternalRefClkConfig
                0x00003678      0x104 ./drivers/fsl_clock.o
                0x00003678                CLOCK_SetInternalRefClkConfig
 .text.CLOCK_EnablePll0
                0x0000377c       0x84 ./drivers/fsl_clock.o
                0x0000377c                CLOCK_EnablePll0
 .text.CLOCK_InitOsc0
                0x00003800       0x8c ./drivers/fsl_clock.o
                0x00003800                CLOCK_InitOsc0
 .text.CLOCK_SetPbeMode
                0x0000388c       0xa8 ./drivers/fsl_clock.o
                0x0000388c                CLOCK_SetPbeMode
 .text.CLOCK_BootToPeeMode
                0x00003934       0x64 ./drivers/fsl_clock.o
                0x00003934                CLOCK_BootToPeeMode
 .text.DSPI_GetInstance
                0x00003998       0x4c ./drivers/fsl_dspi.o
                0x00003998                DSPI_GetInstance
 .text.DSPI_SetDummyData
                0x000039e4       0x2c ./drivers/fsl_dspi.o
                0x000039e4                DSPI_SetDummyData
 .text.DSPI_MasterInit
                0x00003a10      0x16c ./drivers/fsl_dspi.o
                0x00003a10                DSPI_MasterInit
 .text.DSPI_MasterSetBaudRate
                0x00003b7c      0x120 ./drivers/fsl_dspi.o
                0x00003b7c                DSPI_MasterSetBaudRate
 .text.DSPI_MasterSetDelayTimes
                0x00003c9c      0x128 ./drivers/fsl_dspi.o
                0x00003c9c                DSPI_MasterSetDelayTimes
 .text.DSPI_MasterTransferBlocking
                0x00003dc4      0x47c ./drivers/fsl_dspi.o
                0x00003dc4                DSPI_MasterTransferBlocking
 .text.DSPI_CommonIRQHandler
                0x00004240       0x40 ./drivers/fsl_dspi.o
 .text.SPI0_DriverIRQHandler
                0x00004280       0x30 ./drivers/fsl_dspi.o
                0x00004280                SPI0_DriverIRQHandler
 .text.SPI1_DriverIRQHandler
                0x000042b0       0x30 ./drivers/fsl_dspi.o
                0x000042b0                SPI1_DriverIRQHandler
 .text.SPI2_DriverIRQHandler
                0x000042e0       0x30 ./drivers/fsl_dspi.o
                0x000042e0                SPI2_DriverIRQHandler
 .text.FTM_GetInstance
                0x00004310       0x54 ./drivers/fsl_ftm.o
 .text.FTM_SetPwmSync
                0x00004364      0x11c ./drivers/fsl_ftm.o
 .text.FTM_SetReloadPoints
                0x00004480      0x174 ./drivers/fsl_ftm.o
 .text.FTM_Init
                0x000045f4       0xf4 ./drivers/fsl_ftm.o
                0x000045f4                FTM_Init
 .text.FTM_SetupPwm
                0x000046e8      0x2fc ./drivers/fsl_ftm.o
                0x000046e8                FTM_SetupPwm
 .text.FTM_SetupDualEdgeCapture
                0x000049e4      0x11c ./drivers/fsl_ftm.o
                0x000049e4                FTM_SetupDualEdgeCapture
 .text.GPIO_PinInit
                0x00004b00       0x64 ./drivers/fsl_gpio.o
                0x00004b00                GPIO_PinInit
 .text.I2C_TransferCommonIRQHandler
                0x00004b64       0x50 ./drivers/fsl_i2c.o
 .text.I2C0_DriverIRQHandler
                0x00004bb4       0x1c ./drivers/fsl_i2c.o
                0x00004bb4                I2C0_DriverIRQHandler
 .text.I2C1_DriverIRQHandler
                0x00004bd0       0x1c ./drivers/fsl_i2c.o
                0x00004bd0                I2C1_DriverIRQHandler
 .text.I2C2_DriverIRQHandler
                0x00004bec       0x1c ./drivers/fsl_i2c.o
                0x00004bec                I2C2_DriverIRQHandler
 .text.I2C3_DriverIRQHandler
                0x00004c08       0x1c ./drivers/fsl_i2c.o
                0x00004c08                I2C3_DriverIRQHandler
 .text.LPUART_GetInstance
                0x00004c24       0x4c ./drivers/fsl_lpuart.o
                0x00004c24                LPUART_GetInstance
 .text.LPUART_Init
                0x00004c70      0x378 ./drivers/fsl_lpuart.o
                0x00004c70                LPUART_Init
 .text.LPUART_GetDefaultConfig
                0x00004fe8       0x7c ./drivers/fsl_lpuart.o
                0x00004fe8                LPUART_GetDefaultConfig
 .text.LPUART_ClearStatusFlags
                0x00005064       0xa4 ./drivers/fsl_lpuart.o
                0x00005064                LPUART_ClearStatusFlags
 .text.LPUART_WriteBlocking
                0x00005108       0x4c ./drivers/fsl_lpuart.o
                0x00005108                LPUART_WriteBlocking
 .text.LPUART_ReadBlocking
                0x00005154       0xbc ./drivers/fsl_lpuart.o
                0x00005154                LPUART_ReadBlocking
 .text.LPUART0_DriverIRQHandler
                0x00005210       0x28 ./drivers/fsl_lpuart.o
                0x00005210                LPUART0_DriverIRQHandler
 .text.LPUART1_DriverIRQHandler
                0x00005238       0x28 ./drivers/fsl_lpuart.o
                0x00005238                LPUART1_DriverIRQHandler
 .text.LPUART2_DriverIRQHandler
                0x00005260       0x28 ./drivers/fsl_lpuart.o
                0x00005260                LPUART2_DriverIRQHandler
 .text.LPUART3_DriverIRQHandler
                0x00005288       0x28 ./drivers/fsl_lpuart.o
                0x00005288                LPUART3_DriverIRQHandler
 .text.LPUART4_DriverIRQHandler
                0x000052b0       0x28 ./drivers/fsl_lpuart.o
                0x000052b0                LPUART4_DriverIRQHandler
 .text.SDHC_DriverIRQHandler
                0x000052d8       0x38 ./drivers/fsl_sdhc.o
                0x000052d8                SDHC_DriverIRQHandler
 .text.CLOCK_SetLpuartClock
                0x00005310       0x3c ./board/board.o
 .text.BOARD_InitDebugConsole
                0x0000534c       0x2c ./board/board.o
                0x0000534c                BOARD_InitDebugConsole
 .text.CLOCK_SetSimSafeDivs
                0x00005378       0x20 ./board/clock_config.o
 .text.CLOCK_SetXtal0Freq
                0x00005398       0x20 ./board/clock_config.o
 .text.CLOCK_CONFIG_SetFllExtRefDiv
                0x000053b8       0x3c ./board/clock_config.o
 .text.BOARD_BootClockRUN
                0x000053f4       0x60 ./board/clock_config.o
                0x000053f4                BOARD_BootClockRUN
 .text.__NVIC_EnableIRQ
                0x00005454       0x3c ./board/peripherals.o
 .text.__NVIC_SetPriority
                0x00005490       0x54 ./board/peripherals.o
 .text.FTM_0_init
                0x000054e4       0x54 ./board/peripherals.o
                0x000054e4                FTM_0_init
 .text.FTM_DIST_init
                0x00005538       0x78 ./board/peripherals.o
                0x00005538                FTM_DIST_init
 .text.PORT_SetPinConfig
                0x000055b0       0x38 ./board/pin_mux.o
 .text.BOARD_InitPins
                0x000055e8       0xc0 ./board/pin_mux.o
                0x000055e8                BOARD_InitPins
 .text.BOARD_InitDEBUG_UART
                0x000056a8       0x50 ./board/pin_mux.o
                0x000056a8                BOARD_InitDEBUG_UART
 .text.SystemInit
                0x000056f8       0x3c ./CMSIS/system_MK82F25615.o
                0x000056f8                SystemInit
 .text.__assertion_failed
                0x00005734       0x4c e:/nxp/mcuxpressoide_10.2.1_795/ide/tools/bin/../lib/gcc/arm-none-eabi/7.2.1/../../../../arm-none-eabi/lib/thumb/v7e-m/fpv4-sp/hard\libcr_nohost_nf.a(_cr_assert.o)
                0x00005734                __assertion_failed
 .text._Cwritebuf
                0x00005780       0x6c e:/nxp/mcuxpressoide_10.2.1_795/ide/tools/bin/../lib/gcc/arm-none-eabi/7.2.1/../../../../arm-none-eabi/lib/thumb/v7e-m/fpv4-sp/hard\libcr_c.a(_writebuf.o)
                0x00005780                _Cwritebuf
 .text.malloc   0x000057ec       0xc8 e:/nxp/mcuxpressoide_10.2.1_795/ide/tools/bin/../lib/gcc/arm-none-eabi/7.2.1/../../../../arm-none-eabi/lib/thumb/v7e-m/fpv4-sp/hard\libcr_c.a(alloc.o)
                0x000057ec                malloc
 .text._Csys_alloc
                0x000058b4       0x20 e:/nxp/mcuxpressoide_10.2.1_795/ide/tools/bin/../lib/gcc/arm-none-eabi/7.2.1/../../../../arm-none-eabi/lib/thumb/v7e-m/fpv4-sp/hard\libcr_c.a(alloc.o)
                0x000058b4                _Csys_alloc
 .text.fseek    0x000058d4      0x100 e:/nxp/mcuxpressoide_10.2.1_795/ide/tools/bin/../lib/gcc/arm-none-eabi/7.2.1/../../../../arm-none-eabi/lib/thumb/v7e-m/fpv4-sp/hard\libcr_c.a(fseek.o)
                0x000058d4                fseek
 .text.ftell    0x000059d4       0x44 e:/nxp/mcuxpressoide_10.2.1_795/ide/tools/bin/../lib/gcc/arm-none-eabi/7.2.1/../../../../arm-none-eabi/lib/thumb/v7e-m/fpv4-sp/hard\libcr_c.a(ftell.o)
                0x000059d4                ftell
 .text._initio  0x00005a18       0x78 e:/nxp/mcuxpressoide_10.2.1_795/ide/tools/bin/../lib/gcc/arm-none-eabi/7.2.1/../../../../arm-none-eabi/lib/thumb/v7e-m/fpv4-sp/hard\libcr_c.a(initio.o)
                0x00005a18                _initio
 .text.setvbuf  0x00005a90       0x40 e:/nxp/mcuxpressoide_10.2.1_795/ide/tools/bin/../lib/gcc/arm-none-eabi/7.2.1/../../../../arm-none-eabi/lib/thumb/v7e-m/fpv4-sp/hard\libcr_c.a(setvbuf.o)
                0x00005a90                setvbuf
 .text._sbrk    0x00005ad0       0x3c e:/nxp/mcuxpressoide_10.2.1_795/ide/tools/bin/../lib/gcc/arm-none-eabi/7.2.1/../../../../arm-none-eabi/lib/thumb/v7e-m/fpv4-sp/hard\libcr_c.a(_cr_sbrk.o)
                0x00005ad0                _sbrk
 .text.fflush   0x00005b0c       0x44 e:/nxp/mcuxpressoide_10.2.1_795/ide/tools/bin/../lib/gcc/arm-none-eabi/7.2.1/../../../../arm-none-eabi/lib/thumb/v7e-m/fpv4-sp/hard\libcr_c.a(fflush.o)
                0x00005b0c                fflush
 .text.__check_heap_overflow
                0x00005b50       0x18 e:/nxp/mcuxpressoide_10.2.1_795/ide/tools/bin/../lib/gcc/arm-none-eabi/7.2.1/../../../../arm-none-eabi/lib/thumb/v7e-m/fpv4-sp/hard\libcr_c.a(_cr_check_heap.o)
                0x00005b50                __check_heap_overflow
 .text.DbgConsole_RelocateLog
                0x00005b68       0x64 ./utilities/fsl_debug_console.o
 .text.LPUART_EnableTx
                0x00005bcc       0x38 ./utilities/fsl_io.o
 .text.LPUART_EnableRx
                0x00005c04       0x38 ./utilities/fsl_io.o
 .text.LOG_Init
                0x00005c3c       0x30 ./utilities/fsl_log.o
                0x00005c3c                LOG_Init
 .text.LOG_Pop  0x00005c6c       0x42 ./utilities/fsl_log.o
                0x00005c6c                LOG_Pop
 .text.ConvertRadixNumToString
                0x00005cae      0x114 ./utilities/fsl_str.o
 .text.StrFormatPrintf
                0x00005dc2      0x30c ./utilities/fsl_str.o
                0x00005dc2                StrFormatPrintf
 .text.DMA0_DMA16_IRQHandler
                0x000060ce        0x8 ./startup/startup_mk82f25615.o
                0x000060ce                DMA0_DMA16_IRQHandler
 .text.DMA1_DMA17_IRQHandler
                0x000060d6        0x8 ./startup/startup_mk82f25615.o
                0x000060d6                DMA1_DMA17_IRQHandler
 .text.DMA2_DMA18_IRQHandler
                0x000060de        0x8 ./startup/startup_mk82f25615.o
                0x000060de                DMA2_DMA18_IRQHandler
 .text.DMA3_DMA19_IRQHandler
                0x000060e6        0x8 ./startup/startup_mk82f25615.o
                0x000060e6                DMA3_DMA19_IRQHandler
 .text.DMA4_DMA20_IRQHandler
                0x000060ee        0x8 ./startup/startup_mk82f25615.o
                0x000060ee                DMA4_DMA20_IRQHandler
 .text.DMA5_DMA21_IRQHandler
                0x000060f6        0x8 ./startup/startup_mk82f25615.o
                0x000060f6                DMA5_DMA21_IRQHandler
 .text.DMA6_DMA22_IRQHandler
                0x000060fe        0x8 ./startup/startup_mk82f25615.o
                0x000060fe                DMA6_DMA22_IRQHandler
 .text.DMA7_DMA23_IRQHandler
                0x00006106        0x8 ./startup/startup_mk82f25615.o
                0x00006106                DMA7_DMA23_IRQHandler
 .text.DMA8_DMA24_IRQHandler
                0x0000610e        0x8 ./startup/startup_mk82f25615.o
                0x0000610e                DMA8_DMA24_IRQHandler
 .text.DMA9_DMA25_IRQHandler
                0x00006116        0x8 ./startup/startup_mk82f25615.o
                0x00006116                DMA9_DMA25_IRQHandler
 .text.DMA10_DMA26_IRQHandler
                0x0000611e        0x8 ./startup/startup_mk82f25615.o
                0x0000611e                DMA10_DMA26_IRQHandler
 .text.DMA11_DMA27_IRQHandler
                0x00006126        0x8 ./startup/startup_mk82f25615.o
                0x00006126                DMA11_DMA27_IRQHandler
 .text.DMA12_DMA28_IRQHandler
                0x0000612e        0x8 ./startup/startup_mk82f25615.o
                0x0000612e                DMA12_DMA28_IRQHandler
 .text.DMA13_DMA29_IRQHandler
                0x00006136        0x8 ./startup/startup_mk82f25615.o
                0x00006136                DMA13_DMA29_IRQHandler
 .text.DMA14_DMA30_IRQHandler
                0x0000613e        0x8 ./startup/startup_mk82f25615.o
                0x0000613e                DMA14_DMA30_IRQHandler
 .text.DMA15_DMA31_IRQHandler
                0x00006146        0x8 ./startup/startup_mk82f25615.o
                0x00006146                DMA15_DMA31_IRQHandler
 .text.DMA_Error_IRQHandler
                0x0000614e        0x8 ./startup/startup_mk82f25615.o
                0x0000614e                DMA_Error_IRQHandler
 .text.MCM_IRQHandler
                0x00006156        0x8 ./startup/startup_mk82f25615.o
                0x00006156                MCM_IRQHandler
 .text.FTFA_IRQHandler
                0x0000615e        0x8 ./startup/startup_mk82f25615.o
                0x0000615e                FTFA_IRQHandler
 .text.Read_Collision_IRQHandler
                0x00006166        0x8 ./startup/startup_mk82f25615.o
                0x00006166                Read_Collision_IRQHandler
 .text.LVD_LVW_IRQHandler
                0x0000616e        0x8 ./startup/startup_mk82f25615.o
                0x0000616e                LVD_LVW_IRQHandler
 .text.LLWU_IRQHandler
                0x00006176        0x8 ./startup/startup_mk82f25615.o
                0x00006176                LLWU_IRQHandler
 .text.WDOG_EWM_IRQHandler
                0x0000617e        0x8 ./startup/startup_mk82f25615.o
                0x0000617e                WDOG_EWM_IRQHandler
 .text.TRNG0_IRQHandler
                0x00006186        0x8 ./startup/startup_mk82f25615.o
                0x00006186                TRNG0_IRQHandler
 .text.I2C0_IRQHandler
                0x0000618e        0x8 ./startup/startup_mk82f25615.o
                0x0000618e                I2C0_IRQHandler
 .text.I2C1_IRQHandler
                0x00006196        0x8 ./startup/startup_mk82f25615.o
                0x00006196                I2C1_IRQHandler
 .text.SPI0_IRQHandler
                0x0000619e        0x8 ./startup/startup_mk82f25615.o
                0x0000619e                SPI0_IRQHandler
 .text.SPI1_IRQHandler
                0x000061a6        0x8 ./startup/startup_mk82f25615.o
                0x000061a6                SPI1_IRQHandler
 .text.I2S0_Tx_IRQHandler
                0x000061ae        0x8 ./startup/startup_mk82f25615.o
                0x000061ae                I2S0_Tx_IRQHandler
 .text.I2S0_Rx_IRQHandler
                0x000061b6        0x8 ./startup/startup_mk82f25615.o
                0x000061b6                I2S0_Rx_IRQHandler
 .text.LPUART0_IRQHandler
                0x000061be        0x8 ./startup/startup_mk82f25615.o
                0x000061be                LPUART0_IRQHandler
 .text.LPUART1_IRQHandler
                0x000061c6        0x8 ./startup/startup_mk82f25615.o
                0x000061c6                LPUART1_IRQHandler
 .text.LPUART2_IRQHandler
                0x000061ce        0x8 ./startup/startup_mk82f25615.o
                0x000061ce                LPUART2_IRQHandler
 .text.LPUART3_IRQHandler
                0x000061d6        0x8 ./startup/startup_mk82f25615.o
                0x000061d6                LPUART3_IRQHandler
 .text.LPUART4_IRQHandler
                0x000061de        0x8 ./startup/startup_mk82f25615.o
                0x000061de                LPUART4_IRQHandler
 .text.Reserved51_IRQHandler
                0x000061e6        0x8 ./startup/startup_mk82f25615.o
                0x000061e6                Reserved51_IRQHandler
 .text.Reserved52_IRQHandler
                0x000061ee        0x8 ./startup/startup_mk82f25615.o
                0x000061ee                Reserved52_IRQHandler
 .text.EMVSIM0_IRQHandler
                0x000061f6        0x8 ./startup/startup_mk82f25615.o
                0x000061f6                EMVSIM0_IRQHandler
 .text.EMVSIM1_IRQHandler
                0x000061fe        0x8 ./startup/startup_mk82f25615.o
                0x000061fe                EMVSIM1_IRQHandler
 .text.ADC0_IRQHandler
                0x00006206        0x8 ./startup/startup_mk82f25615.o
                0x00006206                ADC0_IRQHandler
 .text.CMP0_IRQHandler
                0x0000620e        0x8 ./startup/startup_mk82f25615.o
                0x0000620e                CMP0_IRQHandler
 .text.CMP1_IRQHandler
                0x00006216        0x8 ./startup/startup_mk82f25615.o
                0x00006216                CMP1_IRQHandler
 .text.FTM1_IRQHandler
                0x0000621e        0x8 ./startup/startup_mk82f25615.o
                0x0000621e                FTM1_IRQHandler
 .text.FTM2_IRQHandler
                0x00006226        0x8 ./startup/startup_mk82f25615.o
                0x00006226                FTM2_IRQHandler
 .text.CMT_IRQHandler
                0x0000622e        0x8 ./startup/startup_mk82f25615.o
                0x0000622e                CMT_IRQHandler
 .text.RTC_IRQHandler
                0x00006236        0x8 ./startup/startup_mk82f25615.o
                0x00006236                RTC_IRQHandler
 .text.RTC_Seconds_IRQHandler
                0x0000623e        0x8 ./startup/startup_mk82f25615.o
                0x0000623e                RTC_Seconds_IRQHandler
 .text.PIT0CH0_IRQHandler
                0x00006246        0x8 ./startup/startup_mk82f25615.o
                0x00006246                PIT0CH0_IRQHandler
 .text.PIT0CH1_IRQHandler
                0x0000624e        0x8 ./startup/startup_mk82f25615.o
                0x0000624e                PIT0CH1_IRQHandler
 .text.PIT0CH2_IRQHandler
                0x00006256        0x8 ./startup/startup_mk82f25615.o
                0x00006256                PIT0CH2_IRQHandler
 .text.PIT0CH3_IRQHandler
                0x0000625e        0x8 ./startup/startup_mk82f25615.o
                0x0000625e                PIT0CH3_IRQHandler
 .text.PDB0_IRQHandler
                0x00006266        0x8 ./startup/startup_mk82f25615.o
                0x00006266                PDB0_IRQHandler
 .text.USB0_IRQHandler
                0x0000626e        0x8 ./startup/startup_mk82f25615.o
                0x0000626e                USB0_IRQHandler
 .text.USBDCD_IRQHandler
                0x00006276        0x8 ./startup/startup_mk82f25615.o
                0x00006276                USBDCD_IRQHandler
 .text.Reserved71_IRQHandler
                0x0000627e        0x8 ./startup/startup_mk82f25615.o
                0x0000627e                Reserved71_IRQHandler
 .text.DAC0_IRQHandler
                0x00006286        0x8 ./startup/startup_mk82f25615.o
                0x00006286                DAC0_IRQHandler
 .text.MCG_IRQHandler
                0x0000628e        0x8 ./startup/startup_mk82f25615.o
                0x0000628e                MCG_IRQHandler
 .text.LPTMR0_LPTMR1_IRQHandler
                0x00006296        0x8 ./startup/startup_mk82f25615.o
                0x00006296                LPTMR0_LPTMR1_IRQHandler
 .text.PORTA_IRQHandler
                0x0000629e        0x8 ./startup/startup_mk82f25615.o
                0x0000629e                PORTA_IRQHandler
 .text.PORTB_IRQHandler
                0x000062a6        0x8 ./startup/startup_mk82f25615.o
                0x000062a6                PORTB_IRQHandler
 .text.PORTC_IRQHandler
                0x000062ae        0x8 ./startup/startup_mk82f25615.o
                0x000062ae                PORTC_IRQHandler
 .text.PORTD_IRQHandler
                0x000062b6        0x8 ./startup/startup_mk82f25615.o
                0x000062b6                PORTD_IRQHandler
 .text.PORTE_IRQHandler
                0x000062be        0x8 ./startup/startup_mk82f25615.o
                0x000062be                PORTE_IRQHandler
 .text.SWI_IRQHandler
                0x000062c6        0x8 ./startup/startup_mk82f25615.o
                0x000062c6                SWI_IRQHandler
 .text.SPI2_IRQHandler
                0x000062ce        0x8 ./startup/startup_mk82f25615.o
                0x000062ce                SPI2_IRQHandler
 .text.Reserved82_IRQHandler
                0x000062d6        0x8 ./startup/startup_mk82f25615.o
                0x000062d6                Reserved82_IRQHandler
 .text.Reserved83_IRQHandler
                0x000062de        0x8 ./startup/startup_mk82f25615.o
                0x000062de                Reserved83_IRQHandler
 .text.Reserved84_IRQHandler
                0x000062e6        0x8 ./startup/startup_mk82f25615.o
                0x000062e6                Reserved84_IRQHandler
 .text.Reserved85_IRQHandler
                0x000062ee        0x8 ./startup/startup_mk82f25615.o
                0x000062ee                Reserved85_IRQHandler
 .text.FLEXIO0_IRQHandler
                0x000062f6        0x8 ./startup/startup_mk82f25615.o
                0x000062f6                FLEXIO0_IRQHandler
 .text.Reserved88_IRQHandler
                0x000062fe        0x8 ./startup/startup_mk82f25615.o
                0x000062fe                Reserved88_IRQHandler
 .text.Reserved89_IRQHandler
                0x00006306        0x8 ./startup/startup_mk82f25615.o
                0x00006306                Reserved89_IRQHandler
 .text.I2C2_IRQHandler
                0x0000630e        0x8 ./startup/startup_mk82f25615.o
                0x0000630e                I2C2_IRQHandler
 .text.Reserved91_IRQHandler
                0x00006316        0x8 ./startup/startup_mk82f25615.o
                0x00006316                Reserved91_IRQHandler
 .text.Reserved92_IRQHandler
                0x0000631e        0x8 ./startup/startup_mk82f25615.o
                0x0000631e                Reserved92_IRQHandler
 .text.Reserved93_IRQHandler
                0x00006326        0x8 ./startup/startup_mk82f25615.o
                0x00006326                Reserved93_IRQHandler
 .text.Reserved94_IRQHandler
                0x0000632e        0x8 ./startup/startup_mk82f25615.o
                0x0000632e                Reserved94_IRQHandler
 .text.Reserved95_IRQHandler
                0x00006336        0x8 ./startup/startup_mk82f25615.o
                0x00006336                Reserved95_IRQHandler
 .text.Reserved96_IRQHandler
                0x0000633e        0x8 ./startup/startup_mk82f25615.o
                0x0000633e                Reserved96_IRQHandler
 .text.SDHC_IRQHandler
                0x00006346        0x8 ./startup/startup_mk82f25615.o
                0x00006346                SDHC_IRQHandler
 .text.Reserved98_IRQHandler
                0x0000634e        0x8 ./startup/startup_mk82f25615.o
                0x0000634e                Reserved98_IRQHandler
 .text.Reserved99_IRQHandler
                0x00006356        0x8 ./startup/startup_mk82f25615.o
                0x00006356                Reserved99_IRQHandler
 .text.Reserved100_IRQHandler
                0x0000635e        0x8 ./startup/startup_mk82f25615.o
                0x0000635e                Reserved100_IRQHandler
 .text.Reserved101_IRQHandler
                0x00006366        0x8 ./startup/startup_mk82f25615.o
                0x00006366                Reserved101_IRQHandler
 .text.Reserved102_IRQHandler
                0x0000636e        0x8 ./startup/startup_mk82f25615.o
                0x0000636e                Reserved102_IRQHandler
 .text.TSI0_IRQHandler
                0x00006376        0x8 ./startup/startup_mk82f25615.o
                0x00006376                TSI0_IRQHandler
 .text.TPM1_IRQHandler
                0x0000637e        0x8 ./startup/startup_mk82f25615.o
                0x0000637e                TPM1_IRQHandler
 .text.TPM2_IRQHandler
                0x00006386        0x8 ./startup/startup_mk82f25615.o
                0x00006386                TPM2_IRQHandler
 .text.Reserved106_IRQHandler
                0x0000638e        0x8 ./startup/startup_mk82f25615.o
                0x0000638e                Reserved106_IRQHandler
 .text.I2C3_IRQHandler
                0x00006396        0x8 ./startup/startup_mk82f25615.o
                0x00006396                I2C3_IRQHandler
 .text.Reserved108_IRQHandler
                0x0000639e        0x8 ./startup/startup_mk82f25615.o
                0x0000639e                Reserved108_IRQHandler
 .text.Reserved109_IRQHandler
                0x000063a6        0x8 ./startup/startup_mk82f25615.o
                0x000063a6                Reserved109_IRQHandler
 .text.Reserved110_IRQHandler
                0x000063ae        0x8 ./startup/startup_mk82f25615.o
                0x000063ae                Reserved110_IRQHandler
 .text.Reserved111_IRQHandler
                0x000063b6        0x8 ./startup/startup_mk82f25615.o
                0x000063b6                Reserved111_IRQHandler
 .text.Reserved112_IRQHandler
                0x000063be        0x8 ./startup/startup_mk82f25615.o
                0x000063be                Reserved112_IRQHandler
 .text.Reserved113_IRQHandler
                0x000063c6        0x8 ./startup/startup_mk82f25615.o
                0x000063c6                Reserved113_IRQHandler
 .text.Reserved114_IRQHandler
                0x000063ce        0x8 ./startup/startup_mk82f25615.o
                0x000063ce                Reserved114_IRQHandler
 .text.Reserved115_IRQHandler
                0x000063d6        0x8 ./startup/startup_mk82f25615.o
                0x000063d6                Reserved115_IRQHandler
 .text.QuadSPI0_IRQHandler
                0x000063de        0x8 ./startup/startup_mk82f25615.o
                0x000063de                QuadSPI0_IRQHandler
 .text.Reserved117_IRQHandler
                0x000063e6        0x8 ./startup/startup_mk82f25615.o
                0x000063e6                Reserved117_IRQHandler
 .text.Reserved118_IRQHandler
                0x000063ee        0x8 ./startup/startup_mk82f25615.o
                0x000063ee                Reserved118_IRQHandler
 .text.Reserved119_IRQHandler
                0x000063f6        0x8 ./startup/startup_mk82f25615.o
                0x000063f6                Reserved119_IRQHandler
 .text.LTC0_IRQHandler
                0x000063fe        0x8 ./startup/startup_mk82f25615.o
                0x000063fe                LTC0_IRQHandler
 .text.GPIO_PortSet
                0x00006406       0x1c ./source/mongoose_car.o
 .text.GPIO_PortClear
                0x00006422       0x1c ./source/mongoose_car.o
 .text.FTM_StartTimer
                0x0000643e       0x3a ./source/mongoose_car.o
 .text.FTM_SetSoftwareTrigger
                0x00006478       0x38 ./source/mongoose_car.o
 .text.HardFault_Handler
                0x000064b0       0x2c ./source/semihost_hardfault.o
                0x000064b0                HardFault_Handler
 .text.SDSPI_WaitReady
                0x000064dc       0x56 ./sdmmc/src/fsl_sdspi.o
 .text.SDSPI_StopTransmission
                0x00006532       0x34 ./sdmmc/src/fsl_sdspi.o
 .text.disk_status
                0x00006566       0x2c ./fatfs/fatfs_source/diskio.o
                0x00006566                disk_status
 .text.disk_initialize
                0x00006592       0x2c ./fatfs/fatfs_source/diskio.o
                0x00006592                disk_initialize
 .text.disk_read
                0x000065be       0x38 ./fatfs/fatfs_source/diskio.o
                0x000065be                disk_read
 .text.disk_write
                0x000065f6       0x38 ./fatfs/fatfs_source/diskio.o
                0x000065f6                disk_write
 .text.disk_ioctl
                0x0000662e       0x36 ./fatfs/fatfs_source/diskio.o
                0x0000662e                disk_ioctl
 .text.ld_word  0x00006664       0x30 ./fatfs/fatfs_source/ff.o
 .text.ld_dword
                0x00006694       0x46 ./fatfs/fatfs_source/ff.o
 .text.st_word  0x000066da       0x36 ./fatfs/fatfs_source/ff.o
 .text.st_dword
                0x00006710       0x58 ./fatfs/fatfs_source/ff.o
 .text.mem_cpy  0x00006768       0x42 ./fatfs/fatfs_source/ff.o
 .text.mem_set  0x000067aa       0x34 ./fatfs/fatfs_source/ff.o
 .text.mem_cmp  0x000067de       0x4e ./fatfs/fatfs_source/ff.o
 .text.chk_chr  0x0000682c       0x36 ./fatfs/fatfs_source/ff.o
 .text.dbc_1st  0x00006862       0x22 ./fatfs/fatfs_source/ff.o
 .text.dbc_2nd  0x00006884       0x22 ./fatfs/fatfs_source/ff.o
 .text.sync_window
                0x000068a6       0x78 ./fatfs/fatfs_source/ff.o
 .text.move_window
                0x0000691e       0x5a ./fatfs/fatfs_source/ff.o
 .text.clst2sect
                0x00006978       0x3e ./fatfs/fatfs_source/ff.o
 .text.get_fat  0x000069b6      0x14a ./fatfs/fatfs_source/ff.o
 .text.put_fat  0x00006b00      0x1ce ./fatfs/fatfs_source/ff.o
 .text.remove_chain
                0x00006cce       0xca ./fatfs/fatfs_source/ff.o
 .text.create_chain
                0x00006d98      0x1a2 ./fatfs/fatfs_source/ff.o
 .text.dir_clear
                0x00006f3a       0x94 ./fatfs/fatfs_source/ff.o
 .text.dir_sdi  0x00006fce       0xf6 ./fatfs/fatfs_source/ff.o
 .text.dir_next
                0x000070c4      0x126 ./fatfs/fatfs_source/ff.o
 .text.dir_alloc
                0x000071ea       0x8e ./fatfs/fatfs_source/ff.o
 .text.ld_clust
                0x00007278       0x3e ./fatfs/fatfs_source/ff.o
 .text.st_clust
                0x000072b6       0x40 ./fatfs/fatfs_source/ff.o
 .text.dir_find
                0x000072f6       0xaa ./fatfs/fatfs_source/ff.o
 .text.dir_register
                0x000073a0       0x64 ./fatfs/fatfs_source/ff.o
 .text.follow_path
                0x00007404      0x11c ./fatfs/fatfs_source/ff.o
 .text.validate
                0x00007520       0x6a ./fatfs/fatfs_source/ff.o
 .text.f_write  0x0000758a      0x2d2 ./fatfs/fatfs_source/ff.o
                0x0000758a                f_write
 .text.f_close  0x0000785c       0x40 ./fatfs/fatfs_source/ff.o
                0x0000785c                f_close
 .text.putc_bfd
                0x0000789c       0x74 ./fatfs/fatfs_source/ff.o
 .text.putc_flush
                0x00007910       0x4c ./fatfs/fatfs_source/ff.o
 .text.putc_init
                0x0000795c       0x22 ./fatfs/fatfs_source/ff.o
 .text.sdspi_disk_status
                0x0000797e       0x22 ./fatfs/fatfs_source/fsl_sdspi_disk.o
                0x0000797e                sdspi_disk_status
 .text.OSC_SetExtRefClkConfig
                0x000079a0       0x40 ./drivers/fsl_clock.o
 .text.OSC_SetCapLoad
                0x000079e0       0x34 ./drivers/fsl_clock.o
 .text.CLOCK_GetPll0RefFreq
                0x00007a14        0xe ./drivers/fsl_clock.o
 .text.CLOCK_GetOsc0ErClkFreq
                0x00007a22        0xe ./drivers/fsl_clock.o
                0x00007a22                CLOCK_GetOsc0ErClkFreq
 .text.CLOCK_GetFixedFreqClkFreq
                0x00007a30       0x2e ./drivers/fsl_clock.o
                0x00007a30                CLOCK_GetFixedFreqClkFreq
 .text.CLOCK_EnableClock
                0x00007a5e       0x34 ./drivers/fsl_dspi.o
 .text.DSPI_Enable
                0x00007a92       0x38 ./drivers/fsl_dspi.o
 .text.DSPI_GetStatusFlags
                0x00007aca       0x18 ./drivers/fsl_dspi.o
 .text.DSPI_ClearStatusFlags
                0x00007ae2       0x1c ./drivers/fsl_dspi.o
 .text.DSPI_DisableInterrupts
                0x00007afe       0x24 ./drivers/fsl_dspi.o
 .text.DSPI_SetMasterSlaveMode
                0x00007b22       0x2a ./drivers/fsl_dspi.o
 .text.DSPI_IsMaster
                0x00007b4c       0x1c ./drivers/fsl_dspi.o
 .text.DSPI_StartTransfer
                0x00007b68       0x20 ./drivers/fsl_dspi.o
 .text.DSPI_StopTransfer
                0x00007b88       0x20 ./drivers/fsl_dspi.o
 .text.DSPI_FlushFifo
                0x00007ba8       0x3c ./drivers/fsl_dspi.o
 .text.DSPI_MasterGetFormattedCommand
                0x00007be4       0x4a ./drivers/fsl_dspi.o
 .text.DSPI_ReadData
                0x00007c2e       0x18 ./drivers/fsl_dspi.o
 .text.DSPI_SetOnePcsPolarity
                0x00007c46       0x4e ./drivers/fsl_dspi.o
 .text.DSPI_MasterSetDelayScaler
                0x00007c94       0xda ./drivers/fsl_dspi.o
                0x00007c94                DSPI_MasterSetDelayScaler
 .text.CLOCK_EnableClock
                0x00007d6e       0x34 ./drivers/fsl_ftm.o
 .text.FTM_SetupOutputCompare
                0x00007da2       0x9e ./drivers/fsl_ftm.o
                0x00007da2                FTM_SetupOutputCompare
 .text.FTM_EnableInterrupts
                0x00007e40       0x86 ./drivers/fsl_ftm.o
                0x00007e40                FTM_EnableInterrupts
 .text.FTM_GetStatusFlags
                0x00007ec6       0x62 ./drivers/fsl_ftm.o
                0x00007ec6                FTM_GetStatusFlags
 .text.FTM_ClearStatusFlags
                0x00007f28       0x68 ./drivers/fsl_ftm.o
                0x00007f28                FTM_ClearStatusFlags
 .text.GPIO_PinWrite
                0x00007f90       0x36 ./drivers/fsl_gpio.o
 .text.GPIO_WritePinOutput
                0x00007fc6       0x22 ./drivers/fsl_gpio.o
 .text.CLOCK_EnableClock
                0x00007fe8       0x34 ./drivers/fsl_lpuart.o
 .text.LPUART_GetStatusFlags
                0x0000801c       0x2c ./drivers/fsl_lpuart.o
                0x0000801c                LPUART_GetStatusFlags
 .text.BOARD_InitBootClocks
                0x00008048        0xc ./board/clock_config.o
                0x00008048                BOARD_InitBootClocks
 .text.EnableIRQ
                0x00008054       0x2c ./board/peripherals.o
 .text.FTM_SetTimerPeriod
                0x00008080       0x1c ./board/peripherals.o
 .text.BOARD_InitPeripherals
                0x0000809c       0x10 ./board/peripherals.o
                0x0000809c                BOARD_InitPeripherals
 .text.BOARD_InitBootPeripherals
                0x000080ac        0xc ./board/peripherals.o
                0x000080ac                BOARD_InitBootPeripherals
 .text.CLOCK_EnableClock
                0x000080b8       0x34 ./board/pin_mux.o
 .text.PORT_SetPinMux
                0x000080ec       0x3a ./board/pin_mux.o
 .text.BOARD_InitBootPins
                0x00008126       0x10 ./board/pin_mux.o
                0x00008126                BOARD_InitBootPins
 .text.SystemInitHook
                0x00008136        0xe ./CMSIS/system_MK82F25615.o
                0x00008136                SystemInitHook
 .text.__main   0x00008144        0xe e:/nxp/mcuxpressoide_10.2.1_795/ide/tools/bin/../lib/gcc/arm-none-eabi/7.2.1/../../../../arm-none-eabi/lib/thumb/v7e-m/fpv4-sp/hard\libcr_nohost_nf.a(_cr__main.o)
                0x00008144                __main
 .text.__sys_appexit
                0x00008152        0x2 e:/nxp/mcuxpressoide_10.2.1_795/ide/tools/bin/../lib/gcc/arm-none-eabi/7.2.1/../../../../arm-none-eabi/lib/thumb/v7e-m/fpv4-sp/hard\libcr_nohost_nf.a(__sys_appexit.o)
                0x00008152                __sys_appexit
                0x00008152                __exit
 .text.memset   0x00008154        0x4 e:/nxp/mcuxpressoide_10.2.1_795/ide/tools/bin/../lib/gcc/arm-none-eabi/7.2.1/../../../../arm-none-eabi/lib/thumb/v7e-m/fpv4-sp/hard\libcr_c.a(memset.o)
                0x00008154                memset
 .text._deferredlazyseek
                0x00008158       0x40 e:/nxp/mcuxpressoide_10.2.1_795/ide/tools/bin/../lib/gcc/arm-none-eabi/7.2.1/../../../../arm-none-eabi/lib/thumb/v7e-m/fpv4-sp/hard\libcr_c.a(_deferredlazyseek.o)
                0x00008158                _deferredlazyseek
 .text.__flsbuf
                0x00008198      0x140 e:/nxp/mcuxpressoide_10.2.1_795/ide/tools/bin/../lib/gcc/arm-none-eabi/7.2.1/../../../../arm-none-eabi/lib/thumb/v7e-m/fpv4-sp/hard\libcr_c.a(_deferredlazyseek.o)
                0x00008198                __flsbuf
 .text._fflush  0x000082d8       0x52 e:/nxp/mcuxpressoide_10.2.1_795/ide/tools/bin/../lib/gcc/arm-none-eabi/7.2.1/../../../../arm-none-eabi/lib/thumb/v7e-m/fpv4-sp/hard\libcr_c.a(_fflush.o)
                0x000082d8                _fflush
 .text.free     0x0000832a       0x30 e:/nxp/mcuxpressoide_10.2.1_795/ide/tools/bin/../lib/gcc/arm-none-eabi/7.2.1/../../../../arm-none-eabi/lib/thumb/v7e-m/fpv4-sp/hard\libcr_c.a(alloc.o)
                0x0000832a                free
 .text.fputs    0x0000835a       0x2c e:/nxp/mcuxpressoide_10.2.1_795/ide/tools/bin/../lib/gcc/arm-none-eabi/7.2.1/../../../../arm-none-eabi/lib/thumb/v7e-m/fpv4-sp/hard\libcr_c.a(fputs.o)
                0x0000835a                fputs
 .text.strlen   0x00008386       0x4a e:/nxp/mcuxpressoide_10.2.1_795/ide/tools/bin/../lib/gcc/arm-none-eabi/7.2.1/../../../../arm-none-eabi/lib/thumb/v7e-m/fpv4-sp/hard\libcr_c.a(strlen.o)
                0x00008386                strlen
 .text._fdopen  0x000083d0       0x68 e:/nxp/mcuxpressoide_10.2.1_795/ide/tools/bin/../lib/gcc/arm-none-eabi/7.2.1/../../../../arm-none-eabi/lib/thumb/v7e-m/fpv4-sp/hard\libcr_c.a(_fdopen.o)
                0x000083d0                _fdopen
 .text.fclose   0x00008438       0x58 e:/nxp/mcuxpressoide_10.2.1_795/ide/tools/bin/../lib/gcc/arm-none-eabi/7.2.1/../../../../arm-none-eabi/lib/thumb/v7e-m/fpv4-sp/hard\libcr_c.a(fclose.o)
                0x00008438                fclose
 .text.remove   0x00008490       0x14 e:/nxp/mcuxpressoide_10.2.1_795/ide/tools/bin/../lib/gcc/arm-none-eabi/7.2.1/../../../../arm-none-eabi/lib/thumb/v7e-m/fpv4-sp/hard\libcr_c.a(remove.o)
                0x00008490                remove
 .text._do_fflush
                0x000084a4       0x40 e:/nxp/mcuxpressoide_10.2.1_795/ide/tools/bin/../lib/gcc/arm-none-eabi/7.2.1/../../../../arm-none-eabi/lib/thumb/v7e-m/fpv4-sp/hard\libcr_c.a(_do_fflush.o)
                0x000084a4                _do_fflush
 .text.__aeabi_memset_lowlevel
                0x000084e4       0x32 e:/nxp/mcuxpressoide_10.2.1_795/ide/tools/bin/../lib/gcc/arm-none-eabi/7.2.1/thumb/v7e-m/fpv4-sp/hard\libcr_eabihelpers.a(memcpy.o)
                0x000084e4                __aeabi_lowlevel_memset
 .text.__sys_close
                0x00008516        0x6 e:/nxp/mcuxpressoide_10.2.1_795/ide/tools/bin/../lib/gcc/arm-none-eabi/7.2.1/../../../../arm-none-eabi/lib/thumb/v7e-m/fpv4-sp/hard\libcr_nohost_nf.a(__sys_close.o)
                0x00008516                __sys_close
 .text.__sys_flen
                0x0000851c        0x6 e:/nxp/mcuxpressoide_10.2.1_795/ide/tools/bin/../lib/gcc/arm-none-eabi/7.2.1/../../../../arm-none-eabi/lib/thumb/v7e-m/fpv4-sp/hard\libcr_nohost_nf.a(__sys_flen.o)
                0x0000851c                __sys_flen
 .text.__sys_istty
                0x00008522        0x6 e:/nxp/mcuxpressoide_10.2.1_795/ide/tools/bin/../lib/gcc/arm-none-eabi/7.2.1/../../../../arm-none-eabi/lib/thumb/v7e-m/fpv4-sp/hard\libcr_nohost_nf.a(__sys_istty.o)
                0x00008522                __sys_istty
 .text.__sys_remove
                0x00008528        0x6 e:/nxp/mcuxpressoide_10.2.1_795/ide/tools/bin/../lib/gcc/arm-none-eabi/7.2.1/../../../../arm-none-eabi/lib/thumb/v7e-m/fpv4-sp/hard\libcr_nohost_nf.a(__sys_remove.o)
                0x00008528                __sys_remove
 .text.__sys_seek
                0x0000852e        0x6 e:/nxp/mcuxpressoide_10.2.1_795/ide/tools/bin/../lib/gcc/arm-none-eabi/7.2.1/../../../../arm-none-eabi/lib/thumb/v7e-m/fpv4-sp/hard\libcr_nohost_nf.a(__sys_seek.o)
                0x0000852e                __sys_seek
 .text.__sys_tmpnam
                0x00008534        0x6 e:/nxp/mcuxpressoide_10.2.1_795/ide/tools/bin/../lib/gcc/arm-none-eabi/7.2.1/../../../../arm-none-eabi/lib/thumb/v7e-m/fpv4-sp/hard\libcr_nohost_nf.a(__sys_tmpnam.o)
                0x00008534                __sys_tmpnam
 .text.__sys_write
                0x0000853a        0x4 e:/nxp/mcuxpressoide_10.2.1_795/ide/tools/bin/../lib/gcc/arm-none-eabi/7.2.1/../../../../arm-none-eabi/lib/thumb/v7e-m/fpv4-sp/hard\libcr_nohost_nf.a(__sys_write.o)
                0x0000853a                __sys_write
 *(SORT_BY_ALIGNMENT(.rodata) SORT_BY_ALIGNMENT(.rodata.*) SORT_BY_ALIGNMENT(.constdata) SORT_BY_ALIGNMENT(.constdata.*))
 *fill*         0x0000853e        0x2 ff
 .rodata        0x00008540       0x50 ./utilities/fsl_debug_console.o
 .rodata        0x00008590       0x27 ./utilities/fsl_io.o
 *fill*         0x000085b7        0x1 ff
 .rodata        0x000085b8       0x80 ./utilities/fsl_log.o
 .rodata        0x00008638      0x152 ./source/mongoose_car.o
 *fill*         0x0000878a        0x2 ff
 .rodata        0x0000878c      0x8c5 ./sdmmc/src/fsl_sdspi.o
 *fill*         0x00009051        0x3 ff
 .rodata.ExCvt  0x00009054       0x80 ./fatfs/fatfs_source/ff.o
 .rodata        0x000090d4       0x50 ./fatfs/fatfs_source/ff.o
 .rodata        0x00009124      0x175 ./drivers/fsl_clock.o
 *fill*         0x00009299        0x3 ff
 .rodata.fllFactorTable.8063
                0x0000929c       0x10 ./drivers/fsl_clock.o
 .rodata.s_baudratePrescaler
                0x000092ac       0x10 ./drivers/fsl_dspi.o
 .rodata.s_baudrateScaler
                0x000092bc       0x40 ./drivers/fsl_dspi.o
 .rodata.s_delayPrescaler
                0x000092fc       0x10 ./drivers/fsl_dspi.o
 .rodata.s_delayScaler
                0x0000930c       0x40 ./drivers/fsl_dspi.o
 .rodata.s_dspiBases
                0x0000934c        0xc ./drivers/fsl_dspi.o
 .rodata.s_dspiClock
                0x00009358        0xc ./drivers/fsl_dspi.o
 .rodata        0x00009364      0x509 ./drivers/fsl_dspi.o
 *fill*         0x0000986d        0x3 ff
 .rodata.s_ftmBases
                0x00009870       0x10 ./drivers/fsl_ftm.o
 .rodata.s_ftmClocks
                0x00009880       0x10 ./drivers/fsl_ftm.o
 .rodata        0x00009890      0x1e7 ./drivers/fsl_ftm.o
 *fill*         0x00009a77        0x1 ff
 .rodata        0x00009a78       0x63 ./drivers/fsl_gpio.o
 *fill*         0x00009adb        0x1 ff
 .rodata.s_lpuartBases
                0x00009adc       0x14 ./drivers/fsl_lpuart.o
 .rodata.s_lpuartClock
                0x00009af0       0x14 ./drivers/fsl_lpuart.o
 .rodata        0x00009b04      0x59a ./drivers/fsl_lpuart.o
 *fill*         0x0000a09e        0x2 ff
 .rodata        0x0000a0a0      0x5a1 ./drivers/fsl_sdhc.o
 *fill*         0x0000a641        0x3 ff
 .rodata.mcgConfig_BOARD_BootClockRUN
                0x0000a644        0xb ./board/clock_config.o
                0x0000a644                mcgConfig_BOARD_BootClockRUN
 *fill*         0x0000a64f        0x1 ff
 .rodata.simConfig_BOARD_BootClockRUN
                0x0000a650        0x8 ./board/clock_config.o
                0x0000a650                simConfig_BOARD_BootClockRUN
 .rodata.oscConfig_BOARD_BootClockRUN
                0x0000a658        0x8 ./board/clock_config.o
                0x0000a658                oscConfig_BOARD_BootClockRUN
 .rodata.FTM_0_config
                0x0000a660       0x1c ./board/peripherals.o
                0x0000a660                FTM_0_config
 .rodata.FTM_0_pwmSignalParams
                0x0000a67c       0x10 ./board/peripherals.o
                0x0000a67c                FTM_0_pwmSignalParams
 .rodata.FTM_DIST_config
                0x0000a68c       0x1c ./board/peripherals.o
                0x0000a68c                FTM_DIST_config
 .rodata.FTM_DIST_channel0
                0x0000a6a8        0x3 ./board/peripherals.o
                0x0000a6a8                FTM_DIST_channel0
 *fill*         0x0000a6ab        0x1 ff
 .rodata        0x0000a6ac       0x26 ./board/pin_mux.o
 *fill*         0x0000a6d2        0x2 ff
 .rodata.__num_Ciob_streams
                0x0000a6d4        0x4 e:/nxp/mcuxpressoide_10.2.1_795/ide/tools/bin/../lib/gcc/arm-none-eabi/7.2.1/../../../../arm-none-eabi/lib/thumb/v7e-m/fpv4-sp/hard\libcr_nohost_nf.a(__ciob.o)
                0x0000a6d4                __num_Ciob_streams
 .rodata.__assertion_failed.str1.1
                0x0000a6d8       0x15 e:/nxp/mcuxpressoide_10.2.1_795/ide/tools/bin/../lib/gcc/arm-none-eabi/7.2.1/../../../../arm-none-eabi/lib/thumb/v7e-m/fpv4-sp/hard\libcr_nohost_nf.a(_cr_assert.o)
 .rodata._Csys_alloc.str1.1
                0x0000a6ed       0x18 e:/nxp/mcuxpressoide_10.2.1_795/ide/tools/bin/../lib/gcc/arm-none-eabi/7.2.1/../../../../arm-none-eabi/lib/thumb/v7e-m/fpv4-sp/hard\libcr_c.a(alloc.o)
 .rodata._initio.str1.1
                0x0000a705        0x4 e:/nxp/mcuxpressoide_10.2.1_795/ide/tools/bin/../lib/gcc/arm-none-eabi/7.2.1/../../../../arm-none-eabi/lib/thumb/v7e-m/fpv4-sp/hard\libcr_c.a(initio.o)
                0x0000a70c                . = ALIGN (0x4)
 *fill*         0x0000a709        0x3 ff

.glue_7         0x0000a70c        0x0
 .glue_7        0x0000a70c        0x0 linker stubs

.glue_7t        0x0000a70c        0x0
 .glue_7t       0x0000a70c        0x0 linker stubs

.vfp11_veneer   0x0000a70c        0x0
 .vfp11_veneer  0x0000a70c        0x0 linker stubs

.v4_bx          0x0000a70c        0x0
 .v4_bx         0x0000a70c        0x0 linker stubs

.iplt           0x0000a70c        0x0
 .iplt          0x0000a70c        0x0 ./utilities/fsl_debug_console.o

.rel.dyn        0x0000a70c        0x0
 .rel.iplt      0x0000a70c        0x0 ./utilities/fsl_debug_console.o

.ARM.extab
 *(SORT_BY_ALIGNMENT(.ARM.extab*) SORT_BY_ALIGNMENT(.gnu.linkonce.armextab.*))
                0x0000a70c                __exidx_start = .

.ARM.exidx
 *(SORT_BY_ALIGNMENT(.ARM.exidx*) SORT_BY_ALIGNMENT(.gnu.linkonce.armexidx.*))
                0x0000a70c                __exidx_end = .
                0x0000a70c                _etext = .

.m_usb_data
 *(SORT_BY_ALIGNMENT(m_usb_bdt))

.data_RAM2      0x1fff0000        0x0 load address 0x0000a70c
 FILL mask 0xff
                [!provide]                PROVIDE (__start_data_RAM2, .)
 *(SORT_BY_ALIGNMENT(.ramfunc.$RAM2))
 *(SORT_BY_ALIGNMENT(.ramfunc.$SRAM_LOWER))
 *(SORT_BY_ALIGNMENT(.data.$RAM2*))
 *(SORT_BY_ALIGNMENT(.data.$SRAM_LOWER*))
                0x1fff0000                . = ALIGN (0x4)
                [!provide]                PROVIDE (__end_data_RAM2, .)

.uninit_RESERVED
                0x20000000        0x0
 *(SORT_BY_ALIGNMENT(.bss.$RESERVED*))
                0x20000000                . = ALIGN (0x4)
                0x20000000                _end_uninit_RESERVED = .

.data           0x20000000       0x50 load address 0x0000a70c
 FILL mask 0xff
                0x20000000                _data = .
 *(SORT_BY_ALIGNMENT(vtable))
 *(SORT_BY_ALIGNMENT(.ramfunc*))
 *(SORT_BY_ALIGNMENT(.data*))
 .data.logger_status
                0x20000000       0x40 ./source/mongoose_car.o
                0x20000000                logger_status
 .data.filname  0x20000040        0x4 ./source/mongoose_car.o
                0x20000040                filname
 .data.s_slowIrcFreq
                0x20000044        0x4 ./drivers/fsl_clock.o
 .data.s_fastIrcFreq
                0x20000048        0x4 ./drivers/fsl_clock.o
 .data.SystemCoreClock
                0x2000004c        0x4 ./CMSIS/system_MK82F25615.o
                0x2000004c                SystemCoreClock
                0x20000050                . = ALIGN (0x4)
                0x20000050                _edata = .

.igot.plt       0x20000050        0x0 load address 0x0000a75c
 .igot.plt      0x20000050        0x0 ./utilities/fsl_debug_console.o

.bss_RAM2       0x1fff0000        0x0
                [!provide]                PROVIDE (__start_bss_RAM2, .)
 *(SORT_BY_ALIGNMENT(.bss.$RAM2*))
 *(SORT_BY_ALIGNMENT(.bss.$SRAM_LOWER*))
                0x1fff0000                . = ALIGN ((. != 0x0)?0x4:0x1)
                [!provide]                PROVIDE (__end_bss_RAM2, .)

.bss            0x20000050      0x658
                0x20000050                _bss = .
 *(SORT_BY_ALIGNMENT(.bss*))
 .bss.s_debugConsoleIO
                0x20000050        0x8 ./utilities/fsl_io.o
 .bss.PWM_overflow_number
                0x20000058        0x4 ./source/mongoose_car.o
                0x20000058                PWM_overflow_number
 .bss.wheelAngle
                0x2000005c        0x4 ./source/mongoose_car.o
                0x2000005c                wheelAngle
 .bss.wheelSpeed
                0x20000060        0x4 ./source/mongoose_car.o
                0x20000060                wheelSpeed
 .bss.panAngle  0x20000064        0x4 ./source/mongoose_car.o
                0x20000064                panAngle
 .bss.dist_capture_state
                0x20000068        0x4 ./source/mongoose_car.o
                0x20000068                dist_capture_state
 .bss.dist_overflow_number
                0x2000006c        0x4 ./source/mongoose_car.o
                0x2000006c                dist_overflow_number
 .bss.dist_val  0x20000070        0x4 ./source/mongoose_car.o
                0x20000070                dist_val
 .bss.LOGGER_overflow_number
                0x20000074        0x4 ./source/mongoose_car.o
                0x20000074                LOGGER_overflow_number
 .bss.fs        0x20000078      0x234 ./source/mongoose_car.o
                0x20000078                fs
 .bss.fil       0x200002ac      0x228 ./source/mongoose_car.o
                0x200002ac                fil
 .bss.fschars   0x200004d4        0x4 ./source/mongoose_car.o
                0x200004d4                fschars
 .bss.dist_capture1Val
                0x200004d8        0x4 ./source/mongoose_car.o
                0x200004d8                dist_capture1Val
 .bss.dist_capture2Val
                0x200004dc        0x4 ./source/mongoose_car.o
                0x200004dc                dist_capture2Val
 .bss.dist_raw_1
                0x200004e0        0x4 ./source/mongoose_car.o
                0x200004e0                dist_raw_1
 .bss.dist_raw_2
                0x200004e4        0x4 ./source/mongoose_car.o
                0x200004e4                dist_raw_2
 .bss.dist_raw_3
                0x200004e8        0x4 ./source/mongoose_car.o
                0x200004e8                dist_raw_3
 .bss.FatFs     0x200004ec       0x14 ./fatfs/fatfs_source/ff.o
 .bss.g_card    0x20000500       0x7c ./fatfs/fatfs_source/fsl_sdspi_disk.o
                0x20000500                g_card
 .bss.g_host    0x2000057c        0xc ./fatfs/fatfs_source/fsl_sdspi_disk.o
                0x2000057c                g_host
 .bss.g_xtal0Freq
                0x20000588        0x4 ./drivers/fsl_clock.o
                0x20000588                g_xtal0Freq
 .bss.g_xtal32Freq
                0x2000058c        0x4 ./drivers/fsl_clock.o
                0x2000058c                g_xtal32Freq
 .bss.g_dspiHandle
                0x20000590        0xc ./drivers/fsl_dspi.o
 .bss.s_dspiMasterIsr
                0x2000059c        0x4 ./drivers/fsl_dspi.o
 .bss.s_dspiSlaveIsr
                0x200005a0        0x4 ./drivers/fsl_dspi.o
 .bss.g_dspiDummyData
                0x200005a4        0x3 ./drivers/fsl_dspi.o
                0x200005a4                g_dspiDummyData
 *fill*         0x200005a7        0x1 
 .bss.s_i2cHandle
                0x200005a8       0x10 ./drivers/fsl_i2c.o
 .bss.s_i2cMasterIsr
                0x200005b8        0x4 ./drivers/fsl_i2c.o
 .bss.s_i2cSlaveIsr
                0x200005bc        0x4 ./drivers/fsl_i2c.o
 .bss.s_lpuartHandle
                0x200005c0       0x14 ./drivers/fsl_lpuart.o
 .bss.s_lpuartIsr
                0x200005d4        0x4 ./drivers/fsl_lpuart.o
 .bss.s_sdhcHandle
                0x200005d8        0x4 ./drivers/fsl_sdhc.o
 .bss.s_sdhcIsr
                0x200005dc        0x4 ./drivers/fsl_sdhc.o
 .bss.__Ciob    0x200005e0       0xb4 e:/nxp/mcuxpressoide_10.2.1_795/ide/tools/bin/../lib/gcc/arm-none-eabi/7.2.1/../../../../arm-none-eabi/lib/thumb/v7e-m/fpv4-sp/hard\libcr_nohost_nf.a(__ciob.o)
                0x200005e0                __Ciob
 .bss.__end_of_heap
                0x20000694        0x4 e:/nxp/mcuxpressoide_10.2.1_795/ide/tools/bin/../lib/gcc/arm-none-eabi/7.2.1/../../../../arm-none-eabi/lib/thumb/v7e-m/fpv4-sp/hard\libcr_c.a(__init_alloc.o)
                0x20000694                __end_of_heap
 .bss.__heaps   0x20000698        0x4 e:/nxp/mcuxpressoide_10.2.1_795/ide/tools/bin/../lib/gcc/arm-none-eabi/7.2.1/../../../../arm-none-eabi/lib/thumb/v7e-m/fpv4-sp/hard\libcr_c.a(__init_alloc.o)
                0x20000698                __heaps
 .bss.errno     0x2000069c        0x4 e:/nxp/mcuxpressoide_10.2.1_795/ide/tools/bin/../lib/gcc/arm-none-eabi/7.2.1/../../../../arm-none-eabi/lib/thumb/v7e-m/fpv4-sp/hard\libcr_c.a(errno.o)
                0x2000069c                errno
 .bss.Fsid      0x200006a0        0x2 ./fatfs/fatfs_source/ff.o
 .bss.fr        0x200006a2        0x1 ./source/mongoose_car.o
                0x200006a2                fr
 .bss.sd_ok     0x200006a3        0x1 ./source/mongoose_car.o
                0x200006a3                sd_ok
 .bss.CurrVol   0x200006a4        0x1 ./fatfs/fatfs_source/ff.o
 *(SORT_BY_ALIGNMENT(COMMON))
                0x200006a8                . = ALIGN (0x4)
 *fill*         0x200006a5        0x3 
                0x200006a8                _ebss = .
                [!provide]                PROVIDE (end, .)

.noinit_RAM2    0x1fff0000        0x0
 *(SORT_BY_ALIGNMENT(.noinit.$RAM2*))
 *(SORT_BY_ALIGNMENT(.noinit.$SRAM_LOWER*))
                0x1fff0000                . = ALIGN (0x4)

.noinit         0x200006a8        0x0
                0x200006a8                _noinit = .
 *(SORT_BY_ALIGNMENT(.noinit*))
                0x200006a8                . = ALIGN (0x4)
                0x200006a8                _end_noinit = .
                0x00001000                _HeapSize = 0x1000

.heap           0x200006a8     0x1000
                0x200006a8                _pvHeapStart = .
                0x200016a8                . = (. + _HeapSize)
 *fill*         0x200006a8     0x1000 
                0x200016a8                . = ALIGN (0x4)
                0x200016a8                _pvHeapLimit = .
                0x00001000                _StackSize = 0x1000

.heap2stackfill
                0x200016a8     0x1000
                0x200026a8                . = (. + _StackSize)
 *fill*         0x200016a8     0x1000 

.stack          0x2002f000        0x0
                0x2002f000                _vStackBase = .
                0x2002f000                . = ALIGN (0x4)
                0x20030000                _vStackTop = (. + _StackSize)
                0x00000000                _image_start = LOADADDR (.text)
                0x0000a75c                _image_end = (LOADADDR (.data) + SIZEOF (.data))
                0x0000a75c                _image_size = (_image_end - _image_start)
OUTPUT(mongoose_car.axf elf32-littlearm)

.debug_info     0x00000000    0x16a51
 .debug_info    0x00000000      0x374 ./utilities/fsl_debug_console.o
 .debug_info    0x00000374      0x7d6 ./utilities/fsl_io.o
 .debug_info    0x00000b4a      0x33a ./utilities/fsl_log.o
 .debug_info    0x00000e84      0x534 ./utilities/fsl_str.o
 .debug_info    0x000013b8      0xa06 ./startup/startup_mk82f25615.o
 .debug_info    0x00001dbe     0x12e3 ./source/mongoose_car.o
 .debug_info    0x000030a1       0x3b ./source/semihost_hardfault.o
 .debug_info    0x000030dc     0x13b1 ./sdmmc/src/fsl_sdspi.o
 .debug_info    0x0000448d      0x657 ./fatfs/fatfs_source/diskio.o
 .debug_info    0x00004ae4     0x2048 ./fatfs/fatfs_source/ff.o
 .debug_info    0x00006b2c     0x1413 ./fatfs/fatfs_source/fsl_sdspi_disk.o
 .debug_info    0x00007f3f     0x1fb9 ./drivers/fsl_clock.o
 .debug_info    0x00009ef8     0x2378 ./drivers/fsl_dspi.o
 .debug_info    0x0000c270     0x1363 ./drivers/fsl_ftm.o
 .debug_info    0x0000d5d3      0x61a ./drivers/fsl_gpio.o
 .debug_info    0x0000dbed     0x1cfc ./drivers/fsl_i2c.o
 .debug_info    0x0000f8e9     0x19b3 ./drivers/fsl_lpuart.o
 .debug_info    0x0001129c     0x2207 ./drivers/fsl_sdhc.o
 .debug_info    0x000134a3      0x6f4 ./board/board.o
 .debug_info    0x00013b97      0xb61 ./board/clock_config.o
 .debug_info    0x000146f8     0x11d5 ./board/peripherals.o
 .debug_info    0x000158cd      0xb3a ./board/pin_mux.o
 .debug_info    0x00016407      0x64a ./CMSIS/system_MK82F25615.o

.debug_abbrev   0x00000000     0x2f2e
 .debug_abbrev  0x00000000      0x179 ./utilities/fsl_debug_console.o
 .debug_abbrev  0x00000179      0x1de ./utilities/fsl_io.o
 .debug_abbrev  0x00000357      0x180 ./utilities/fsl_log.o
 .debug_abbrev  0x000004d7      0x197 ./utilities/fsl_str.o
 .debug_abbrev  0x0000066e      0x15c ./startup/startup_mk82f25615.o
 .debug_abbrev  0x000007ca      0x2b3 ./source/mongoose_car.o
 .debug_abbrev  0x00000a7d       0x2f ./source/semihost_hardfault.o
 .debug_abbrev  0x00000aac      0x220 ./sdmmc/src/fsl_sdspi.o
 .debug_abbrev  0x00000ccc      0x1a2 ./fatfs/fatfs_source/diskio.o
 .debug_abbrev  0x00000e6e      0x1fd ./fatfs/fatfs_source/ff.o
 .debug_abbrev  0x0000106b      0x232 ./fatfs/fatfs_source/fsl_sdspi_disk.o
 .debug_abbrev  0x0000129d      0x321 ./drivers/fsl_clock.o
 .debug_abbrev  0x000015be      0x33e ./drivers/fsl_dspi.o
 .debug_abbrev  0x000018fc      0x279 ./drivers/fsl_ftm.o
 .debug_abbrev  0x00001b75      0x1ae ./drivers/fsl_gpio.o
 .debug_abbrev  0x00001d23      0x34f ./drivers/fsl_i2c.o
 .debug_abbrev  0x00002072      0x2d1 ./drivers/fsl_lpuart.o
 .debug_abbrev  0x00002343      0x2b3 ./drivers/fsl_sdhc.o
 .debug_abbrev  0x000025f6      0x167 ./board/board.o
 .debug_abbrev  0x0000275d      0x1f4 ./board/clock_config.o
 .debug_abbrev  0x00002951      0x235 ./board/peripherals.o
 .debug_abbrev  0x00002b86      0x254 ./board/pin_mux.o
 .debug_abbrev  0x00002dda      0x154 ./CMSIS/system_MK82F25615.o

.debug_aranges  0x00000000     0x1430
 .debug_aranges
                0x00000000       0x58 ./utilities/fsl_debug_console.o
 .debug_aranges
                0x00000058       0x48 ./utilities/fsl_io.o
 .debug_aranges
                0x000000a0       0x58 ./utilities/fsl_log.o
 .debug_aranges
                0x000000f8       0x38 ./utilities/fsl_str.o
 .debug_aranges
                0x00000130      0x3c8 ./startup/startup_mk82f25615.o
 .debug_aranges
                0x000004f8       0x78 ./source/mongoose_car.o
 .debug_aranges
                0x00000570       0x20 ./source/semihost_hardfault.o
 .debug_aranges
                0x00000590       0xf8 ./sdmmc/src/fsl_sdspi.o
 .debug_aranges
                0x00000688       0x40 ./fatfs/fatfs_source/diskio.o
 .debug_aranges
                0x000006c8      0x208 ./fatfs/fatfs_source/ff.o
 .debug_aranges
                0x000008d0       0x60 ./fatfs/fatfs_source/fsl_sdspi_disk.o
 .debug_aranges
                0x00000930      0x1f8 ./drivers/fsl_clock.o
 .debug_aranges
                0x00000b28      0x1d0 ./drivers/fsl_dspi.o
 .debug_aranges
                0x00000cf8       0xc0 ./drivers/fsl_ftm.o
 .debug_aranges
                0x00000db8       0x48 ./drivers/fsl_gpio.o
 .debug_aranges
                0x00000e00      0x188 ./drivers/fsl_i2c.o
 .debug_aranges
                0x00000f88      0x138 ./drivers/fsl_lpuart.o
 .debug_aranges
                0x000010c0      0x198 ./drivers/fsl_sdhc.o
 .debug_aranges
                0x00001258       0x28 ./board/board.o
 .debug_aranges
                0x00001280       0x60 ./board/clock_config.o
 .debug_aranges
                0x000012e0       0xa8 ./board/peripherals.o
 .debug_aranges
                0x00001388       0x78 ./board/pin_mux.o
 .debug_aranges
                0x00001400       0x30 ./CMSIS/system_MK82F25615.o

.debug_ranges   0x00000000     0x12c0
 .debug_ranges  0x00000000       0x48 ./utilities/fsl_debug_console.o
 .debug_ranges  0x00000048       0x38 ./utilities/fsl_io.o
 .debug_ranges  0x00000080       0x48 ./utilities/fsl_log.o
 .debug_ranges  0x000000c8       0x28 ./utilities/fsl_str.o
 .debug_ranges  0x000000f0      0x3b8 ./startup/startup_mk82f25615.o
 .debug_ranges  0x000004a8       0x68 ./source/mongoose_car.o
 .debug_ranges  0x00000510       0x10 ./source/semihost_hardfault.o
 .debug_ranges  0x00000520       0xe8 ./sdmmc/src/fsl_sdspi.o
 .debug_ranges  0x00000608       0x30 ./fatfs/fatfs_source/diskio.o
 .debug_ranges  0x00000638      0x1f8 ./fatfs/fatfs_source/ff.o
 .debug_ranges  0x00000830       0x50 ./fatfs/fatfs_source/fsl_sdspi_disk.o
 .debug_ranges  0x00000880      0x1e8 ./drivers/fsl_clock.o
 .debug_ranges  0x00000a68      0x1c0 ./drivers/fsl_dspi.o
 .debug_ranges  0x00000c28       0xb0 ./drivers/fsl_ftm.o
 .debug_ranges  0x00000cd8       0x38 ./drivers/fsl_gpio.o
 .debug_ranges  0x00000d10      0x178 ./drivers/fsl_i2c.o
 .debug_ranges  0x00000e88      0x128 ./drivers/fsl_lpuart.o
 .debug_ranges  0x00000fb0      0x188 ./drivers/fsl_sdhc.o
 .debug_ranges  0x00001138       0x18 ./board/board.o
 .debug_ranges  0x00001150       0x50 ./board/clock_config.o
 .debug_ranges  0x000011a0       0x98 ./board/peripherals.o
 .debug_ranges  0x00001238       0x68 ./board/pin_mux.o
 .debug_ranges  0x000012a0       0x20 ./CMSIS/system_MK82F25615.o

.debug_macro    0x00000000    0x179b6
 .debug_macro   0x00000000      0x127 ./utilities/fsl_debug_console.o
 .debug_macro   0x00000127      0xa90 ./utilities/fsl_debug_console.o
 .debug_macro   0x00000bb7       0x10 ./utilities/fsl_debug_console.o
 .debug_macro   0x00000bc7       0x16 ./utilities/fsl_debug_console.o
 .debug_macro   0x00000bdd       0x10 ./utilities/fsl_debug_console.o
 .debug_macro   0x00000bed      0x12d ./utilities/fsl_debug_console.o
 .debug_macro   0x00000d1a       0x28 ./utilities/fsl_debug_console.o
 .debug_macro   0x00000d42       0x16 ./utilities/fsl_debug_console.o
 .debug_macro   0x00000d58       0x22 ./utilities/fsl_debug_console.o
 .debug_macro   0x00000d7a      0x5b2 ./utilities/fsl_debug_console.o
 .debug_macro   0x0000132c       0x10 ./utilities/fsl_debug_console.o
 .debug_macro   0x0000133c       0x57 ./utilities/fsl_debug_console.o
 .debug_macro   0x00001393       0x1c ./utilities/fsl_debug_console.o
 .debug_macro   0x000013af       0x22 ./utilities/fsl_debug_console.o
 .debug_macro   0x000013d1       0xdf ./utilities/fsl_debug_console.o
 .debug_macro   0x000014b0      0xecf ./utilities/fsl_debug_console.o
 .debug_macro   0x0000237f       0x40 ./utilities/fsl_debug_console.o
 .debug_macro   0x000023bf    0x116e5 ./utilities/fsl_debug_console.o
 .debug_macro   0x00013aa4     0x1373 ./utilities/fsl_debug_console.o
 .debug_macro   0x00014e17       0x52 ./utilities/fsl_debug_console.o
 .debug_macro   0x00014e69      0x171 ./utilities/fsl_debug_console.o
 .debug_macro   0x00014fda       0x7b ./utilities/fsl_debug_console.o
 .debug_macro   0x00015055       0x1c ./utilities/fsl_debug_console.o
 .debug_macro   0x00015071       0x50 ./utilities/fsl_debug_console.o
 .debug_macro   0x000150c1      0x115 ./utilities/fsl_io.o
 .debug_macro   0x000151d6       0x1c ./utilities/fsl_io.o
 .debug_macro   0x000151f2       0x22 ./utilities/fsl_io.o
 .debug_macro   0x00015214       0x10 ./utilities/fsl_io.o
 .debug_macro   0x00015224      0x148 ./utilities/fsl_log.o
 .debug_macro   0x0001536c      0x118 ./utilities/fsl_str.o
 .debug_macro   0x00015484       0xc4 ./utilities/fsl_str.o
 .debug_macro   0x00015548       0x1c ./utilities/fsl_str.o
 .debug_macro   0x00015564       0x29 ./startup/startup_mk82f25615.o
 .debug_macro   0x0001558d      0x260 ./source/mongoose_car.o
 .debug_macro   0x000157ed       0xd8 ./source/mongoose_car.o
 .debug_macro   0x000158c5       0x1c ./source/mongoose_car.o
 .debug_macro   0x000158e1       0x10 ./source/mongoose_car.o
 .debug_macro   0x000158f1      0x2c8 ./source/mongoose_car.o
 .debug_macro   0x00015bb9       0x10 ./source/mongoose_car.o
 .debug_macro   0x00015bc9       0x16 ./source/mongoose_car.o
 .debug_macro   0x00015bdf       0x1c ./source/mongoose_car.o
 .debug_macro   0x00015bfb       0x6a ./source/mongoose_car.o
 .debug_macro   0x00015c65      0x1b1 ./source/mongoose_car.o
 .debug_macro   0x00015e16       0x22 ./source/mongoose_car.o
 .debug_macro   0x00015e38      0x105 ./source/mongoose_car.o
 .debug_macro   0x00015f3d       0xe8 ./source/mongoose_car.o
 .debug_macro   0x00016025       0x11 ./source/semihost_hardfault.o
 .debug_macro   0x00016036      0x13e ./sdmmc/src/fsl_sdspi.o
 .debug_macro   0x00016174       0x22 ./sdmmc/src/fsl_sdspi.o
 .debug_macro   0x00016196      0x14b ./fatfs/fatfs_source/diskio.o
 .debug_macro   0x000162e1       0xb2 ./fatfs/fatfs_source/diskio.o
 .debug_macro   0x00016393       0x22 ./fatfs/fatfs_source/diskio.o
 .debug_macro   0x000163b5      0x4c2 ./fatfs/fatfs_source/ff.o
 .debug_macro   0x00016877       0xef ./fatfs/fatfs_source/ff.o
 .debug_macro   0x00016966       0xb8 ./fatfs/fatfs_source/ff.o
 .debug_macro   0x00016a1e      0x186 ./fatfs/fatfs_source/fsl_sdspi_disk.o
 .debug_macro   0x00016ba4       0x3a ./fatfs/fatfs_source/fsl_sdspi_disk.o
 .debug_macro   0x00016bde      0x1dd ./drivers/fsl_clock.o
 .debug_macro   0x00016dbb      0x108 ./drivers/fsl_dspi.o
 .debug_macro   0x00016ec3      0x109 ./drivers/fsl_ftm.o
 .debug_macro   0x00016fcc      0x109 ./drivers/fsl_gpio.o
 .debug_macro   0x000170d5      0x108 ./drivers/fsl_i2c.o
 .debug_macro   0x000171dd       0x16 ./drivers/fsl_i2c.o
 .debug_macro   0x000171f3      0x109 ./drivers/fsl_lpuart.o
 .debug_macro   0x000172fc      0x120 ./drivers/fsl_sdhc.o
 .debug_macro   0x0001741c       0x64 ./drivers/fsl_sdhc.o
 .debug_macro   0x00017480      0x12c ./board/board.o
 .debug_macro   0x000175ac      0x13a ./board/clock_config.o
 .debug_macro   0x000176e6      0x12a ./board/peripherals.o
 .debug_macro   0x00017810      0x10e ./board/pin_mux.o
 .debug_macro   0x0001791e       0x98 ./CMSIS/system_MK82F25615.o

.debug_line     0x00000000     0x89c2
 .debug_line    0x00000000      0x323 ./utilities/fsl_debug_console.o
 .debug_line    0x00000323      0x2e8 ./utilities/fsl_io.o
 .debug_line    0x0000060b      0x30a ./utilities/fsl_log.o
 .debug_line    0x00000915      0x51b ./utilities/fsl_str.o
 .debug_line    0x00000e30      0x82d ./startup/startup_mk82f25615.o
 .debug_line    0x0000165d      0x447 ./source/mongoose_car.o
 .debug_line    0x00001aa4       0x54 ./source/semihost_hardfault.o
 .debug_line    0x00001af8      0x902 ./sdmmc/src/fsl_sdspi.o
 .debug_line    0x000023fa      0x312 ./fatfs/fatfs_source/diskio.o
 .debug_line    0x0000270c     0x148e ./fatfs/fatfs_source/ff.o
 .debug_line    0x00003b9a      0x3ba ./fatfs/fatfs_source/fsl_sdspi_disk.o
 .debug_line    0x00003f54      0xa25 ./drivers/fsl_clock.o
 .debug_line    0x00004979      0xb48 ./drivers/fsl_dspi.o
 .debug_line    0x000054c1      0x6bd ./drivers/fsl_ftm.o
 .debug_line    0x00005b7e      0x291 ./drivers/fsl_gpio.o
 .debug_line    0x00005e0f      0xa38 ./drivers/fsl_i2c.o
 .debug_line    0x00006847      0x934 ./drivers/fsl_lpuart.o
 .debug_line    0x0000717b      0x97e ./drivers/fsl_sdhc.o
 .debug_line    0x00007af9      0x272 ./board/board.o
 .debug_line    0x00007d6b      0x2e5 ./board/clock_config.o
 .debug_line    0x00008050      0x3ae ./board/peripherals.o
 .debug_line    0x000083fe      0x3a7 ./board/pin_mux.o
 .debug_line    0x000087a5      0x21d ./CMSIS/system_MK82F25615.o

.debug_str      0x00000000    0xa7ae6
 .debug_str     0x00000000    0x94bb0 ./utilities/fsl_debug_console.o
                              0x94d40 (size before relaxing)
 .debug_str     0x00094bb0      0xc68 ./utilities/fsl_io.o
                              0x957bf (size before relaxing)
 .debug_str     0x00095818      0x1d8 ./utilities/fsl_log.o
                              0x94d4f (size before relaxing)
 .debug_str     0x000959f0      0x68d ./utilities/fsl_str.o
                              0x951d3 (size before relaxing)
 .debug_str     0x0009607d      0x9ab ./startup/startup_mk82f25615.o
                               0x3814 (size before relaxing)
 .debug_str     0x00096a28     0x32fb ./source/mongoose_car.o
                              0x982a8 (size before relaxing)
 .debug_str     0x00099d23       0x1f ./source/semihost_hardfault.o
                               0x2dc7 (size before relaxing)
 .debug_str     0x00099d42     0x246d ./sdmmc/src/fsl_sdspi.o
                              0x96e22 (size before relaxing)
 .debug_str     0x0009c1af      0x2d7 ./fatfs/fatfs_source/diskio.o
                              0x9641d (size before relaxing)
 .debug_str     0x0009c486     0x3af1 ./fatfs/fatfs_source/ff.o
                               0x7318 (size before relaxing)
 .debug_str     0x0009ff77      0xa85 ./fatfs/fatfs_source/fsl_sdspi_disk.o
                              0x98c86 (size before relaxing)
 .debug_str     0x000a09fc     0x1b12 ./drivers/fsl_clock.o
                              0x96edd (size before relaxing)
 .debug_str     0x000a250e     0x12d0 ./drivers/fsl_dspi.o
                              0x96d5a (size before relaxing)
 .debug_str     0x000a37de      0x9a2 ./drivers/fsl_ftm.o
                              0x960c1 (size before relaxing)
 .debug_str     0x000a4180      0x109 ./drivers/fsl_gpio.o
                              0x9504e (size before relaxing)
 .debug_str     0x000a4289      0xb8e ./drivers/fsl_i2c.o
                              0x96623 (size before relaxing)
 .debug_str     0x000a4e17      0x912 ./drivers/fsl_lpuart.o
                              0x968eb (size before relaxing)
 .debug_str     0x000a5729     0x189c ./drivers/fsl_sdhc.o
                              0x972ca (size before relaxing)
 .debug_str     0x000a6fc5       0x4c ./board/board.o
                              0x96068 (size before relaxing)
 .debug_str     0x000a7011      0x334 ./board/clock_config.o
                              0x957d2 (size before relaxing)
 .debug_str     0x000a7345      0x1d7 ./board/peripherals.o
                              0x96575 (size before relaxing)
 .debug_str     0x000a751c      0x50b ./board/pin_mux.o
                              0x959c7 (size before relaxing)
 .debug_str     0x000a7a27       0xbf ./CMSIS/system_MK82F25615.o
                              0x939d2 (size before relaxing)

.comment        0x00000000       0x7e
 .comment       0x00000000       0x7e ./utilities/fsl_debug_console.o
                                 0x7f (size before relaxing)
 .comment       0x0000007e       0x7f ./utilities/fsl_io.o
 .comment       0x0000007e       0x7f ./utilities/fsl_log.o
 .comment       0x0000007e       0x7f ./utilities/fsl_str.o
 .comment       0x0000007e       0x7f ./startup/startup_mk82f25615.o
 .comment       0x0000007e       0x7f ./source/mongoose_car.o
 .comment       0x0000007e       0x7f ./source/semihost_hardfault.o
 .comment       0x0000007e       0x7f ./sdmmc/src/fsl_sdspi.o
 .comment       0x0000007e       0x7f ./fatfs/fatfs_source/diskio.o
 .comment       0x0000007e       0x7f ./fatfs/fatfs_source/ff.o
 .comment       0x0000007e       0x7f ./fatfs/fatfs_source/fsl_sdspi_disk.o
 .comment       0x0000007e       0x7f ./drivers/fsl_clock.o
 .comment       0x0000007e       0x7f ./drivers/fsl_dspi.o
 .comment       0x0000007e       0x7f ./drivers/fsl_ftm.o
 .comment       0x0000007e       0x7f ./drivers/fsl_gpio.o
 .comment       0x0000007e       0x7f ./drivers/fsl_i2c.o
 .comment       0x0000007e       0x7f ./drivers/fsl_lpuart.o
 .comment       0x0000007e       0x7f ./drivers/fsl_sdhc.o
 .comment       0x0000007e       0x7f ./board/board.o
 .comment       0x0000007e       0x7f ./board/clock_config.o
 .comment       0x0000007e       0x7f ./board/peripherals.o
 .comment       0x0000007e       0x7f ./board/pin_mux.o
 .comment       0x0000007e       0x7f ./CMSIS/system_MK82F25615.o
 .comment       0x0000007e       0x7f e:/nxp/mcuxpressoide_10.2.1_795/ide/tools/bin/../lib/gcc/arm-none-eabi/7.2.1/../../../../arm-none-eabi/lib/thumb/v7e-m/fpv4-sp/hard\libcr_nohost_nf.a(_cr__main.o)
 .comment       0x0000007e       0x7f e:/nxp/mcuxpressoide_10.2.1_795/ide/tools/bin/../lib/gcc/arm-none-eabi/7.2.1/../../../../arm-none-eabi/lib/thumb/v7e-m/fpv4-sp/hard\libcr_nohost_nf.a(_cr_assert.o)
 .comment       0x0000007e       0x7f e:/nxp/mcuxpressoide_10.2.1_795/ide/tools/bin/../lib/gcc/arm-none-eabi/7.2.1/../../../../arm-none-eabi/lib/thumb/v7e-m/fpv4-sp/hard\libcr_nohost_nf.a(__ciob.o)
 .comment       0x0000007e       0x7f e:/nxp/mcuxpressoide_10.2.1_795/ide/tools/bin/../lib/gcc/arm-none-eabi/7.2.1/../../../../arm-none-eabi/lib/thumb/v7e-m/fpv4-sp/hard\libcr_nohost_nf.a(__sys_appexit.o)
 .comment       0x0000007e       0x7f e:/nxp/mcuxpressoide_10.2.1_795/ide/tools/bin/../lib/gcc/arm-none-eabi/7.2.1/../../../../arm-none-eabi/lib/thumb/v7e-m/fpv4-sp/hard\libcr_c.a(memset.o)
 .comment       0x0000007e       0x7f e:/nxp/mcuxpressoide_10.2.1_795/ide/tools/bin/../lib/gcc/arm-none-eabi/7.2.1/../../../../arm-none-eabi/lib/thumb/v7e-m/fpv4-sp/hard\libcr_c.a(_deferredlazyseek.o)
 .comment       0x0000007e       0x7f e:/nxp/mcuxpressoide_10.2.1_795/ide/tools/bin/../lib/gcc/arm-none-eabi/7.2.1/../../../../arm-none-eabi/lib/thumb/v7e-m/fpv4-sp/hard\libcr_c.a(_fflush.o)
 .comment       0x0000007e       0x7f e:/nxp/mcuxpressoide_10.2.1_795/ide/tools/bin/../lib/gcc/arm-none-eabi/7.2.1/../../../../arm-none-eabi/lib/thumb/v7e-m/fpv4-sp/hard\libcr_c.a(_writebuf.o)
 .comment       0x0000007e       0x7f e:/nxp/mcuxpressoide_10.2.1_795/ide/tools/bin/../lib/gcc/arm-none-eabi/7.2.1/../../../../arm-none-eabi/lib/thumb/v7e-m/fpv4-sp/hard\libcr_c.a(alloc.o)
 .comment       0x0000007e       0x7f e:/nxp/mcuxpressoide_10.2.1_795/ide/tools/bin/../lib/gcc/arm-none-eabi/7.2.1/../../../../arm-none-eabi/lib/thumb/v7e-m/fpv4-sp/hard\libcr_c.a(fputs.o)
 .comment       0x0000007e       0x7f e:/nxp/mcuxpressoide_10.2.1_795/ide/tools/bin/../lib/gcc/arm-none-eabi/7.2.1/../../../../arm-none-eabi/lib/thumb/v7e-m/fpv4-sp/hard\libcr_c.a(fseek.o)
 .comment       0x0000007e       0x7f e:/nxp/mcuxpressoide_10.2.1_795/ide/tools/bin/../lib/gcc/arm-none-eabi/7.2.1/../../../../arm-none-eabi/lib/thumb/v7e-m/fpv4-sp/hard\libcr_c.a(ftell.o)
 .comment       0x0000007e       0x7f e:/nxp/mcuxpressoide_10.2.1_795/ide/tools/bin/../lib/gcc/arm-none-eabi/7.2.1/../../../../arm-none-eabi/lib/thumb/v7e-m/fpv4-sp/hard\libcr_c.a(initio.o)
 .comment       0x0000007e       0x7f e:/nxp/mcuxpressoide_10.2.1_795/ide/tools/bin/../lib/gcc/arm-none-eabi/7.2.1/../../../../arm-none-eabi/lib/thumb/v7e-m/fpv4-sp/hard\libcr_c.a(setvbuf.o)
 .comment       0x0000007e       0x7f e:/nxp/mcuxpressoide_10.2.1_795/ide/tools/bin/../lib/gcc/arm-none-eabi/7.2.1/../../../../arm-none-eabi/lib/thumb/v7e-m/fpv4-sp/hard\libcr_c.a(strlen.o)
 .comment       0x0000007e       0x7f e:/nxp/mcuxpressoide_10.2.1_795/ide/tools/bin/../lib/gcc/arm-none-eabi/7.2.1/../../../../arm-none-eabi/lib/thumb/v7e-m/fpv4-sp/hard\libcr_c.a(__init_alloc.o)